Microchip Technology Inc, v2.10 (B)

Tool Name:
  c:\program files\microchip\xc16\v2.10\bin\bin\..\bin/elf-ld.exe

Command:
  -p33FJ128MC804 \
  --mdfp=D:/Microchip/packs/Microchip/dsPIC33F-GP-MC_DFP/1.3.64/xc16 \
  -o \
  dist/XC16_dsPIC33FJ128MC804/debug/CarteAutomCDF2025_MC.X.debug.elf \
  -Lc:/program files/microchip/xc16/v2.10/bin/bin/.. \
  -LD:/Microchip/packs/Microchip/dsPIC33F-GP-MC_DFP/1.3.64/xc16/bin/../support/PIC24H/gld \
  -LD:/Microchip/packs/Microchip/dsPIC33F-GP-MC_DFP/1.3.64/xc16/bin/../support/dsPIC33F/gld \
  -Lc:/program files/microchip/xc16/v2.10/bin/bin/../../lib \
  -Lc:/program files/microchip/xc16/v2.10/bin/bin/../../support/PIC24E/gld \
  -Lc:/program files/microchip/xc16/v2.10/bin/bin/../../support/PIC24F/gld \
  -Lc:/program files/microchip/xc16/v2.10/bin/bin/../../support/PIC24H/gld \
  -Lc:/program files/microchip/xc16/v2.10/bin/bin/../../support/dsPIC30F/gld \
  -Lc:/program files/microchip/xc16/v2.10/bin/bin/../../support/dsPIC33C/gld \
  -Lc:/program files/microchip/xc16/v2.10/bin/bin/../../support/dsPIC33E/gld \
  -Lc:/program files/microchip/xc16/v2.10/bin/bin/../../support/dsPIC33F/gld \
  build/XC16_dsPIC33FJ128MC804/debug/main.o \
  build/XC16_dsPIC33FJ128MC804/debug/system.o \
  build/XC16_dsPIC33FJ128MC804/debug/traps.o \
  build/XC16_dsPIC33FJ128MC804/debug/user.o \
  build/XC16_dsPIC33FJ128MC804/debug/interrupts.o \
  build/XC16_dsPIC33FJ128MC804/debug/gestion_AX12.o \
  build/XC16_dsPIC33FJ128MC804/debug/Uart_1.o \
  build/XC16_dsPIC33FJ128MC804/debug/pump.o \
  build/XC16_dsPIC33FJ128MC804/debug/pmw.o \
  build/XC16_dsPIC33FJ128MC804/debug/serialusM2M.o \
  build/XC16_dsPIC33FJ128MC804/debug/autom.o \
  build/XC16_dsPIC33FJ128MC804/debug/asserv.o \
  build/XC16_dsPIC33FJ128MC804/debug/codeurs.o \
  build/XC16_dsPIC33FJ128MC804/debug/ascenseur_params.o \
  build/XC16_dsPIC33FJ128MC804/debug/ascenseur_asserv.o \
  --defsym=__MPLAB_BUILD=1 \
  --defsym=__MPLAB_DEBUG=1 \
  --defsym=__DEBUG=1 \
  --defsym=__MPLAB_DEBUGGER_SIMULATOR=1 \
  -Tp33FJ128MC804.gld.00 \
  --stack=16 \
  --check-sections \
  --data-init \
  --pack-data \
  --handles \
  --isr \
  --no-gc-sections \
  --fill-upper=0 \
  --stackguard=16 \
  --no-force-link \
  --smart-io \
  -Map=dist/XC16_dsPIC33FJ128MC804/debug/CarteAutomCDF2025_MC.X.debug.map \
  --memorysummary \
  dist/XC16_dsPIC33FJ128MC804/debug/memoryfile.xml \
  -start-group \
  --library=c99-pic30-elf \
  --library=m-elf \
  --library=c99-elf \
  -end-group \


Optional library libp33FJ128MC804.a not found
Archive member included because of file (symbol)

c:/program files/microchip/xc16/v2.10/bin/bin/../../lib\libc99-pic30-elf.a(crt0_standard.o)
                              (__resetPRI)
c:/program files/microchip/xc16/v2.10/bin/bin/../../lib\libc99-pic30-elf.a(data_init_standard.o)
                              c:/program files/microchip/xc16/v2.10/bin/bin/../../lib\libc99-pic30-elf.a(crt0_standard.o) (__data_init_standard)
c:/program files/microchip/xc16/v2.10/bin/bin/../../lib\libc99-pic30-elf.a(crt_start_mode_normal.Meo)
                              (__crt_start_mode_normal)
c:/program files/microchip/xc16/v2.10/bin/bin/../../lib\libc99-pic30-elf.a(delay32.Meo)
                              build/XC16_dsPIC33FJ128MC804/debug/main.o (___delay32)
c:/program files/microchip/xc16/v2.10/bin/bin/../../lib\libc99-pic30-elf.a(deqltle.XX_o)
                              build/XC16_dsPIC33FJ128MC804/debug/asserv.o (___eqdf2)
c:/program files/microchip/xc16/v2.10/bin/bin/../../lib\libc99-pic30-elf.a(dgtge.XX_o)
                              build/XC16_dsPIC33FJ128MC804/debug/pmw.o (___gtdf2)
c:/program files/microchip/xc16/v2.10/bin/bin/../../lib\libc99-pic30-elf.a(extendsfdf.XX_o)
                              build/XC16_dsPIC33FJ128MC804/debug/gestion_AX12.o (___extendsfdf2)
c:/program files/microchip/xc16/v2.10/bin/bin/../../lib\libc99-pic30-elf.a(fixdfsi.XX_o)
                              build/XC16_dsPIC33FJ128MC804/debug/gestion_AX12.o (_(float, int, long long, double, float, short, int))
c:/program files/microchip/xc16/v2.10/bin/bin/../../lib\libc99-pic30-elf.a(fixsfsi.XX_o)
                              build/XC16_dsPIC33FJ128MC804/debug/gestion_AX12.o (_(float, int, long long, short, float, short, int))
c:/program files/microchip/xc16/v2.10/bin/bin/../../lib\libc99-pic30-elf.a(fixunsdfdi.XX_o)
                              build/XC16_dsPIC33FJ128MC804/debug/asserv.o (___fixunsdfdi)
c:/program files/microchip/xc16/v2.10/bin/bin/../../lib\libc99-pic30-elf.a(fixunsdfsi.XX_o)
                              build/XC16_dsPIC33FJ128MC804/debug/pmw.o (___fixunsdfsi)
c:/program files/microchip/xc16/v2.10/bin/bin/../../lib\libc99-pic30-elf.a(floatsidf.XX_o)
                              build/XC16_dsPIC33FJ128MC804/debug/serialusM2M.o (___floatsidf)
c:/program files/microchip/xc16/v2.10/bin/bin/../../lib\libc99-pic30-elf.a(floatsisf.XX_o)
                              build/XC16_dsPIC33FJ128MC804/debug/gestion_AX12.o (___floatsisf)
[...]
Memory Configuration

Name             Origin             Length             Attributes
data             0x000800           0x004000           a !xr
reset            0x000000           0x000004  
ivt              0x000004           0x0000fc  
_reserved        0x000100           0x000004  
aivt             0x000104           0x0000fc  
program          0x000200           0x015600           xr
FBS              0xf80000           0x000002  
FSS              0xf80002           0x000002  
FGS              0xf80004           0x000002  
FOSCSEL          0xf80006           0x000002  
FOSC             0xf80008           0x000002  
FWDT             0xf8000a           0x000002  
FPOR             0xf8000c           0x000002  
FICD             0xf8000e           0x000002  
FUID0            0xf80010           0x000002  
FUID1            0xf80012           0x000002  
FUID2            0xf80014           0x000002  
FUID3            0xf80016           0x000002  
*default*        0x000000           0xffffffff  

Linker script and memory map

LOAD build/XC16_dsPIC33FJ128MC804/debug/main.o
LOAD build/XC16_dsPIC33FJ128MC804/debug/system.o
LOAD build/XC16_dsPIC33FJ128MC804/debug/traps.o
LOAD build/XC16_dsPIC33FJ128MC804/debug/user.o
LOAD build/XC16_dsPIC33FJ128MC804/debug/interrupts.o
LOAD build/XC16_dsPIC33FJ128MC804/debug/gestion_AX12.o
LOAD build/XC16_dsPIC33FJ128MC804/debug/Uart_1.o
LOAD build/XC16_dsPIC33FJ128MC804/debug/pump.o
LOAD build/XC16_dsPIC33FJ128MC804/debug/pmw.o
LOAD build/XC16_dsPIC33FJ128MC804/debug/serialusM2M.o
LOAD build/XC16_dsPIC33FJ128MC804/debug/autom.o
LOAD build/XC16_dsPIC33FJ128MC804/debug/asserv.o
LOAD build/XC16_dsPIC33FJ128MC804/debug/codeurs.o
LOAD build/XC16_dsPIC33FJ128MC804/debug/ascenseur_params.o
LOAD build/XC16_dsPIC33FJ128MC804/debug/ascenseur_asserv.o
                    0x0001                  __MPLAB_BUILD = 0x1
                    0x0001                  __MPLAB_DEBUG = 0x1
                    0x0001                  __DEBUG = 0x1
                    0x0001                  __MPLAB_DEBUGGER_SIMULATOR = 0x1
LOAD p33FJ128MC804
LOAD c:/program files/microchip/xc16/v2.10/bin/bin/../../lib\libfx-elf.a
                    0xf80000                  __FBS = 0xf80000
                    0xf80002                  __FSS = 0xf80002
                    0xf80004                  __FGS = 0xf80004
                    0xf80006                  __FOSCSEL = 0xf80006
                    0xf80008                  __FOSC = 0xf80008
                    0xf8000a                  __FWDT = 0xf8000a
                    0xf8000c                  __FPOR = 0xf8000c
                    0xf8000e                  __FICD = 0xf8000e
                    0xf80010                  __FUID0 = 0xf80010
                    0xf80012                  __FUID1 = 0xf80012
                    0xf80014                  __FUID2 = 0xf80014
                    0xf80016                  __FUID3 = 0xf80016
                    0x0200                  __CODE_BASE = 0x200
                    0x15600                  __CODE_LENGTH = 0x15600
                    0x0004                  __IVT_BASE = 0x4
                    0x0104                  __AIVT_BASE = 0x104
                    0x0800                  __DATA_BASE = 0x800
                    0x4000                  __DATA_LENGTH = 0x4000
                    0x2800                  __YDATA_BASE = 0x2800
                    0x4000                  __DMA_BASE = 0x4000
                    0x47ff                  __DMA_END = 0x47ff

.reset            0x000000          0x4
                  0x000000          0x2 SHORT 0x200 ABSOLUTE (__reset)
                  0x000001          0x2 SHORT 0x4
                  0x000002          0x2 SHORT 0x0 ((ABSOLUTE (__reset) >> 0x10) & 0x7f)
                  0x000003          0x2 SHORT 0x0

.text             0x000200       0x562e
 *(.init)
 .init            0x000200         0x4c c:/program files/microchip/xc16/v2.10/bin/bin/../../lib\libc99-pic30-elf.a(crt0_standard.o)
                  0x000200                  __resetPRI
                  0x000200                  __reset
                  0x00023c                  __psv_init
 .init            0x00024c         0x7c c:/program files/microchip/xc16/v2.10/bin/bin/../../lib\libc99-pic30-elf.a(data_init_standard.o)
                  0x000252                  __data_init_standard
                  0x000252                  __data_init
 *(.user_init)
 *(.handle)
 .handle          0x0002c8          0xc jump_table
 *(.isr*)
 .isr.text        0x0002d4         0x40 build/XC16_dsPIC33FJ128MC804/debug/traps.o
                  0x0002d4                  __OscillatorFail
                  0x0002da                  __AddressError
                  0x0002e0                  __StackError
                  0x0002e6                  __MathError
                  0x0002ec                  __DMACError
                  0x0002f2                  __AltOscillatorFail
                  0x0002f8                  __AltAddressError
                  0x0002fe                  __AltStackError
                  0x000304                  __AltMathError
                  0x00030a                  __AltDMACError
                  0x000310                  __DefaultInterrupt
 .isr.text        0x000314        0x1b4 build/XC16_dsPIC33FJ128MC804/debug/interrupts.o
                  0x000314                  __T1Interrupt
                  0x000378                  __T2Interrupt
                  0x000380                  __T3Interrupt
                  0x0003a2                  __T4Interrupt
                  0x000410                  __T5Interrupt
                  0x00041c                  __QEI1Interrupt
                  0x00044c                  __U1RXInterrupt
                  0x000474                  __U2RXInterrupt
                  0x000496                  __U2TXInterrupt
                  0x0004a8                  __INT1Interrupt
                  0x0004b8                  __INT2Interrupt
 *(.libc)
 .libc            0x0004c8         0x12 c:/program files/microchip/xc16/v2.10/bin/bin/../../lib\libc99-pic30-elf.a(close.dMeo)
                  0x0004c8                  _close
 .libc            0x0004da         0x84 c:/program files/microchip/xc16/v2.10/bin/bin/../../lib\libc99-pic30-elf.a(write.dMeo)
                  0x0004da                  _write
 *(.libm)
 *(.libdsp)
 *(.lib*)
 .libpic30_crt_start_mode
                  0x00055e          0x2 c:/program files/microchip/xc16/v2.10/bin/bin/../../lib\libc99-pic30-elf.a(crt_start_mode_normal.Meo)
                  0x00055e                  __crt_start_mode
                  0x00055e                  __crt_start_mode_normal
 .libm.eqdf2      0x000560          0xa c:/program files/microchip/xc16/v2.10/bin/bin/../../lib\libc99-pic30-elf.a(deqltle.XX_o)
                  0x000560                  ___eqdf2
                  0x000560                  ___ltdf2
                  0x000560                  ___ledf2
 .libm.gtdf2      0x00056a          0xa c:/program files/microchip/xc16/v2.10/bin/bin/../../lib\libc99-pic30-elf.a(dgtge.XX_o)
                  0x00056a                  ___gtdf2
                  0x00056a                  ___gedf2
 .libm.extendsfdf2
                  0x000574         0x3e c:/program files/microchip/xc16/v2.10/bin/bin/../../lib\libc99-pic30-elf.a(extendsfdf.XX_o)
                  0x000574                  ___extendsfdf2
 .libm.fixdfsi    0x0005b2         0x58 c:/program files/microchip/xc16/v2.10/bin/bin/../../lib\libc99-pic30-elf.a(fixdfsi.XX_o)
                  0x0005b2                  _(float, int, long long, double, float, short, int)
 .libm.fixsfsi    0x00060a         0x42 c:/program files/microchip/xc16/v2.10/bin/bin/../../lib\libc99-pic30-elf.a(fixsfsi.XX_o)
                  0x00060a                  _(float, int, long long, short, float, short, int)
 .libm.fixunsdfdi
                  0x00064c         0x62 c:/program files/microchip/xc16/v2.10/bin/bin/../../lib\libc99-pic30-elf.a(fixunsdfdi.XX_o)
                  0x00064c                  ___fixunsdfdi
 .libm.fixunsdfsi
                  0x0006ae         0x4c c:/program files/microchip/xc16/v2.10/bin/bin/../../lib\libc99-pic30-elf.a(fixunsdfsi.XX_o)
                  0x0006ae                  ___fixunsdfsi
 .libm.floatsidf
                  0x0006fa          0x6 c:/program files/microchip/xc16/v2.10/bin/bin/../../lib\libc99-pic30-elf.a(floatsidf.XX_o)
                  0x0006fa                  ___floatsidf
 .libm.floatsisf
                  0x000700          0x6 c:/program files/microchip/xc16/v2.10/bin/bin/../../lib\libc99-pic30-elf.a(floatsisf.XX_o)
                  0x000700                  ___floatsisf
 .libm.floatunsidf
                  0x000706          0x4 c:/program files/microchip/xc16/v2.10/bin/bin/../../lib\libc99-pic30-elf.a(floatunsidf.XX_o)
                  0x000706                  ___floatunsidf
 .libm.floatunsisf
                  0x00070a          0x4 c:/program files/microchip/xc16/v2.10/bin/bin/../../lib\libc99-pic30-elf.a(floatunsisf.XX_o)
                  0x00070a                  ___floatunsisf
 .libm.funpack    0x00070e         0x2a c:/program files/microchip/xc16/v2.10/bin/bin/../../lib\libc99-pic30-elf.a(funpack.XX_o)
                  0x00070e                  __funpack
 .libm.truncdfsf2
                  0x000738         0x56 c:/program files/microchip/xc16/v2.10/bin/bin/../../lib\libc99-pic30-elf.a(truncdfsf.XX_o)
                  0x000738                  ___truncdfsf2
 .lib_dpfops      0x00078e         0xa2 c:/program files/microchip/xc16/v2.10/bin/bin/../../lib\libc99-pic30-elf.a(dpadd.XX_o)
                  0x00078e                  ___subdf3
                  0x00079a                  ___adddf3
 .lib_dpfops      0x000830        0x15e c:/program files/microchip/xc16/v2.10/bin/bin/../../lib\libc99-pic30-elf.a(dpdiv.XX_o)
                  0x000830                  ___divdf3
 .lib_dpfops      0x00098e        0x11a c:/program files/microchip/xc16/v2.10/bin/bin/../../lib\libc99-pic30-elf.a(dpmul.XX_o)
                  0x00098e                  ___muldf3
 .lib_dpfops      0x000aa8        0x128 c:/program files/microchip/xc16/v2.10/bin/bin/../../lib\libc99-pic30-elf.a(dpsubs.XX_o)
                  0x000ac2                  __dxchg
                  0x000ad0                  __drshft
                  0x000b2a                  __dupchk
                  0x000b8c                  __drndex
                  0x000b96                  __dnsrnd
                  0x000bc2                  __dpakex
 .libmx           0x000bd0        0x1dc c:/program files/microchip/xc16/v2.10/bin/bin/../../lib\libc99-pic30-elf.a(addsf3x.XX_o)
                  0x000bd0                  ___subsf3x
                  0x000bd0                  ___subsf3
                  0x000be2                  ___addsf3x
                  0x000be2                  ___addsf3
 .libmx           0x000dac        0x1be c:/program files/microchip/xc16/v2.10/bin/bin/../../lib\libc99-pic30-elf.a(divsf3x.XX_o)
                  0x000dac                  ___divsf3x
                  0x000dac                  ___divsf3
                  0x000f3e                  __sdivf
 .libmx           0x000f6a        0x10c c:/program files/microchip/xc16/v2.10/bin/bin/../../lib\libc99-pic30-elf.a(mulsf3x.XX_o)
                  0x000f6a                  ___mulsf3x
                  0x000f6a                  ___mulsf3
 .libmx           0x001076         0x54 c:/program files/microchip/xc16/v2.10/bin/bin/../../lib\libc99-pic30-elf.a(dnrmpackfx.XX_o)
                  0x001076                  __dnrmpackf
 .libmx           0x0010ca         0x5e c:/program files/microchip/xc16/v2.10/bin/bin/../../lib\libc99-pic30-elf.a(unpackdnrmfx.XX_o)
                  0x0010ca                  __unpackdnrmf
 .libmx           0x001128         0x34 c:/program files/microchip/xc16/v2.10/bin/bin/../../lib\libc99-pic30-elf.a(typefx.XX_o)
                  0x001128                  __typef
 .libmx           0x00115c         0x12 c:/program files/microchip/xc16/v2.10/bin/bin/../../lib\libc99-pic30-elf.a(propnanfx.XX_o)
                  0x00115c                  __propnanf
 .libmx           0x00116e         0xa6 c:/program files/microchip/xc16/v2.10/bin/bin/../../lib\libc99-pic30-elf.a(spackfx.XX_o)
                  0x00116e                  __spackf
 .libmx           0x001214         0x66 c:/program files/microchip/xc16/v2.10/bin/bin/../../lib\libc99-pic30-elf.a(unpackfx.XX_o)
                  0x001214                  __unpackf
 .libm.__PplusBdi
                  0x00127a         0x26 c:/program files/microchip/xc16/v2.10/bin/bin/../../lib\libc99-pic30-elf.a(divmoddi3.dXX_o)
 .libm.__PminusBdi
                  0x0012a0         0x26 c:/program files/microchip/xc16/v2.10/bin/bin/../../lib\libc99-pic30-elf.a(divmoddi3.dXX_o)
 .libm.__udivmoddi3
                  0x0012c6         0xe6 c:/program files/microchip/xc16/v2.10/bin/bin/../../lib\libc99-pic30-elf.a(divmoddi3.dXX_o)
                  0x0012c6                  ___udivmoddi3
 .libm.__udivdi3
                  0x0013ac          0xe c:/program files/microchip/xc16/v2.10/bin/bin/../../lib\libc99-pic30-elf.a(divmoddi3.dXX_o)
                  0x0013ac                  ___udivdi3
 .libm.__umoddi3
                  0x0013ba          0x8 c:/program files/microchip/xc16/v2.10/bin/bin/../../lib\libc99-pic30-elf.a(divmoddi3.dXX_o)
                  0x0013ba                  ___umoddi3
 .libm.__divdi3
                  0x0013c2         0x60 c:/program files/microchip/xc16/v2.10/bin/bin/../../lib\libc99-pic30-elf.a(divmoddi3.dXX_o)
                  0x0013c2                  ___divdi3
 .libm.__moddi3
                  0x001422         0x5c c:/program files/microchip/xc16/v2.10/bin/bin/../../lib\libc99-pic30-elf.a(divmoddi3.dXX_o)
                  0x001422                  ___moddi3
 .libm.dcompare
                  0x00147e         0x52 c:/program files/microchip/xc16/v2.10/bin/bin/../../lib\libc99-pic30-elf.a(dcompare.XX_o)
                  0x00147e                  __dcompare
 .libm.dtype      0x0014d0         0x24 c:/program files/microchip/xc16/v2.10/bin/bin/../../lib\libc99-pic30-elf.a(dtype.XX_o)
                  0x0014d0                  __dtype
 .libm.dunpack    0x0014f4         0x4e c:/program files/microchip/xc16/v2.10/bin/bin/../../lib\libc99-pic30-elf.a(dunpack.XX_o)
                  0x0014f4                  __dunpack
 .libm.dunpack2
                  0x001542         0x32 c:/program files/microchip/xc16/v2.10/bin/bin/../../lib\libc99-pic30-elf.a(dunpack2.XX_o)
                  0x001542                  __dunpack2
                  0x001564                  __dreturnNaN
                  0x00156a                  __dunpack2exit
 .libm.floatdidf
                  0x001574         0x20 c:/program files/microchip/xc16/v2.10/bin/bin/../../lib\libc99-pic30-elf.a(floatdidf.XX_o)
                  0x001574                  ___floatdidf
 .libm.floatdisf
                  0x001594         0x20 c:/program files/microchip/xc16/v2.10/bin/bin/../../lib\libc99-pic30-elf.a(floatdisf.XX_o)
                  0x001594                  ___floatdisf
 .libm.floatundidf
                  0x0015b4         0x56 c:/program files/microchip/xc16/v2.10/bin/bin/../../lib\libc99-pic30-elf.a(floatundidf.XX_o)
                  0x0015b4                  ___floatundidf
 .libm.floatundisf
                  0x00160a         0x5e c:/program files/microchip/xc16/v2.10/bin/bin/../../lib\libc99-pic30-elf.a(floatundisf.XX_o)
                  0x00160a                  ___floatundisf
 .libm.fpack      0x001668         0x4c c:/program files/microchip/xc16/v2.10/bin/bin/../../lib\libc99-pic30-elf.a(fpack.XX_o)
                  0x001668                  __fpack
 .libm.dpack      0x0016b4         0x58 c:/program files/microchip/xc16/v2.10/bin/bin/../../lib\libc99-pic30-elf.a(dpack.XX_o)
                  0x0016b4                  __dpack
 .libm.dPropagateNaN
                  0x00170c         0x1c c:/program files/microchip/xc16/v2.10/bin/bin/../../lib\libc99-pic30-elf.a(dpropagateNaN.XX_o)
                  0x00170c                  __dPropagateNaN
 .libc.__LONG_DOUBLE_BITS
                  0x001728          0x2 c:/program files/microchip/xc16/v2.10/bin/bin/../../lib\libm-elf.a(atan2.dXX_o)
 .libc.atan2      0x00172a        0x25c c:/program files/microchip/xc16/v2.10/bin/bin/../../lib\libm-elf.a(atan2.dXX_o)
                  0x00172a                  _atan2
 .libc.cos        0x001986         0xbe c:/program files/microchip/xc16/v2.10/bin/bin/../../lib\libm-elf.a(cos.dXX_o)
                  0x001986                  _cos
 .libc.fabs       0x001a44         0x16 c:/program files/microchip/xc16/v2.10/bin/bin/../../lib\libm-elf.a(fabs.dXX_o)
                  0x001a44                  _fabs
 .libc.sin        0x001a5a        0x102 c:/program files/microchip/xc16/v2.10/bin/bin/../../lib\libm-elf.a(sin.dXX_o)
                  0x001a5a                  _sin
 .libc.sqrt       0x001b5c        0x2fc c:/program files/microchip/xc16/v2.10/bin/bin/../../lib\libm-elf.a(sqrt.dXX_o)
                  0x001b5c                  _sqrt
 .libc.__cos      0x001e58        0x17a c:/program files/microchip/xc16/v2.10/bin/bin/../../lib\libm-elf.a(__cos.dXX_o)
                  0x001e58                  ___cos
 .libc.__rem_pio2
                  0x001fd2        0x52e c:/program files/microchip/xc16/v2.10/bin/bin/../../lib\libm-elf.a(__rem_pio2.dXX_o)
                  0x001fd2                  ___rem_pio2
 .libc.__sin      0x002500        0x19c c:/program files/microchip/xc16/v2.10/bin/bin/../../lib\libm-elf.a(__sin.dXX_o)
                  0x002500                  ___sin
 .libc.__LONG_DOUBLE_BITS
                  0x00269c          0x2 c:/program files/microchip/xc16/v2.10/bin/bin/../../lib\libm-elf.a(atan.dXX_o)
 .libc.atan       0x00269e        0x32e c:/program files/microchip/xc16/v2.10/bin/bin/../../lib\libm-elf.a(atan.dXX_o)
                  0x00269e                  _atan
 .libc.__wrap_printf
                  0x0029cc         0x10 c:/program files/microchip/xc16/v2.10/bin/bin/../../lib\libc99-elf.a(__sio_printf_dfosux.dXX_o)
                  0x0029cc                  __dprintf_cdfFnopsuxX
                  0x0029cc                  __dprintf_cdeEfFgGnopsuxX
                  0x0029cc                  __dprintf_cdgGnopsuxX
                  0x0029cc                  __dprintf_cdeEfFnopsuxX
                  0x0029cc                  __dprintf_cdfFgGnopsuxX
                  0x0029cc                  __printf_cdeEgGnopsuxX
                  0x0029cc                  __printf_cdeEnopsuxX
                  0x0029cc                  __printf_cdeEfFnopsuxX
                  0x0029cc                  __printf_cdfFgGnopsuxX
                  0x0029cc                  __dprintf_cdeEnopsuxX
                  0x0029cc                  __printf_cdeEfFgGnopsuxX
                  0x0029cc                  __printf_cdgGnopsuxX
                  0x0029cc                  __dprintf_cdeEgGnopsuxX
                  0x0029cc                  __printf_cdfFnopsuxX
 .libc.__sio_printf_dfosux
                  0x0029dc         0x12 c:/program files/microchip/xc16/v2.10/bin/bin/../../lib\libc99-elf.a(__sio_printf_dfosux.dXX_o)
                  0x0029dc                  ___sio_printf_dfosux
 .libc.__wrap_printf
                  0x0029ee         0x10 c:/program files/microchip/xc16/v2.10/bin/bin/../../lib\libc99-elf.a(__sio_printf_dfoux.dXX_o)
                  0x0029ee                  __printf_cdgGnopuxX
                  0x0029ee                  __printf_cdeEfFgGnopuxX
                  0x0029ee                  __printf_cdfFnopuxX
                  0x0029ee                  __dprintf_cdeEfFgGnopuxX
                  0x0029ee                  __dprintf_cdgGnopuxX
                  0x0029ee                  __dprintf_cdeEgGnopuxX
                  0x0029ee                  __dprintf_cdeEfFnopuxX
                  0x0029ee                  __printf_cdeEgGnopuxX
                  0x0029ee                  __printf_cdeEnopuxX
                  0x0029ee                  __printf_cdeEfFnopuxX
                  0x0029ee                  __dprintf_cdfFnopuxX
                  0x0029ee                  __dprintf_cdfFgGnopuxX
                  0x0029ee                  __dprintf_cdeEnopuxX
                  0x0029ee                  __printf_cdfFgGnopuxX
 .libc.__sio_printf_dfoux
                  0x0029fe         0x12 c:/program files/microchip/xc16/v2.10/bin/bin/../../lib\libc99-elf.a(__sio_printf_dfoux.dXX_o)
                  0x0029fe                  ___sio_printf_dfoux
 .libc.__wrap_printf
                  0x002a10         0x10 c:/program files/microchip/xc16/v2.10/bin/bin/../../lib\libc99-elf.a(__sio_printf_doux.dXX_o)
                  0x002a10                  __printf_cdnopuxX
                  0x002a10                  __dprintf_cdnopuxX
 .libc.__sio_printf_doux
                  0x002a20          0xe c:/program files/microchip/xc16/v2.10/bin/bin/../../lib\libc99-elf.a(__sio_printf_doux.dXX_o)
                  0x002a20                  ___sio_printf_doux
 .libc.atof       0x002a2e          0x4 c:/program files/microchip/xc16/v2.10/bin/bin/../../lib\libc99-elf.a(atof.dXX_o)
                  0x002a2e                  _atof
 .libc.__isspace
                  0x002a32         0x14 c:/program files/microchip/xc16/v2.10/bin/bin/../../lib\libc99-elf.a(atoi.dXX_o)
 .libc.atoi       0x002a46         0x4c c:/program files/microchip/xc16/v2.10/bin/bin/../../lib\libc99-elf.a(atoi.dXX_o)
                  0x002a46                  _atoi
 .libc.__isspace
                  0x002a92         0x14 c:/program files/microchip/xc16/v2.10/bin/bin/../../lib\libc99-elf.a(atol.dXX_o)
 .libc.atol       0x002aa6         0x54 c:/program files/microchip/xc16/v2.10/bin/bin/../../lib\libc99-elf.a(atol.dXX_o)
                  0x002aa6                  _atol
 .libc.putchar    0x002afa          0x6 c:/program files/microchip/xc16/v2.10/bin/bin/../../lib\libc99-elf.a(putchar.dXX_o)
                  0x002afa                  _putchar
 .libc.puts       0x002b00         0x1a c:/program files/microchip/xc16/v2.10/bin/bin/../../lib\libc99-elf.a(puts.dXX_o)
                  0x002b00                  _puts
 .libc.__dummy0
                  0x002b1a          0x2 c:/program files/microchip/xc16/v2.10/bin/bin/../../lib\libc99-elf.a(stdout.dXX_o)
                  0x002b1a                  ___stdio_seek
 .libc.__dummy    0x002b1c          0x4 c:/program files/microchip/xc16/v2.10/bin/bin/../../lib\libc99-elf.a(stdout.dXX_o)
                  0x002b1c                  ___get_stdout
 .libc.__init_stdout
                  0x002b20          0x8 c:/program files/microchip/xc16/v2.10/bin/bin/../../lib\libc99-elf.a(stdout.dXX_o)
                  0x002b20                  ___init_stdout
 .libc.strncpy    0x002b28          0xe c:/program files/microchip/xc16/v2.10/bin/bin/../../lib\libc99-elf.a(strncpy.dXX_o)
                  0x002b28                  _strncpy
 .libc.strtox     0x002b36         0x58 c:/program files/microchip/xc16/v2.10/bin/bin/../../lib\libc99-elf.a(strtod.dXX_o)
 .libc.strtof     0x002b8e          0x6 c:/program files/microchip/xc16/v2.10/bin/bin/../../lib\libc99-elf.a(strtod.dXX_o)
                  0x002b8e                  ___strtof_l
                  0x002b8e                  _strtof
                  0x002b8e                  _strtof_l
 .libc.strtod     0x002b94          0x4 c:/program files/microchip/xc16/v2.10/bin/bin/../../lib\libc99-elf.a(strtod.dXX_o)
                  0x002b94                  ___strtod_l
                  0x002b94                  _strtod
                  0x002b94                  _strtod_l
 .libc.strtold    0x002b98          0x4 c:/program files/microchip/xc16/v2.10/bin/bin/../../lib\libc99-elf.a(strtod.dXX_o)
                  0x002b98                  _strtold_l
                  0x002b98                  _strtold
                  0x002b98                  ___strtold_l
 .libc.__fmt_d    0x002b9c         0xb2 c:/program files/microchip/xc16/v2.10/bin/bin/../../lib\libc99-elf.a(__fmt_d.dXX_o)
                  0x002b9c                  ___fmt_d
                  0x002b9c                  ___fmt_d_needed
 .libc.__LONG_DOUBLE_BITS
                  0x002c4e          0x2 c:/program files/microchip/xc16/v2.10/bin/bin/../../lib\libc99-elf.a(__fmt_fp.dXX_o)
 .libc.__fmt_fp
                  0x002c50        0x5b6 c:/program files/microchip/xc16/v2.10/bin/bin/../../lib\libc99-elf.a(__fmt_fp.dXX_o)
                  0x002c50                  ___fmt_f_needed
                  0x002c50                  ___fmt_fp
 .libc.__fmt_o    0x003206         0x6a c:/program files/microchip/xc16/v2.10/bin/bin/../../lib\libc99-elf.a(__fmt_o.dXX_o)
                  0x003206                  ___fmt_o
                  0x003206                  ___fmt_o_needed
 .libc.__fmt_s    0x003270         0x54 c:/program files/microchip/xc16/v2.10/bin/bin/../../lib\libc99-elf.a(__fmt_s.dXX_o)
                  0x003270                  ___fmt_0_needed
                  0x003270                  ___fmt_s_needed
                  0x003270                  ___fmt_s
 .libc.__cvt_u    0x0032c4         0xa6 c:/program files/microchip/xc16/v2.10/bin/bin/../../lib\libc99-elf.a(__fmt_u.dXX_o)
                  0x0032c4                  ___cvt_u
 .libc.__fmt_u    0x00336a         0x52 c:/program files/microchip/xc16/v2.10/bin/bin/../../lib\libc99-elf.a(__fmt_u.dXX_o)
                  0x00336a                  ___fmt_u
                  0x00336a                  ___fmt_u_needed
 .libc.__fmt_x    0x0033bc        0x14a c:/program files/microchip/xc16/v2.10/bin/bin/../../lib\libc99-elf.a(__fmt_x.dXX_o)
                  0x0033bc                  ___fmt_x_needed
                  0x0033bc                  ___fmt_x
 .libc.__vfprintf
                  0x003506         0x1c c:/program files/microchip/xc16/v2.10/bin/bin/../../lib\libc99-elf.a(__int_vfprintf.dXX_o)
                  0x003506                  ___vfprintf
 .libc.__string_out
                  0x003522         0x26 c:/program files/microchip/xc16/v2.10/bin/bin/../../lib\libc99-elf.a(__out.dXX_o)
 .libc.__fwrite_min
                  0x003548          0x4 c:/program files/microchip/xc16/v2.10/bin/bin/../../lib\libc99-elf.a(__out.dXX_o)
                  0x003548                  ___fwrite
                  0x003548                  ___stdio_write
                  0x003548                  ___stdio_write_unbuffered
 .libc.__out      0x00354c         0x10 c:/program files/microchip/xc16/v2.10/bin/bin/../../lib\libc99-elf.a(__out.dXX_o)
                  0x00354c                  ___out_needed
                  0x00354c                  ___out
 .libc.__pop_float
                  0x00355c         0x2a c:/program files/microchip/xc16/v2.10/bin/bin/../../lib\libc99-elf.a(__pop_float.dXX_o)
                  0x00355c                  ___pop_float
                  0x00355c                  ___pop_float_needed
 .libc.__pop_int
                  0x003586         0xa8 c:/program files/microchip/xc16/v2.10/bin/bin/../../lib\libc99-elf.a(__pop_int.dXX_o)
                  0x003586                  ___pop_int
                  0x003586                  ___pop_int_needed
 .libc.__pop_ptr
                  0x00362e         0x70 c:/program files/microchip/xc16/v2.10/bin/bin/../../lib\libc99-elf.a(__pop_ptr.dXX_o)
                  0x00362e                  ___pop_ptr_needed
                  0x00362e                  ___pop_ptr
 .libc.__string_out
                  0x00369e         0x26 c:/program files/microchip/xc16/v2.10/bin/bin/../../lib\libc99-elf.a(__printf_core.dXX_o)
 .libc.__pad      0x0036c4         0x74 c:/program files/microchip/xc16/v2.10/bin/bin/../../lib\libc99-elf.a(__printf_core.dXX_o)
                  0x0036c4                  ___pad
 .libc.__dummy_fmt3
                  0x003738          0x2 c:/program files/microchip/xc16/v2.10/bin/bin/../../lib\libc99-elf.a(__printf_core.dXX_o)
 .libc.__dummy_fmt4
                  0x00373a          0x2 c:/program files/microchip/xc16/v2.10/bin/bin/../../lib\libc99-elf.a(__printf_core.dXX_o)
                  0x00373a                  ___fmt_a
 .libc.__dummy_fmts
                  0x00373c          0x2 c:/program files/microchip/xc16/v2.10/bin/bin/../../lib\libc99-elf.a(__printf_core.dXX_o)
 .libc.__fmt_state
                  0x00373e         0x2c c:/program files/microchip/xc16/v2.10/bin/bin/../../lib\libc99-elf.a(__printf_core.dXX_o)
                  0x00373e                  ___fmt_state
 .libc.vfpfcnvrt.clone.0
                  0x00376a        0x2d8 c:/program files/microchip/xc16/v2.10/bin/bin/../../lib\libc99-elf.a(__printf_core.dXX_o)
 .libc.__printf_core
                  0x003a42         0x40 c:/program files/microchip/xc16/v2.10/bin/bin/../../lib\libc99-elf.a(__printf_core.dXX_o)
                  0x003a42                  ___printf_core
 .libc.__stdio_close
                  0x003a82         0x3e c:/program files/microchip/xc16/v2.10/bin/bin/../../lib\libc99-elf.a(__stdio_close.dXX_o)
                  0x003a82                  ___stdio_close
 .libc.__stdio_close_rw
                  0x003ac0         0x58 c:/program files/microchip/xc16/v2.10/bin/bin/../../lib\libc99-elf.a(__stdio_close.dXX_o)
                  0x003ac0                  ___stdio_close_rw
 .libc.__isspace
                  0x003b18         0x14 c:/program files/microchip/xc16/v2.10/bin/bin/../../lib\libc99-elf.a(floatscan.dXX_o)
 .libc.scanexp    0x003b2c        0x174 c:/program files/microchip/xc16/v2.10/bin/bin/../../lib\libc99-elf.a(floatscan.dXX_o)
 .libc.hexfloat
                  0x003ca0        0x54c c:/program files/microchip/xc16/v2.10/bin/bin/../../lib\libc99-elf.a(floatscan.dXX_o)
 .libc.decfloat
                  0x0041ec        0x8ec c:/program files/microchip/xc16/v2.10/bin/bin/../../lib\libc99-elf.a(floatscan.dXX_o)
 .libc.__floatscan
                  0x004ad8        0x22a c:/program files/microchip/xc16/v2.10/bin/bin/../../lib\libc99-elf.a(floatscan.dXX_o)
                  0x004ad8                  ___floatscan
 .libc.fputs      0x004d02         0x28 c:/program files/microchip/xc16/v2.10/bin/bin/../../lib\libc99-elf.a(fputs.dXX_o)
                  0x004d02                  _fputs_unlocked
                  0x004d02                  _fputs
 .libc.__fwrite_min
                  0x004d2a          0x4 c:/program files/microchip/xc16/v2.10/bin/bin/../../lib\libc99-elf.a(fwrite.dXX_o)
 .libc.fwrite     0x004d2e         0x2c c:/program files/microchip/xc16/v2.10/bin/bin/../../lib\libc99-elf.a(fwrite.dXX_o)
                  0x004d2e                  _fwrite
                  0x004d2e                  _fwrite_unlocked
 .libc.__lseek    0x004d5a          0xc c:/program files/microchip/xc16/v2.10/bin/bin/../../lib\libc99-elf.a(lseek.dXX_o)
                  0x004d5a                  _lseek
                  0x004d5a                  ___lseek
 .libc.memcpy     0x004d66          0xe c:/program files/microchip/xc16/v2.10/bin/bin/../../lib\libc99-elf.a(memcpy.dXX_o)
                  0x004d66                  _memcpy
 .libc.memset     0x004d74         0xc8 c:/program files/microchip/xc16/v2.10/bin/bin/../../lib\libc99-elf.a(memset.dXX_o)
                  0x004d74                  _memset
 .libc.__putc_unbuffered
                  0x004e3c         0x2e c:/program files/microchip/xc16/v2.10/bin/bin/../../lib\libc99-elf.a(putc.dXX_o)
                  0x004e3c                  ___putc
                  0x004e3c                  ___putc_unbuffered
 .libc.putc       0x004e6a          0x2 c:/program files/microchip/xc16/v2.10/bin/bin/../../lib\libc99-elf.a(putc.dXX_o)
                  0x004e6a                  _putc
                  0x004e6a                  _fputc
                  0x004e6a                  _putc_unlocked
                  0x004e6a                  __IO_putc
 .libc.__shlim    0x004e6c         0x4a c:/program files/microchip/xc16/v2.10/bin/bin/../../lib\libc99-elf.a(shgetc.dXX_o)
                  0x004e6c                  ___shlim
 .libc.__shgetc
                  0x004eb6        0x130 c:/program files/microchip/xc16/v2.10/bin/bin/../../lib\libc99-elf.a(shgetc.dXX_o)
                  0x004eb6                  ___shgetc
 .libc.__stpncpy
                  0x004fe6         0x6a c:/program files/microchip/xc16/v2.10/bin/bin/../../lib\libc99-elf.a(stpncpy.dXX_o)
                  0x004fe6                  _stpncpy
                  0x004fe6                  ___stpncpy
 .libc.strcpy     0x005050          0xe c:/program files/microchip/xc16/v2.10/bin/bin/../../lib\libc99-elf.a(strcpy.dXX_o)
                  0x005050                  _strcpy
 .libc.strlen     0x00505e         0x30 c:/program files/microchip/xc16/v2.10/bin/bin/../../lib\libc99-elf.a(strlen.dXX_o)
                  0x00505e                  _strlen
 .libc.__syscall_ret
                  0x00508e         0x14 c:/program files/microchip/xc16/v2.10/bin/bin/../../lib\libc99-elf.a(syscall_ret.dXX_o)
                  0x00508e                  ___syscall_ret
 .libc.tolower    0x0050a2          0xc c:/program files/microchip/xc16/v2.10/bin/bin/../../lib\libc99-elf.a(tolower.dXX_o)
                  0x0050a2                  _tolower
 .libc.__tolower_l
                  0x0050ae          0x2 c:/program files/microchip/xc16/v2.10/bin/bin/../../lib\libc99-elf.a(tolower.dXX_o)
                  0x0050ae                  ___tolower_l
                  0x0050ae                  _tolower_l
 .libc.toupper    0x0050b0          0xc c:/program files/microchip/xc16/v2.10/bin/bin/../../lib\libc99-elf.a(toupper.dXX_o)
                  0x0050b0                  _toupper
 .libc.__toupper_l
                  0x0050bc          0x2 c:/program files/microchip/xc16/v2.10/bin/bin/../../lib\libc99-elf.a(toupper.dXX_o)
                  0x0050bc                  ___toupper_l
                  0x0050bc                  _toupper_l
 .libc.__dummy    0x0050be          0x2 c:/program files/microchip/xc16/v2.10/bin/bin/../../lib\libc99-elf.a(__init_stdio.dXX_o)
                  0x0050be                  ___init_stderr
                  0x0050be                  ___init_stdin
 .libc.__init_stdio
                  0x0050c0          0x6 c:/program files/microchip/xc16/v2.10/bin/bin/../../lib\libc99-elf.a(__init_stdio.dXX_o)
                  0x0050c0                  ___init_stdio
                  0x0050c0                  ___init_stdio_needed
 .libc.__uflow    0x0050c6         0x2a c:/program files/microchip/xc16/v2.10/bin/bin/../../lib\libc99-elf.a(__uflow.dXX_o)
                  0x0050c6                  ___uflow
 .libc.__stpcpy
                  0x0050f0         0x40 c:/program files/microchip/xc16/v2.10/bin/bin/../../lib\libc99-elf.a(stpcpy.dXX_o)
                  0x0050f0                  ___stpcpy
                  0x0050f0                  _stpcpy
 .libc.__toread
                  0x005130         0x48 c:/program files/microchip/xc16/v2.10/bin/bin/../../lib\libc99-elf.a(__toread.dXX_o)
                  0x005130                  ___toread
 .libc.__toread_needs_stdio_exit
                  0x005178          0x2 c:/program files/microchip/xc16/v2.10/bin/bin/../../lib\libc99-elf.a(__toread.dXX_o)
                  0x005178                  ___toread_needs_stdio_exit
 .libc.__dummy    0x00517a          0x2 c:/program files/microchip/xc16/v2.10/bin/bin/../../lib\libc99-elf.a(__stdio_exit.dXX_o)
                  0x00517a                  ___stdio_exit_ofl
 .libc.__dummy1
                  0x00517c          0x2 c:/program files/microchip/xc16/v2.10/bin/bin/../../lib\libc99-elf.a(__stdio_exit.dXX_o)
                  0x00517c                  ___fclose
 .libc.__stdio_exit
                  0x00517e         0x14 c:/program files/microchip/xc16/v2.10/bin/bin/../../lib\libc99-elf.a(__stdio_exit.dXX_o)
                  0x00517e                  ___stdio_exit_needed
                  0x00517e                  ___stdio_exit
 .libc.doclose    0x005192          0x4 c:/program files/microchip/xc16/v2.10/bin/bin/../../lib\libc99-pic30-elf.a(close.dMeo)
 .libc.dowrite    0x005196          0x4 c:/program files/microchip/xc16/v2.10/bin/bin/../../lib\libc99-pic30-elf.a(write.dMeo)
 .libm.divsi3     0x00519a         0x1e c:/program files/microchip/xc16/v2.10/bin/bin/../../lib\libc99-pic30-elf.a(divsi3.XX_o)
                  0x00519a                  ___divsi3
 .libm.nedf2      0x0051b8          0xa c:/program files/microchip/xc16/v2.10/bin/bin/../../lib\libc99-pic30-elf.a(dne.XX_o)
                  0x0051b8                  ___nedf2
 .libm.fixdfdi    0x0051c2         0x74 c:/program files/microchip/xc16/v2.10/bin/bin/../../lib\libc99-pic30-elf.a(fixdfdi.XX_o)
                  0x0051c2                  _(float, int, long long, double, float, double, int)
 .libm.udivsi3    0x005236         0x20 c:/program files/microchip/xc16/v2.10/bin/bin/../../lib\libc99-pic30-elf.a(udivsi3.XX_o)
                  0x005236                  ___udivsi3
 .libm.umodsi3    0x005256          0x6 c:/program files/microchip/xc16/v2.10/bin/bin/../../lib\libc99-pic30-elf.a(umodsi3.XX_o)
                  0x005256                  ___umodsi3
 .libm.mulsi3     0x00525c          0xc c:/program files/microchip/xc16/v2.10/bin/bin/../../lib\libc99-pic30-elf.a(mulsi3.XX_o)
                  0x00525c                  ___mulp32peds3
                  0x00525c                  ___mulsi3
                  0x00525c                  ___mulp32eds3
 .libm.__muldi3
                  0x005268         0x52 c:/program files/microchip/xc16/v2.10/bin/bin/../../lib\libc99-pic30-elf.a(muldi3.dXX_o)
                  0x005268                  ___muldi3
 .libm.umuldi3    0x0052ba         0x44 c:/program files/microchip/xc16/v2.10/bin/bin/../../lib\libc99-pic30-elf.a(umuldi3.XX_o)
                  0x0052ba                  ___umuldi3
 .libc.copysignl
                  0x0052fe         0x34 c:/program files/microchip/xc16/v2.10/bin/bin/../../lib\libm-elf.a(copysignl.dXX_o)
                  0x0052fe                  _copysignl
 .libc.fabsl      0x005332         0x16 c:/program files/microchip/xc16/v2.10/bin/bin/../../lib\libm-elf.a(fabsl.dXX_o)
                  0x005332                  _fabsl
 .libc.floorl     0x005348         0xf8 c:/program files/microchip/xc16/v2.10/bin/bin/../../lib\libm-elf.a(floorl.dXX_o)
                  0x005348                  _floorl
 .libc.__LONG_DOUBLE_BITS
                  0x005440          0x2 c:/program files/microchip/xc16/v2.10/bin/bin/../../lib\libm-elf.a(fmodl.dXX_o)
 .libc.fmodl      0x005442        0x32c c:/program files/microchip/xc16/v2.10/bin/bin/../../lib\libm-elf.a(fmodl.dXX_o)
                  0x005442                  _fmodl
 .libc.scalbn     0x00576e         0x60 c:/program files/microchip/xc16/v2.10/bin/bin/../../lib\libm-elf.a(scalbn.dXX_o)
                  0x00576e                  _scalbn
 .libc.scalbnl    0x0057ce         0x60 c:/program files/microchip/xc16/v2.10/bin/bin/../../lib\libm-elf.a(scalbnl.dXX_o)
                  0x0057ce                  _scalbnl

usercode
 *(usercode)

__FBS             0xf80000          0x2
 *(__FBS.sec*)
 __FBS.sec        0xf80000          0x2 /CW/_FBS0‚b
                  0xf80000                  __FBS.sec

__FSS             0xf80002          0x2
 *(__FSS.sec*)
 __FSS.sec        0xf80002          0x2 /CW/_FSS–Åb
                  0xf80002                  __FSS.sec

__FGS             0xf80004          0x2
 *(__FGS.sec*)
 __FGS.sec        0xf80004          0x2 /CW/_FGS “b
                  0xf80004                  __FGS.sec

__FOSCSEL
 *(__FOSCSEL.sec*)

__FOSC
 *(__FOSC.sec*)

__FWDT
 *(__FWDT.sec*)

__FPOR
 *(__FPOR.sec*)

__FICD
 *(__FICD.sec*)

__FUID0
 *(__FUID0.sec*)

__FUID1
 *(__FUID1.sec*)

__FUID2
 *(__FUID2.sec*)

__FUID3
 *(__FUID3.sec*)

.comment
 *(.comment)

.debug_info       0x000000      0x10898
 *(.debug_info)
 .debug_info      0x000000        0x3f0 build/XC16_dsPIC33FJ128MC804/debug/main.o
 .debug_info      0x0003f0       0x5003 build/XC16_dsPIC33FJ128MC804/debug/system.o
 .debug_info      0x0053f3        0x425 build/XC16_dsPIC33FJ128MC804/debug/traps.o
 .debug_info      0x005818        0x156 build/XC16_dsPIC33FJ128MC804/debug/user.o
 .debug_info      0x00596e       0x1a37 build/XC16_dsPIC33FJ128MC804/debug/interrupts.o
 .debug_info      0x0073a5       0x133e build/XC16_dsPIC33FJ128MC804/debug/gestion_AX12.o
 .debug_info      0x0086e3        0xdb4 build/XC16_dsPIC33FJ128MC804/debug/Uart_1.o
 .debug_info      0x009497        0x59b build/XC16_dsPIC33FJ128MC804/debug/pump.o
 .debug_info      0x009a32        0xb25 build/XC16_dsPIC33FJ128MC804/debug/pmw.o
 .debug_info      0x00a557       0x1058 build/XC16_dsPIC33FJ128MC804/debug/serialusM2M.o
 .debug_info      0x00b5af        0x1d9 build/XC16_dsPIC33FJ128MC804/debug/autom.o
 .debug_info      0x00b788       0x1a92 build/XC16_dsPIC33FJ128MC804/debug/asserv.o
 .debug_info      0x00d21a        0x67c build/XC16_dsPIC33FJ128MC804/debug/codeurs.o
 .debug_info      0x00d896        0x68a build/XC16_dsPIC33FJ128MC804/debug/ascenseur_params.o
 .debug_info      0x00df20       0x1014 build/XC16_dsPIC33FJ128MC804/debug/ascenseur_asserv.o
 .debug_info      0x00ef34         0x8d c:/program files/microchip/xc16/v2.10/bin/bin/../../lib\libc99-pic30-elf.a(deqltle.XX_o)
 .debug_info      0x00efc1         0x8b c:/program files/microchip/xc16/v2.10/bin/bin/../../lib\libc99-pic30-elf.a(dgtge.XX_o)
 .debug_info      0x00f04c         0x90 c:/program files/microchip/xc16/v2.10/bin/bin/../../lib\libc99-pic30-elf.a(extendsfdf.XX_o)
 .debug_info      0x00f0dc         0x8d c:/program files/microchip/xc16/v2.10/bin/bin/../../lib\libc99-pic30-elf.a(fixdfsi.XX_o)
 .debug_info      0x00f169         0x8d c:/program files/microchip/xc16/v2.10/bin/bin/../../lib\libc99-pic30-elf.a(fixsfsi.XX_o)
 .debug_info      0x00f1f6         0x90 c:/program files/microchip/xc16/v2.10/bin/bin/../../lib\libc99-pic30-elf.a(fixunsdfdi.XX_o)
 .debug_info      0x00f286         0x90 c:/program files/microchip/xc16/v2.10/bin/bin/../../lib\libc99-pic30-elf.a(fixunsdfsi.XX_o)
 .debug_info      0x00f316         0x8f c:/program files/microchip/xc16/v2.10/bin/bin/../../lib\libc99-pic30-elf.a(floatsidf.XX_o)
 .debug_info      0x00f3a5         0x8f c:/program files/microchip/xc16/v2.10/bin/bin/../../lib\libc99-pic30-elf.a(floatsisf.XX_o)
 .debug_info      0x00f434         0x91 c:/program files/microchip/xc16/v2.10/bin/bin/../../lib\libc99-pic30-elf.a(floatunsidf.XX_o)
 .debug_info      0x00f4c5         0x91 c:/program files/microchip/xc16/v2.10/bin/bin/../../lib\libc99-pic30-elf.a(floatunsisf.XX_o)
 .debug_info      0x00f556         0x8d c:/program files/microchip/xc16/v2.10/bin/bin/../../lib\libc99-pic30-elf.a(funpack.XX_o)
 .debug_info      0x00f5e3         0x8f c:/program files/microchip/xc16/v2.10/bin/bin/../../lib\libc99-pic30-elf.a(truncdfsf.XX_o)
 .debug_info      0x00f672         0xa9 c:/program files/microchip/xc16/v2.10/bin/bin/../../lib\libc99-pic30-elf.a(dpadd.XX_o)
 .debug_info      0x00f71b         0xa9 c:/program files/microchip/xc16/v2.10/bin/bin/../../lib\libc99-pic30-elf.a(dpdiv.XX_o)
 .debug_info      0x00f7c4         0xa9 c:/program files/microchip/xc16/v2.10/bin/bin/../../lib\libc99-pic30-elf.a(dpmul.XX_o)
 .debug_info      0x00f86d         0xaa c:/program files/microchip/xc16/v2.10/bin/bin/../../lib\libc99-pic30-elf.a(dpsubs.XX_o)
 .debug_info      0x00f917         0x9d c:/program files/microchip/xc16/v2.10/bin/bin/../../lib\libc99-pic30-elf.a(addsf3x.XX_o)
 .debug_info      0x00f9b4         0x9d c:/program files/microchip/xc16/v2.10/bin/bin/../../lib\libc99-pic30-elf.a(divsf3x.XX_o)
 .debug_info      0x00fa51         0x9d c:/program files/microchip/xc16/v2.10/bin/bin/../../lib\libc99-pic30-elf.a(mulsf3x.XX_o)
 .debug_info      0x00faee         0xa0 c:/program files/microchip/xc16/v2.10/bin/bin/../../lib\libc99-pic30-elf.a(dnrmpackfx.XX_o)
 .debug_info      0x00fb8e         0xa2 c:/program files/microchip/xc16/v2.10/bin/bin/../../lib\libc99-pic30-elf.a(unpackdnrmfx.XX_o)
 .debug_info      0x00fc30         0x9c c:/program files/microchip/xc16/v2.10/bin/bin/../../lib\libc99-pic30-elf.a(typefx.XX_o)
 .debug_info      0x00fccc         0x9f c:/program files/microchip/xc16/v2.10/bin/bin/../../lib\libc99-pic30-elf.a(propnanfx.XX_o)
 .debug_info      0x00fd6b         0x9d c:/program files/microchip/xc16/v2.10/bin/bin/../../lib\libc99-pic30-elf.a(spackfx.XX_o)
 .debug_info      0x00fe08         0x9e c:/program files/microchip/xc16/v2.10/bin/bin/../../lib\libc99-pic30-elf.a(unpackfx.XX_o)
 .debug_info      0x00fea6         0x8e c:/program files/microchip/xc16/v2.10/bin/bin/../../lib\libc99-pic30-elf.a(dcompare.XX_o)
 .debug_info      0x00ff34         0x8b c:/program files/microchip/xc16/v2.10/bin/bin/../../lib\libc99-pic30-elf.a(dtype.XX_o)
 .debug_info      0x00ffbf         0x8d c:/program files/microchip/xc16/v2.10/bin/bin/../../lib\libc99-pic30-elf.a(dunpack.XX_o)
 .debug_info      0x01004c         0x8e c:/program files/microchip/xc16/v2.10/bin/bin/../../lib\libc99-pic30-elf.a(dunpack2.XX_o)
 .debug_info      0x0100da         0x8f c:/program files/microchip/xc16/v2.10/bin/bin/../../lib\libc99-pic30-elf.a(floatdidf.XX_o)
 .debug_info      0x010169         0x8f c:/program files/microchip/xc16/v2.10/bin/bin/../../lib\libc99-pic30-elf.a(floatdisf.XX_o)
 .debug_info      0x0101f8         0x91 c:/program files/microchip/xc16/v2.10/bin/bin/../../lib\libc99-pic30-elf.a(floatundidf.XX_o)
 .debug_info      0x010289         0x91 c:/program files/microchip/xc16/v2.10/bin/bin/../../lib\libc99-pic30-elf.a(floatundisf.XX_o)
 .debug_info      0x01031a         0x8b c:/program files/microchip/xc16/v2.10/bin/bin/../../lib\libc99-pic30-elf.a(fpack.XX_o)
 .debug_info      0x0103a5         0x8b c:/program files/microchip/xc16/v2.10/bin/bin/../../lib\libc99-pic30-elf.a(dpack.XX_o)
 .debug_info      0x010430         0x93 c:/program files/microchip/xc16/v2.10/bin/bin/../../lib\libc99-pic30-elf.a(dpropagateNaN.XX_o)
 .debug_info      0x0104c3         0x8c c:/program files/microchip/xc16/v2.10/bin/bin/../../lib\libc99-pic30-elf.a(divsi3.XX_o)
 .debug_info      0x01054f         0x89 c:/program files/microchip/xc16/v2.10/bin/bin/../../lib\libc99-pic30-elf.a(dne.XX_o)
 .debug_info      0x0105d8         0x8d c:/program files/microchip/xc16/v2.10/bin/bin/../../lib\libc99-pic30-elf.a(fixdfdi.XX_o)
 .debug_info      0x010665         0x8d c:/program files/microchip/xc16/v2.10/bin/bin/../../lib\libc99-pic30-elf.a(udivsi3.XX_o)
 .debug_info      0x0106f2         0x8d c:/program files/microchip/xc16/v2.10/bin/bin/../../lib\libc99-pic30-elf.a(umodsi3.XX_o)
 .debug_info      0x01077f         0x8c c:/program files/microchip/xc16/v2.10/bin/bin/../../lib\libc99-pic30-elf.a(mulsi3.XX_o)
 .debug_info      0x01080b         0x8d c:/program files/microchip/xc16/v2.10/bin/bin/../../lib\libc99-pic30-elf.a(umuldi3.XX_o)
 *(.gnu.linkonce.wi.*)

.debug_abbrev     0x000000       0x1792
 *(.debug_abbrev)
 .debug_abbrev    0x000000        0x12a build/XC16_dsPIC33FJ128MC804/debug/main.o
 .debug_abbrev    0x00012a        0x165 build/XC16_dsPIC33FJ128MC804/debug/system.o
 .debug_abbrev    0x00028f         0x8a build/XC16_dsPIC33FJ128MC804/debug/traps.o
 .debug_abbrev    0x000319         0x34 build/XC16_dsPIC33FJ128MC804/debug/user.o
 .debug_abbrev    0x00034d        0x155 build/XC16_dsPIC33FJ128MC804/debug/interrupts.o
 .debug_abbrev    0x0004a2        0x2ca build/XC16_dsPIC33FJ128MC804/debug/gestion_AX12.o
 .debug_abbrev    0x00076c        0x195 build/XC16_dsPIC33FJ128MC804/debug/Uart_1.o
 .debug_abbrev    0x000901         0x9d build/XC16_dsPIC33FJ128MC804/debug/pump.o
 .debug_abbrev    0x00099e        0x110 build/XC16_dsPIC33FJ128MC804/debug/pmw.o
 .debug_abbrev    0x000aae        0x256 build/XC16_dsPIC33FJ128MC804/debug/serialusM2M.o
 .debug_abbrev    0x000d04         0x32 build/XC16_dsPIC33FJ128MC804/debug/autom.o
 .debug_abbrev    0x000d36        0x2c3 build/XC16_dsPIC33FJ128MC804/debug/asserv.o
 .debug_abbrev    0x000ff9        0x14c build/XC16_dsPIC33FJ128MC804/debug/codeurs.o
 .debug_abbrev    0x001145        0x127 build/XC16_dsPIC33FJ128MC804/debug/ascenseur_params.o
 .debug_abbrev    0x00126c        0x1b6 build/XC16_dsPIC33FJ128MC804/debug/ascenseur_asserv.o
 .debug_abbrev    0x001422         0x14 c:/program files/microchip/xc16/v2.10/bin/bin/../../lib\libc99-pic30-elf.a(deqltle.XX_o)
 .debug_abbrev    0x001436         0x14 c:/program files/microchip/xc16/v2.10/bin/bin/../../lib\libc99-pic30-elf.a(dgtge.XX_o)
 .debug_abbrev    0x00144a         0x14 c:/program files/microchip/xc16/v2.10/bin/bin/../../lib\libc99-pic30-elf.a(extendsfdf.XX_o)
 .debug_abbrev    0x00145e         0x14 c:/program files/microchip/xc16/v2.10/bin/bin/../../lib\libc99-pic30-elf.a(fixdfsi.XX_o)
 .debug_abbrev    0x001472         0x14 c:/program files/microchip/xc16/v2.10/bin/bin/../../lib\libc99-pic30-elf.a(fixsfsi.XX_o)
 .debug_abbrev    0x001486         0x14 c:/program files/microchip/xc16/v2.10/bin/bin/../../lib\libc99-pic30-elf.a(fixunsdfdi.XX_o)
 .debug_abbrev    0x00149a         0x14 c:/program files/microchip/xc16/v2.10/bin/bin/../../lib\libc99-pic30-elf.a(fixunsdfsi.XX_o)
 .debug_abbrev    0x0014ae         0x14 c:/program files/microchip/xc16/v2.10/bin/bin/../../lib\libc99-pic30-elf.a(floatsidf.XX_o)
 .debug_abbrev    0x0014c2         0x14 c:/program files/microchip/xc16/v2.10/bin/bin/../../lib\libc99-pic30-elf.a(floatsisf.XX_o)
 .debug_abbrev    0x0014d6         0x14 c:/program files/microchip/xc16/v2.10/bin/bin/../../lib\libc99-pic30-elf.a(floatunsidf.XX_o)
 .debug_abbrev    0x0014ea         0x14 c:/program files/microchip/xc16/v2.10/bin/bin/../../lib\libc99-pic30-elf.a(floatunsisf.XX_o)
 .debug_abbrev    0x0014fe         0x14 c:/program files/microchip/xc16/v2.10/bin/bin/../../lib\libc99-pic30-elf.a(funpack.XX_o)
 .debug_abbrev    0x001512         0x14 c:/program files/microchip/xc16/v2.10/bin/bin/../../lib\libc99-pic30-elf.a(truncdfsf.XX_o)
 .debug_abbrev    0x001526         0x14 c:/program files/microchip/xc16/v2.10/bin/bin/../../lib\libc99-pic30-elf.a(dpadd.XX_o)
 .debug_abbrev    0x00153a         0x14 c:/program files/microchip/xc16/v2.10/bin/bin/../../lib\libc99-pic30-elf.a(dpdiv.XX_o)
 .debug_abbrev    0x00154e         0x14 c:/program files/microchip/xc16/v2.10/bin/bin/../../lib\libc99-pic30-elf.a(dpmul.XX_o)
 .debug_abbrev    0x001562         0x14 c:/program files/microchip/xc16/v2.10/bin/bin/../../lib\libc99-pic30-elf.a(dpsubs.XX_o)
 .debug_abbrev    0x001576         0x14 c:/program files/microchip/xc16/v2.10/bin/bin/../../lib\libc99-pic30-elf.a(addsf3x.XX_o)
 .debug_abbrev    0x00158a         0x14 c:/program files/microchip/xc16/v2.10/bin/bin/../../lib\libc99-pic30-elf.a(divsf3x.XX_o)
 .debug_abbrev    0x00159e         0x14 c:/program files/microchip/xc16/v2.10/bin/bin/../../lib\libc99-pic30-elf.a(mulsf3x.XX_o)
 .debug_abbrev    0x0015b2         0x14 c:/program files/microchip/xc16/v2.10/bin/bin/../../lib\libc99-pic30-elf.a(dnrmpackfx.XX_o)
 .debug_abbrev    0x0015c6         0x14 c:/program files/microchip/xc16/v2.10/bin/bin/../../lib\libc99-pic30-elf.a(unpackdnrmfx.XX_o)
 .debug_abbrev    0x0015da         0x14 c:/program files/microchip/xc16/v2.10/bin/bin/../../lib\libc99-pic30-elf.a(typefx.XX_o)
 .debug_abbrev    0x0015ee         0x14 c:/program files/microchip/xc16/v2.10/bin/bin/../../lib\libc99-pic30-elf.a(propnanfx.XX_o)
 .debug_abbrev    0x001602         0x14 c:/program files/microchip/xc16/v2.10/bin/bin/../../lib\libc99-pic30-elf.a(spackfx.XX_o)
 .debug_abbrev    0x001616         0x14 c:/program files/microchip/xc16/v2.10/bin/bin/../../lib\libc99-pic30-elf.a(unpackfx.XX_o)
 .debug_abbrev    0x00162a         0x14 c:/program files/microchip/xc16/v2.10/bin/bin/../../lib\libc99-pic30-elf.a(dcompare.XX_o)
 .debug_abbrev    0x00163e         0x14 c:/program files/microchip/xc16/v2.10/bin/bin/../../lib\libc99-pic30-elf.a(dtype.XX_o)
 .debug_abbrev    0x001652         0x14 c:/program files/microchip/xc16/v2.10/bin/bin/../../lib\libc99-pic30-elf.a(dunpack.XX_o)
 .debug_abbrev    0x001666         0x14 c:/program files/microchip/xc16/v2.10/bin/bin/../../lib\libc99-pic30-elf.a(dunpack2.XX_o)
 .debug_abbrev    0x00167a         0x14 c:/program files/microchip/xc16/v2.10/bin/bin/../../lib\libc99-pic30-elf.a(floatdidf.XX_o)
 .debug_abbrev    0x00168e         0x14 c:/program files/microchip/xc16/v2.10/bin/bin/../../lib\libc99-pic30-elf.a(floatdisf.XX_o)
 .debug_abbrev    0x0016a2         0x14 c:/program files/microchip/xc16/v2.10/bin/bin/../../lib\libc99-pic30-elf.a(floatundidf.XX_o)
 .debug_abbrev    0x0016b6         0x14 c:/program files/microchip/xc16/v2.10/bin/bin/../../lib\libc99-pic30-elf.a(floatundisf.XX_o)
 .debug_abbrev    0x0016ca         0x14 c:/program files/microchip/xc16/v2.10/bin/bin/../../lib\libc99-pic30-elf.a(fpack.XX_o)
 .debug_abbrev    0x0016de         0x14 c:/program files/microchip/xc16/v2.10/bin/bin/../../lib\libc99-pic30-elf.a(dpack.XX_o)
 .debug_abbrev    0x0016f2         0x14 c:/program files/microchip/xc16/v2.10/bin/bin/../../lib\libc99-pic30-elf.a(dpropagateNaN.XX_o)
 .debug_abbrev    0x001706         0x14 c:/program files/microchip/xc16/v2.10/bin/bin/../../lib\libc99-pic30-elf.a(divsi3.XX_o)
 .debug_abbrev    0x00171a         0x14 c:/program files/microchip/xc16/v2.10/bin/bin/../../lib\libc99-pic30-elf.a(dne.XX_o)
 .debug_abbrev    0x00172e         0x14 c:/program files/microchip/xc16/v2.10/bin/bin/../../lib\libc99-pic30-elf.a(fixdfdi.XX_o)
 .debug_abbrev    0x001742         0x14 c:/program files/microchip/xc16/v2.10/bin/bin/../../lib\libc99-pic30-elf.a(udivsi3.XX_o)
 .debug_abbrev    0x001756         0x14 c:/program files/microchip/xc16/v2.10/bin/bin/../../lib\libc99-pic30-elf.a(umodsi3.XX_o)
 .debug_abbrev    0x00176a         0x14 c:/program files/microchip/xc16/v2.10/bin/bin/../../lib\libc99-pic30-elf.a(mulsi3.XX_o)
 .debug_abbrev    0x00177e         0x14 c:/program files/microchip/xc16/v2.10/bin/bin/../../lib\libc99-pic30-elf.a(umuldi3.XX_o)

.debug_line       0x000000       0x2c03
 *(.debug_line)
 .debug_line      0x000000        0x114 build/XC16_dsPIC33FJ128MC804/debug/main.o
 .debug_line      0x000114        0x28c build/XC16_dsPIC33FJ128MC804/debug/system.o
 .debug_line      0x0003a0        0x110 build/XC16_dsPIC33FJ128MC804/debug/traps.o
 .debug_line      0x0004b0         0x34 build/XC16_dsPIC33FJ128MC804/debug/user.o
 .debug_line      0x0004e4        0x17f build/XC16_dsPIC33FJ128MC804/debug/interrupts.o
 .debug_line      0x000663        0x273 build/XC16_dsPIC33FJ128MC804/debug/gestion_AX12.o
 .debug_line      0x0008d6        0x16f build/XC16_dsPIC33FJ128MC804/debug/Uart_1.o
 .debug_line      0x000a45        0x10e build/XC16_dsPIC33FJ128MC804/debug/pump.o
 .debug_line      0x000b53        0x141 build/XC16_dsPIC33FJ128MC804/debug/pmw.o
 .debug_line      0x000c94        0x2ec build/XC16_dsPIC33FJ128MC804/debug/serialusM2M.o
 .debug_line      0x000f80         0x7b build/XC16_dsPIC33FJ128MC804/debug/autom.o
 .debug_line      0x000ffb        0x482 build/XC16_dsPIC33FJ128MC804/debug/asserv.o
 .debug_line      0x00147d        0x129 build/XC16_dsPIC33FJ128MC804/debug/codeurs.o
 .debug_line      0x0015a6        0x113 build/XC16_dsPIC33FJ128MC804/debug/ascenseur_params.o
 .debug_line      0x0016b9        0x266 build/XC16_dsPIC33FJ128MC804/debug/ascenseur_asserv.o
 .debug_line      0x00191f         0x3a c:/program files/microchip/xc16/v2.10/bin/bin/../../lib\libc99-pic30-elf.a(deqltle.XX_o)
 .debug_line      0x001959         0x38 c:/program files/microchip/xc16/v2.10/bin/bin/../../lib\libc99-pic30-elf.a(dgtge.XX_o)
 .debug_line      0x001991         0x59 c:/program files/microchip/xc16/v2.10/bin/bin/../../lib\libc99-pic30-elf.a(extendsfdf.XX_o)
 .debug_line      0x0019ea         0x61 c:/program files/microchip/xc16/v2.10/bin/bin/../../lib\libc99-pic30-elf.a(fixdfsi.XX_o)
 .debug_line      0x001a4b         0x56 c:/program files/microchip/xc16/v2.10/bin/bin/../../lib\libc99-pic30-elf.a(fixsfsi.XX_o)
 .debug_line      0x001aa1         0x69 c:/program files/microchip/xc16/v2.10/bin/bin/../../lib\libc99-pic30-elf.a(fixunsdfdi.XX_o)
 .debug_line      0x001b0a         0x5e c:/program files/microchip/xc16/v2.10/bin/bin/../../lib\libc99-pic30-elf.a(fixunsdfsi.XX_o)
 .debug_line      0x001b68         0x3a c:/program files/microchip/xc16/v2.10/bin/bin/../../lib\libc99-pic30-elf.a(floatsidf.XX_o)
 .debug_line      0x001ba2         0x3a c:/program files/microchip/xc16/v2.10/bin/bin/../../lib\libc99-pic30-elf.a(floatsisf.XX_o)
 .debug_line      0x001bdc         0x3b c:/program files/microchip/xc16/v2.10/bin/bin/../../lib\libc99-pic30-elf.a(floatunsidf.XX_o)
 .debug_line      0x001c17         0x3b c:/program files/microchip/xc16/v2.10/bin/bin/../../lib\libc99-pic30-elf.a(floatunsisf.XX_o)
 .debug_line      0x001c52         0x4a c:/program files/microchip/xc16/v2.10/bin/bin/../../lib\libc99-pic30-elf.a(funpack.XX_o)
 .debug_line      0x001c9c         0x66 c:/program files/microchip/xc16/v2.10/bin/bin/../../lib\libc99-pic30-elf.a(truncdfsf.XX_o)
 .debug_line      0x001d02         0xa2 c:/program files/microchip/xc16/v2.10/bin/bin/../../lib\libc99-pic30-elf.a(dpadd.XX_o)
 .debug_line      0x001da4        0x100 c:/program files/microchip/xc16/v2.10/bin/bin/../../lib\libc99-pic30-elf.a(dpdiv.XX_o)
 .debug_line      0x001ea4         0xde c:/program files/microchip/xc16/v2.10/bin/bin/../../lib\libc99-pic30-elf.a(dpmul.XX_o)
 .debug_line      0x001f82         0xe8 c:/program files/microchip/xc16/v2.10/bin/bin/../../lib\libc99-pic30-elf.a(dpsubs.XX_o)
 .debug_line      0x00206a        0x136 c:/program files/microchip/xc16/v2.10/bin/bin/../../lib\libc99-pic30-elf.a(addsf3x.XX_o)
 .debug_line      0x0021a0        0x124 c:/program files/microchip/xc16/v2.10/bin/bin/../../lib\libc99-pic30-elf.a(divsf3x.XX_o)
 .debug_line      0x0022c4         0xcc c:/program files/microchip/xc16/v2.10/bin/bin/../../lib\libc99-pic30-elf.a(mulsf3x.XX_o)
 .debug_line      0x002390         0x72 c:/program files/microchip/xc16/v2.10/bin/bin/../../lib\libc99-pic30-elf.a(dnrmpackfx.XX_o)
 .debug_line      0x002402         0x7a c:/program files/microchip/xc16/v2.10/bin/bin/../../lib\libc99-pic30-elf.a(unpackdnrmfx.XX_o)
 .debug_line      0x00247c         0x5e c:/program files/microchip/xc16/v2.10/bin/bin/../../lib\libc99-pic30-elf.a(typefx.XX_o)
 .debug_line      0x0024da         0x51 c:/program files/microchip/xc16/v2.10/bin/bin/../../lib\libc99-pic30-elf.a(propnanfx.XX_o)
 .debug_line      0x00252b         0x98 c:/program files/microchip/xc16/v2.10/bin/bin/../../lib\libc99-pic30-elf.a(spackfx.XX_o)
 .debug_line      0x0025c3         0x79 c:/program files/microchip/xc16/v2.10/bin/bin/../../lib\libc99-pic30-elf.a(unpackfx.XX_o)
 .debug_line      0x00263c         0x5f c:/program files/microchip/xc16/v2.10/bin/bin/../../lib\libc99-pic30-elf.a(dcompare.XX_o)
 .debug_line      0x00269b         0x45 c:/program files/microchip/xc16/v2.10/bin/bin/../../lib\libc99-pic30-elf.a(dtype.XX_o)
 .debug_line      0x0026e0         0x5c c:/program files/microchip/xc16/v2.10/bin/bin/../../lib\libc99-pic30-elf.a(dunpack.XX_o)
 .debug_line      0x00273c         0x53 c:/program files/microchip/xc16/v2.10/bin/bin/../../lib\libc99-pic30-elf.a(dunpack2.XX_o)
 .debug_line      0x00278f         0x1a c:/program files/microchip/xc16/v2.10/bin/bin/../../lib\libc99-pic30-elf.a(errno.XX_o)
 .debug_line      0x0027a9         0x47 c:/program files/microchip/xc16/v2.10/bin/bin/../../lib\libc99-pic30-elf.a(floatdidf.XX_o)
 .debug_line      0x0027f0         0x47 c:/program files/microchip/xc16/v2.10/bin/bin/../../lib\libc99-pic30-elf.a(floatdisf.XX_o)
 .debug_line      0x002837         0x68 c:/program files/microchip/xc16/v2.10/bin/bin/../../lib\libc99-pic30-elf.a(floatundidf.XX_o)
 .debug_line      0x00289f         0x6c c:/program files/microchip/xc16/v2.10/bin/bin/../../lib\libc99-pic30-elf.a(floatundisf.XX_o)
 .debug_line      0x00290b         0x5a c:/program files/microchip/xc16/v2.10/bin/bin/../../lib\libc99-pic30-elf.a(fpack.XX_o)
 .debug_line      0x002965         0x5f c:/program files/microchip/xc16/v2.10/bin/bin/../../lib\libc99-pic30-elf.a(dpack.XX_o)
 .debug_line      0x0029c4         0x49 c:/program files/microchip/xc16/v2.10/bin/bin/../../lib\libc99-pic30-elf.a(dpropagateNaN.XX_o)
 .debug_line      0x002a0d         0x43 c:/program files/microchip/xc16/v2.10/bin/bin/../../lib\libc99-pic30-elf.a(divsi3.XX_o)
 .debug_line      0x002a50         0x36 c:/program files/microchip/xc16/v2.10/bin/bin/../../lib\libc99-pic30-elf.a(dne.XX_o)
 .debug_line      0x002a86         0x6f c:/program files/microchip/xc16/v2.10/bin/bin/../../lib\libc99-pic30-elf.a(fixdfdi.XX_o)
 .debug_line      0x002af5         0x45 c:/program files/microchip/xc16/v2.10/bin/bin/../../lib\libc99-pic30-elf.a(udivsi3.XX_o)
 .debug_line      0x002b3a         0x38 c:/program files/microchip/xc16/v2.10/bin/bin/../../lib\libc99-pic30-elf.a(umodsi3.XX_o)
 .debug_line      0x002b72         0x3a c:/program files/microchip/xc16/v2.10/bin/bin/../../lib\libc99-pic30-elf.a(mulsi3.XX_o)
 .debug_line      0x002bac         0x57 c:/program files/microchip/xc16/v2.10/bin/bin/../../lib\libc99-pic30-elf.a(umuldi3.XX_o)

.debug_frame      0x000000       0x1700
 *(.debug_frame)
 .debug_frame     0x000000         0x2e build/XC16_dsPIC33FJ128MC804/debug/main.o
 .debug_frame     0x00002e        0x14c build/XC16_dsPIC33FJ128MC804/debug/system.o
 .debug_frame     0x00017a        0x132 build/XC16_dsPIC33FJ128MC804/debug/traps.o
 .debug_frame     0x0002ac         0x2e build/XC16_dsPIC33FJ128MC804/debug/user.o
 .debug_frame     0x0002da        0x218 build/XC16_dsPIC33FJ128MC804/debug/interrupts.o
 .debug_frame     0x0004f2        0x3f2 build/XC16_dsPIC33FJ128MC804/debug/gestion_AX12.o
 .debug_frame     0x0008e4         0xb0 build/XC16_dsPIC33FJ128MC804/debug/Uart_1.o
 .debug_frame     0x000994        0x14c build/XC16_dsPIC33FJ128MC804/debug/pump.o
 .debug_frame     0x000ae0         0x6a build/XC16_dsPIC33FJ128MC804/debug/pmw.o
 .debug_frame     0x000b4a        0x382 build/XC16_dsPIC33FJ128MC804/debug/serialusM2M.o
 .debug_frame     0x000ecc         0x96 build/XC16_dsPIC33FJ128MC804/debug/autom.o
 .debug_frame     0x000f62        0x492 build/XC16_dsPIC33FJ128MC804/debug/asserv.o
 .debug_frame     0x0013f4         0x48 build/XC16_dsPIC33FJ128MC804/debug/codeurs.o
 .debug_frame     0x00143c         0x96 build/XC16_dsPIC33FJ128MC804/debug/ascenseur_params.o
 .debug_frame     0x0014d2        0x22e build/XC16_dsPIC33FJ128MC804/debug/ascenseur_asserv.o

.debug_str        0x000000        0xa55
 *(.debug_str)
 .debug_str       0x000000         0x17 build/XC16_dsPIC33FJ128MC804/debug/main.o
 .debug_str       0x000017        0x280 build/XC16_dsPIC33FJ128MC804/debug/system.o
 .debug_str       0x000297          0xc build/XC16_dsPIC33FJ128MC804/debug/traps.o
 .debug_str       0x0002a3        0x100 build/XC16_dsPIC33FJ128MC804/debug/interrupts.o
 .debug_str       0x0003a3         0x71 build/XC16_dsPIC33FJ128MC804/debug/gestion_AX12.o
 .debug_str       0x000414         0x60 build/XC16_dsPIC33FJ128MC804/debug/Uart_1.o
 .debug_str       0x000474         0x12 build/XC16_dsPIC33FJ128MC804/debug/pump.o
 .debug_str       0x000486         0x54 build/XC16_dsPIC33FJ128MC804/debug/pmw.o
 .debug_str       0x0004da         0x4a build/XC16_dsPIC33FJ128MC804/debug/serialusM2M.o
 .debug_str       0x000524        0x2c3 build/XC16_dsPIC33FJ128MC804/debug/asserv.o
 .debug_str       0x0007e7         0x32 build/XC16_dsPIC33FJ128MC804/debug/codeurs.o
 .debug_str       0x000819         0x9f build/XC16_dsPIC33FJ128MC804/debug/ascenseur_params.o
 .debug_str       0x0008b8        0x19d build/XC16_dsPIC33FJ128MC804/debug/ascenseur_asserv.o

.debug_loc
 *(.debug_loc)

.debug_macinfo
 *(.debug_macinfo)

.debug_pubnames
                  0x000000       0x1481
 *(.debug_pubnames)
 .debug_pubnames
                  0x000000         0x2f build/XC16_dsPIC33FJ128MC804/debug/main.o
 .debug_pubnames
                  0x00002f        0x111 build/XC16_dsPIC33FJ128MC804/debug/system.o
 .debug_pubnames
                  0x000140         0xdf build/XC16_dsPIC33FJ128MC804/debug/traps.o
 .debug_pubnames
                  0x00021f         0x1e build/XC16_dsPIC33FJ128MC804/debug/user.o
 .debug_pubnames
                  0x00023d         0xd9 build/XC16_dsPIC33FJ128MC804/debug/interrupts.o
 .debug_pubnames
                  0x000316        0x316 build/XC16_dsPIC33FJ128MC804/debug/gestion_AX12.o
 .debug_pubnames
                  0x00062c         0x87 build/XC16_dsPIC33FJ128MC804/debug/Uart_1.o
 .debug_pubnames
                  0x0006b3        0x114 build/XC16_dsPIC33FJ128MC804/debug/pump.o
 .debug_pubnames
                  0x0007c7         0x40 build/XC16_dsPIC33FJ128MC804/debug/pmw.o
 .debug_pubnames
                  0x000807        0x1a9 build/XC16_dsPIC33FJ128MC804/debug/serialusM2M.o
 .debug_pubnames
                  0x0009b0         0x49 build/XC16_dsPIC33FJ128MC804/debug/autom.o
 .debug_pubnames
                  0x0009f9        0x6be build/XC16_dsPIC33FJ128MC804/debug/asserv.o
 .debug_pubnames
                  0x0010b7         0x57 build/XC16_dsPIC33FJ128MC804/debug/codeurs.o
 .debug_pubnames
                  0x00110e        0x188 build/XC16_dsPIC33FJ128MC804/debug/ascenseur_params.o
 .debug_pubnames
                  0x001296        0x1eb build/XC16_dsPIC33FJ128MC804/debug/ascenseur_asserv.o

.debug_ranges
 *(.debug_ranges)

.debug_aranges    0x000000        0x6e8
 *(.debug_aranges)
 .debug_aranges
                  0x000000         0x18 build/XC16_dsPIC33FJ128MC804/debug/main.o
 .debug_aranges
                  0x000018         0x18 build/XC16_dsPIC33FJ128MC804/debug/system.o
 .debug_aranges
                  0x000030         0x18 build/XC16_dsPIC33FJ128MC804/debug/traps.o
 .debug_aranges
                  0x000048         0x18 build/XC16_dsPIC33FJ128MC804/debug/user.o
 .debug_aranges
                  0x000060         0x18 build/XC16_dsPIC33FJ128MC804/debug/interrupts.o
 .debug_aranges
                  0x000078         0x18 build/XC16_dsPIC33FJ128MC804/debug/gestion_AX12.o
 .debug_aranges
                  0x000090         0x18 build/XC16_dsPIC33FJ128MC804/debug/Uart_1.o
 .debug_aranges
                  0x0000a8         0x18 build/XC16_dsPIC33FJ128MC804/debug/pump.o
 .debug_aranges
                  0x0000c0         0x18 build/XC16_dsPIC33FJ128MC804/debug/pmw.o
 .debug_aranges
                  0x0000d8         0x18 build/XC16_dsPIC33FJ128MC804/debug/serialusM2M.o
 .debug_aranges
                  0x0000f0         0x18 build/XC16_dsPIC33FJ128MC804/debug/autom.o
 .debug_aranges
                  0x000108         0x18 build/XC16_dsPIC33FJ128MC804/debug/asserv.o
 .debug_aranges
                  0x000120         0x18 build/XC16_dsPIC33FJ128MC804/debug/codeurs.o
 .debug_aranges
                  0x000138         0x18 build/XC16_dsPIC33FJ128MC804/debug/ascenseur_params.o
 .debug_aranges
                  0x000150         0x18 build/XC16_dsPIC33FJ128MC804/debug/ascenseur_asserv.o
 .debug_aranges
                  0x000168         0x20 c:/program files/microchip/xc16/v2.10/bin/bin/../../lib\libc99-pic30-elf.a(deqltle.XX_o)
 .debug_aranges
                  0x000188         0x20 c:/program files/microchip/xc16/v2.10/bin/bin/../../lib\libc99-pic30-elf.a(dgtge.XX_o)
 .debug_aranges
                  0x0001a8         0x20 c:/program files/microchip/xc16/v2.10/bin/bin/../../lib\libc99-pic30-elf.a(extendsfdf.XX_o)
 .debug_aranges
                  0x0001c8         0x20 c:/program files/microchip/xc16/v2.10/bin/bin/../../lib\libc99-pic30-elf.a(fixdfsi.XX_o)
 .debug_aranges
                  0x0001e8         0x20 c:/program files/microchip/xc16/v2.10/bin/bin/../../lib\libc99-pic30-elf.a(fixsfsi.XX_o)
 .debug_aranges
                  0x000208         0x20 c:/program files/microchip/xc16/v2.10/bin/bin/../../lib\libc99-pic30-elf.a(fixunsdfdi.XX_o)
 .debug_aranges
                  0x000228         0x20 c:/program files/microchip/xc16/v2.10/bin/bin/../../lib\libc99-pic30-elf.a(fixunsdfsi.XX_o)
 .debug_aranges
                  0x000248         0x20 c:/program files/microchip/xc16/v2.10/bin/bin/../../lib\libc99-pic30-elf.a(floatsidf.XX_o)
 .debug_aranges
                  0x000268         0x20 c:/program files/microchip/xc16/v2.10/bin/bin/../../lib\libc99-pic30-elf.a(floatsisf.XX_o)
 .debug_aranges
                  0x000288         0x20 c:/program files/microchip/xc16/v2.10/bin/bin/../../lib\libc99-pic30-elf.a(floatunsidf.XX_o)
 .debug_aranges
                  0x0002a8         0x20 c:/program files/microchip/xc16/v2.10/bin/bin/../../lib\libc99-pic30-elf.a(floatunsisf.XX_o)
 .debug_aranges
                  0x0002c8         0x20 c:/program files/microchip/xc16/v2.10/bin/bin/../../lib\libc99-pic30-elf.a(funpack.XX_o)
 .debug_aranges
                  0x0002e8         0x20 c:/program files/microchip/xc16/v2.10/bin/bin/../../lib\libc99-pic30-elf.a(truncdfsf.XX_o)
 .debug_aranges
                  0x000308         0x20 c:/program files/microchip/xc16/v2.10/bin/bin/../../lib\libc99-pic30-elf.a(dpadd.XX_o)
 .debug_aranges
                  0x000328         0x20 c:/program files/microchip/xc16/v2.10/bin/bin/../../lib\libc99-pic30-elf.a(dpdiv.XX_o)
 .debug_aranges
                  0x000348         0x20 c:/program files/microchip/xc16/v2.10/bin/bin/../../lib\libc99-pic30-elf.a(dpmul.XX_o)
 .debug_aranges
                  0x000368         0x20 c:/program files/microchip/xc16/v2.10/bin/bin/../../lib\libc99-pic30-elf.a(dpsubs.XX_o)
 .debug_aranges
                  0x000388         0x20 c:/program files/microchip/xc16/v2.10/bin/bin/../../lib\libc99-pic30-elf.a(addsf3x.XX_o)
 .debug_aranges
                  0x0003a8         0x20 c:/program files/microchip/xc16/v2.10/bin/bin/../../lib\libc99-pic30-elf.a(divsf3x.XX_o)
 .debug_aranges
                  0x0003c8         0x20 c:/program files/microchip/xc16/v2.10/bin/bin/../../lib\libc99-pic30-elf.a(mulsf3x.XX_o)
 .debug_aranges
                  0x0003e8         0x20 c:/program files/microchip/xc16/v2.10/bin/bin/../../lib\libc99-pic30-elf.a(dnrmpackfx.XX_o)
 .debug_aranges
                  0x000408         0x20 c:/program files/microchip/xc16/v2.10/bin/bin/../../lib\libc99-pic30-elf.a(unpackdnrmfx.XX_o)
 .debug_aranges
                  0x000428         0x20 c:/program files/microchip/xc16/v2.10/bin/bin/../../lib\libc99-pic30-elf.a(typefx.XX_o)
 .debug_aranges
                  0x000448         0x20 c:/program files/microchip/xc16/v2.10/bin/bin/../../lib\libc99-pic30-elf.a(propnanfx.XX_o)
 .debug_aranges
                  0x000468         0x20 c:/program files/microchip/xc16/v2.10/bin/bin/../../lib\libc99-pic30-elf.a(spackfx.XX_o)
 .debug_aranges
                  0x000488         0x20 c:/program files/microchip/xc16/v2.10/bin/bin/../../lib\libc99-pic30-elf.a(unpackfx.XX_o)
 .debug_aranges
                  0x0004a8         0x20 c:/program files/microchip/xc16/v2.10/bin/bin/../../lib\libc99-pic30-elf.a(dcompare.XX_o)
 .debug_aranges
                  0x0004c8         0x20 c:/program files/microchip/xc16/v2.10/bin/bin/../../lib\libc99-pic30-elf.a(dtype.XX_o)
 .debug_aranges
                  0x0004e8         0x20 c:/program files/microchip/xc16/v2.10/bin/bin/../../lib\libc99-pic30-elf.a(dunpack.XX_o)
 .debug_aranges
                  0x000508         0x20 c:/program files/microchip/xc16/v2.10/bin/bin/../../lib\libc99-pic30-elf.a(dunpack2.XX_o)
 .debug_aranges
                  0x000528         0x20 c:/program files/microchip/xc16/v2.10/bin/bin/../../lib\libc99-pic30-elf.a(floatdidf.XX_o)
 .debug_aranges
                  0x000548         0x20 c:/program files/microchip/xc16/v2.10/bin/bin/../../lib\libc99-pic30-elf.a(floatdisf.XX_o)
 .debug_aranges
                  0x000568         0x20 c:/program files/microchip/xc16/v2.10/bin/bin/../../lib\libc99-pic30-elf.a(floatundidf.XX_o)
 .debug_aranges
                  0x000588         0x20 c:/program files/microchip/xc16/v2.10/bin/bin/../../lib\libc99-pic30-elf.a(floatundisf.XX_o)
 .debug_aranges
                  0x0005a8         0x20 c:/program files/microchip/xc16/v2.10/bin/bin/../../lib\libc99-pic30-elf.a(fpack.XX_o)
 .debug_aranges
                  0x0005c8         0x20 c:/program files/microchip/xc16/v2.10/bin/bin/../../lib\libc99-pic30-elf.a(dpack.XX_o)
 .debug_aranges
                  0x0005e8         0x20 c:/program files/microchip/xc16/v2.10/bin/bin/../../lib\libc99-pic30-elf.a(dpropagateNaN.XX_o)
 .debug_aranges
                  0x000608         0x20 c:/program files/microchip/xc16/v2.10/bin/bin/../../lib\libc99-pic30-elf.a(divsi3.XX_o)
 .debug_aranges
                  0x000628         0x20 c:/program files/microchip/xc16/v2.10/bin/bin/../../lib\libc99-pic30-elf.a(dne.XX_o)
 .debug_aranges
                  0x000648         0x20 c:/program files/microchip/xc16/v2.10/bin/bin/../../lib\libc99-pic30-elf.a(fixdfdi.XX_o)
 .debug_aranges
                  0x000668         0x20 c:/program files/microchip/xc16/v2.10/bin/bin/../../lib\libc99-pic30-elf.a(udivsi3.XX_o)
 .debug_aranges
                  0x000688         0x20 c:/program files/microchip/xc16/v2.10/bin/bin/../../lib\libc99-pic30-elf.a(umodsi3.XX_o)
 .debug_aranges
                  0x0006a8         0x20 c:/program files/microchip/xc16/v2.10/bin/bin/../../lib\libc99-pic30-elf.a(mulsi3.XX_o)
 .debug_aranges
                  0x0006c8         0x20 c:/program files/microchip/xc16/v2.10/bin/bin/../../lib\libc99-pic30-elf.a(umuldi3.XX_o)
                    0x0000                  WREG0 = 0x0
                    0x0000                  _WREG0 = 0x0
                    0x0002                  WREG1 = 0x2
                    0x0002                  _WREG1 = 0x2
                    0x0004                  WREG2 = 0x4
                    0x0004                  _WREG2 = 0x4
                    0x0006                  WREG3 = 0x6
                    0x0006                  _WREG3 = 0x6
                    0x0008                  WREG4 = 0x8
                    0x0008                  _WREG4 = 0x8
                    0x000a                  WREG5 = 0xa
                    0x000a                  _WREG5 = 0xa
                    0x000c                  WREG6 = 0xc
                    0x000c                  _WREG6 = 0xc
                    0x000e                  WREG7 = 0xe
                    0x000e                  _WREG7 = 0xe
                    0x0010                  WREG8 = 0x10
                    0x0010                  _WREG8 = 0x10
                    0x0012                  WREG9 = 0x12
                    0x0012                  _WREG9 = 0x12
                    0x0014                  WREG10 = 0x14
                    0x0014                  _WREG10 = 0x14
                    0x0016                  WREG11 = 0x16
                    0x0016                  _WREG11 = 0x16
                    0x0018                  WREG12 = 0x18
                    0x0018                  _WREG12 = 0x18
                    0x001a                  WREG13 = 0x1a
                    0x001a                  _WREG13 = 0x1a
                    0x001c                  WREG14 = 0x1c
                    0x001c                  _WREG14 = 0x1c
                    0x001e                  WREG15 = 0x1e
                    0x001e                  _WREG15 = 0x1e
                    0x0020                  SPLIM = 0x20
                    0x0020                  _SPLIM = 0x20
                    0x0022                  ACCAL = 0x22
                    0x0022                  _ACCAL = 0x22
                    0x0024                  ACCAH = 0x24
                    0x0024                  _ACCAH = 0x24
                    0x0026                  ACCAU = 0x26
                    0x0026                  _ACCAU = 0x26
                    0x0028                  ACCBL = 0x28
                    0x0028                  _ACCBL = 0x28
                    0x002a                  ACCBH = 0x2a
                    0x002a                  _ACCBH = 0x2a
                    0x002c                  ACCBU = 0x2c
                    0x002c                  _ACCBU = 0x2c
                    0x002e                  PCL = 0x2e
                    0x002e                  _PCL = 0x2e
                    0x0030                  PCH = 0x30
                    0x0030                  _PCH = 0x30
                    0x0032                  TBLPAG = 0x32
                    0x0032                  _TBLPAG = 0x32
                    0x0034                  PSVPAG = 0x34
                    0x0034                  _PSVPAG = 0x34
                    0x0036                  RCOUNT = 0x36
                    0x0036                  _RCOUNT = 0x36
                    0x0038                  DCOUNT = 0x38
                    0x0038                  _DCOUNT = 0x38
                    0x003a                  DOSTARTL = 0x3a
                    0x003a                  _DOSTARTL = 0x3a
                    0x003c                  DOSTARTH = 0x3c
                    0x003c                  _DOSTARTH = 0x3c
                    0x003e                  DOENDL = 0x3e
                    0x003e                  _DOENDL = 0x3e
                    0x0040                  DOENDH = 0x40
                    0x0040                  _DOENDH = 0x40
                    0x0042                  SR = 0x42
                    0x0042                  _SR = 0x42
                    0x0042                  _SRbits = 0x42
                    0x0044                  CORCON = 0x44
                    0x0044                  _CORCON = 0x44
                    0x0044                  _CORCONbits = 0x44
                    0x0046                  MODCON = 0x46
                    0x0046                  _MODCON = 0x46
                    0x0046                  _MODCONbits = 0x46
                    0x0048                  XMODSRT = 0x48
                    0x0048                  _XMODSRT = 0x48
                    0x004a                  XMODEND = 0x4a
                    0x004a                  _XMODEND = 0x4a
                    0x004c                  YMODSRT = 0x4c
                    0x004c                  _YMODSRT = 0x4c
                    0x004e                  YMODEND = 0x4e
                    0x004e                  _YMODEND = 0x4e
                    0x0050                  XBREV = 0x50
                    0x0050                  _XBREV = 0x50
                    0x0050                  _XBREVbits = 0x50
                    0x0052                  DISICNT = 0x52
                    0x0052                  _DISICNT = 0x52
                    0x0060                  CNEN1 = 0x60
                    0x0060                  _CNEN1 = 0x60
                    0x0060                  _CNEN1bits = 0x60
                    0x0062                  CNEN2 = 0x62
                    0x0062                  _CNEN2 = 0x62
                    0x0062                  _CNEN2bits = 0x62
                    0x0068                  CNPU1 = 0x68
                    0x0068                  _CNPU1 = 0x68
                    0x0068                  _CNPU1bits = 0x68
                    0x006a                  CNPU2 = 0x6a
                    0x006a                  _CNPU2 = 0x6a
                    0x006a                  _CNPU2bits = 0x6a
                    0x0080                  INTCON1 = 0x80
                    0x0080                  _INTCON1 = 0x80
                    0x0080                  _INTCON1bits = 0x80
                    0x0082                  INTCON2 = 0x82
                    0x0082                  _INTCON2 = 0x82
                    0x0082                  _INTCON2bits = 0x82
                    0x0084                  IFS0 = 0x84
                    0x0084                  _IFS0 = 0x84
                    0x0084                  _IFS0bits = 0x84
                    0x0086                  IFS1 = 0x86
                    0x0086                  _IFS1 = 0x86
                    0x0086                  _IFS1bits = 0x86
                    0x0088                  IFS2 = 0x88
                    0x0088                  _IFS2 = 0x88
                    0x0088                  _IFS2bits = 0x88
                    0x008a                  IFS3 = 0x8a
                    0x008a                  _IFS3 = 0x8a
                    0x008a                  _IFS3bits = 0x8a
                    0x008c                  IFS4 = 0x8c
                    0x008c                  _IFS4 = 0x8c
                    0x008c                  _IFS4bits = 0x8c
                    0x0094                  IEC0 = 0x94
                    0x0094                  _IEC0 = 0x94
                    0x0094                  _IEC0bits = 0x94
                    0x0096                  IEC1 = 0x96
                    0x0096                  _IEC1 = 0x96
                    0x0096                  _IEC1bits = 0x96
                    0x0098                  IEC2 = 0x98
                    0x0098                  _IEC2 = 0x98
                    0x0098                  _IEC2bits = 0x98
                    0x009a                  IEC3 = 0x9a
                    0x009a                  _IEC3 = 0x9a
                    0x009a                  _IEC3bits = 0x9a
                    0x009c                  IEC4 = 0x9c
                    0x009c                  _IEC4 = 0x9c
                    0x009c                  _IEC4bits = 0x9c
                    0x00a4                  IPC0 = 0xa4
                    0x00a4                  _IPC0 = 0xa4
                    0x00a4                  _IPC0bits = 0xa4
                    0x00a6                  IPC1 = 0xa6
                    0x00a6                  _IPC1 = 0xa6
                    0x00a6                  _IPC1bits = 0xa6
                    0x00a8                  IPC2 = 0xa8
                    0x00a8                  _IPC2 = 0xa8
                    0x00a8                  _IPC2bits = 0xa8
                    0x00aa                  IPC3 = 0xaa
                    0x00aa                  _IPC3 = 0xaa
                    0x00aa                  _IPC3bits = 0xaa
                    0x00ac                  IPC4 = 0xac
                    0x00ac                  _IPC4 = 0xac
                    0x00ac                  _IPC4bits = 0xac
                    0x00ae                  IPC5 = 0xae
                    0x00ae                  _IPC5 = 0xae
                    0x00ae                  _IPC5bits = 0xae
                    0x00b0                  IPC6 = 0xb0
                    0x00b0                  _IPC6 = 0xb0
                    0x00b0                  _IPC6bits = 0xb0
                    0x00b2                  IPC7 = 0xb2
                    0x00b2                  _IPC7 = 0xb2
                    0x00b2                  _IPC7bits = 0xb2
                    0x00b4                  IPC8 = 0xb4
                    0x00b4                  _IPC8 = 0xb4
                    0x00b4                  _IPC8bits = 0xb4
                    0x00b6                  IPC9 = 0xb6
                    0x00b6                  _IPC9 = 0xb6
                    0x00b6                  _IPC9bits = 0xb6
                    0x00ba                  IPC11 = 0xba
                    0x00ba                  _IPC11 = 0xba
                    0x00ba                  _IPC11bits = 0xba
                    0x00c0                  IPC14 = 0xc0
                    0x00c0                  _IPC14 = 0xc0
                    0x00c0                  _IPC14bits = 0xc0
                    0x00c2                  IPC15 = 0xc2
                    0x00c2                  _IPC15 = 0xc2
                    0x00c2                  _IPC15bits = 0xc2
                    0x00c4                  IPC16 = 0xc4
                    0x00c4                  _IPC16 = 0xc4
                    0x00c4                  _IPC16bits = 0xc4
                    0x00c6                  IPC17 = 0xc6
                    0x00c6                  _IPC17 = 0xc6
                    0x00c6                  _IPC17bits = 0xc6
                    0x00c8                  IPC18 = 0xc8
                    0x00c8                  _IPC18 = 0xc8
                    0x00c8                  _IPC18bits = 0xc8
                    0x00ca                  IPC19 = 0xca
                    0x00ca                  _IPC19 = 0xca
                    0x00ca                  _IPC19bits = 0xca
                    0x00e0                  INTTREG = 0xe0
                    0x00e0                  _INTTREG = 0xe0
                    0x00e0                  _INTTREGbits = 0xe0
                    0x0100                  TMR1 = 0x100
                    0x0100                  _TMR1 = 0x100
                    0x0102                  PR1 = 0x102
                    0x0102                  _PR1 = 0x102
                    0x0104                  T1CON = 0x104
                    0x0104                  _T1CON = 0x104
                    0x0104                  _T1CONbits = 0x104
                    0x0106                  TMR2 = 0x106
                    0x0106                  _TMR2 = 0x106
                    0x0108                  TMR3HLD = 0x108
                    0x0108                  _TMR3HLD = 0x108
                    0x010a                  TMR3 = 0x10a
                    0x010a                  _TMR3 = 0x10a
                    0x010c                  PR2 = 0x10c
                    0x010c                  _PR2 = 0x10c
                    0x010e                  PR3 = 0x10e
                    0x010e                  _PR3 = 0x10e
                    0x0110                  T2CON = 0x110
                    0x0110                  _T2CON = 0x110
                    0x0110                  _T2CONbits = 0x110
                    0x0112                  T3CON = 0x112
                    0x0112                  _T3CON = 0x112
                    0x0112                  _T3CONbits = 0x112
                    0x0114                  TMR4 = 0x114
                    0x0114                  _TMR4 = 0x114
                    0x0116                  TMR5HLD = 0x116
                    0x0116                  _TMR5HLD = 0x116
                    0x0118                  TMR5 = 0x118
                    0x0118                  _TMR5 = 0x118
                    0x011a                  PR4 = 0x11a
                    0x011a                  _PR4 = 0x11a
                    0x011c                  PR5 = 0x11c
                    0x011c                  _PR5 = 0x11c
                    0x011e                  T4CON = 0x11e
                    0x011e                  _T4CON = 0x11e
                    0x011e                  _T4CONbits = 0x11e
                    0x0120                  T5CON = 0x120
                    0x0120                  _T5CON = 0x120
                    0x0120                  _T5CONbits = 0x120
                    0x0140                  IC1BUF = 0x140
                    0x0140                  _IC1BUF = 0x140
                    0x0142                  IC1CON = 0x142
                    0x0142                  _IC1CON = 0x142
                    0x0142                  _IC1CONbits = 0x142
                    0x0144                  IC2BUF = 0x144
                    0x0144                  _IC2BUF = 0x144
                    0x0146                  IC2CON = 0x146
                    0x0146                  _IC2CON = 0x146
                    0x0146                  _IC2CONbits = 0x146
                    0x0158                  IC7BUF = 0x158
                    0x0158                  _IC7BUF = 0x158
                    0x015a                  IC7CON = 0x15a
                    0x015a                  _IC7CON = 0x15a
                    0x015a                  _IC7CONbits = 0x15a
                    0x015c                  IC8BUF = 0x15c
                    0x015c                  _IC8BUF = 0x15c
                    0x015e                  IC8CON = 0x15e
                    0x015e                  _IC8CON = 0x15e
                    0x015e                  _IC8CONbits = 0x15e
                    0x0180                  OC1RS = 0x180
                    0x0180                  _OC1RS = 0x180
                    0x0182                  OC1R = 0x182
                    0x0182                  _OC1R = 0x182
                    0x0184                  OC1CON = 0x184
                    0x0184                  _OC1CON = 0x184
                    0x0184                  _OC1CONbits = 0x184
                    0x0186                  OC2RS = 0x186
                    0x0186                  _OC2RS = 0x186
                    0x0188                  OC2R = 0x188
                    0x0188                  _OC2R = 0x188
                    0x018a                  OC2CON = 0x18a
                    0x018a                  _OC2CON = 0x18a
                    0x018a                  _OC2CONbits = 0x18a
                    0x018c                  OC3RS = 0x18c
                    0x018c                  _OC3RS = 0x18c
                    0x018e                  OC3R = 0x18e
                    0x018e                  _OC3R = 0x18e
                    0x0190                  OC3CON = 0x190
                    0x0190                  _OC3CON = 0x190
                    0x0190                  _OC3CONbits = 0x190
                    0x0192                  OC4RS = 0x192
                    0x0192                  _OC4RS = 0x192
                    0x0194                  OC4R = 0x194
                    0x0194                  _OC4R = 0x194
                    0x0196                  OC4CON = 0x196
                    0x0196                  _OC4CON = 0x196
                    0x0196                  _OC4CONbits = 0x196
                    0x01c0                  P1TCON = 0x1c0
                    0x01c0                  _P1TCON = 0x1c0
                    0x01c0                  _P1TCONbits = 0x1c0
                    0x01c0                  PTCON = 0x1c0
                    0x01c0                  _PTCON = 0x1c0
                    0x01c0                  _PTCONbits = 0x1c0
                    0x01c2                  P1TMR = 0x1c2
                    0x01c2                  _P1TMR = 0x1c2
                    0x01c2                  _P1TMRbits = 0x1c2
                    0x01c2                  PTMR = 0x1c2
                    0x01c2                  _PTMR = 0x1c2
                    0x01c2                  _PTMRbits = 0x1c2
                    0x01c4                  P1TPER = 0x1c4
                    0x01c4                  _P1TPER = 0x1c4
                    0x01c4                  _P1TPERbits = 0x1c4
                    0x01c4                  PTPER = 0x1c4
                    0x01c4                  _PTPER = 0x1c4
                    0x01c4                  _PTPERbits = 0x1c4
                    0x01c6                  P1SECMP = 0x1c6
                    0x01c6                  _P1SECMP = 0x1c6
                    0x01c6                  _P1SECMPbits = 0x1c6
                    0x01c6                  SEVTCMP = 0x1c6
                    0x01c6                  _SEVTCMP = 0x1c6
                    0x01c6                  _SEVTCMPbits = 0x1c6
                    0x01c8                  PWM1CON1 = 0x1c8
                    0x01c8                  _PWM1CON1 = 0x1c8
                    0x01c8                  _PWM1CON1bits = 0x1c8
                    0x01c8                  PWMCON1 = 0x1c8
                    0x01c8                  _PWMCON1 = 0x1c8
                    0x01c8                  _PWMCON1bits = 0x1c8
                    0x01ca                  PWM1CON2 = 0x1ca
                    0x01ca                  _PWM1CON2 = 0x1ca
                    0x01ca                  _PWM1CON2bits = 0x1ca
                    0x01ca                  PWMCON2 = 0x1ca
                    0x01ca                  _PWMCON2 = 0x1ca
                    0x01ca                  _PWMCON2bits = 0x1ca
                    0x01cc                  DTCON1 = 0x1cc
                    0x01cc                  _DTCON1 = 0x1cc
                    0x01cc                  _DTCON1bits = 0x1cc
                    0x01cc                  P1DTCON1 = 0x1cc
                    0x01cc                  _P1DTCON1 = 0x1cc
                    0x01cc                  _P1DTCON1bits = 0x1cc
                    0x01ce                  DTCON2 = 0x1ce
                    0x01ce                  _DTCON2 = 0x1ce
                    0x01ce                  _DTCON2bits = 0x1ce
                    0x01ce                  P1DTCON2 = 0x1ce
                    0x01ce                  _P1DTCON2 = 0x1ce
                    0x01ce                  _P1DTCON2bits = 0x1ce
                    0x01d0                  FLTACON = 0x1d0
                    0x01d0                  _FLTACON = 0x1d0
                    0x01d0                  _FLTACONbits = 0x1d0
                    0x01d0                  P1FLTACON = 0x1d0
                    0x01d0                  _P1FLTACON = 0x1d0
                    0x01d0                  _P1FLTACONbits = 0x1d0
                    0x01d4                  OVDCON = 0x1d4
                    0x01d4                  _OVDCON = 0x1d4
                    0x01d4                  _OVDCONbits = 0x1d4
                    0x01d4                  P1OVDCON = 0x1d4
                    0x01d4                  _P1OVDCON = 0x1d4
                    0x01d4                  _P1OVDCONbits = 0x1d4
                    0x01d6                  P1DC1 = 0x1d6
                    0x01d6                  _P1DC1 = 0x1d6
                    0x01d6                  PDC1 = 0x1d6
                    0x01d6                  _PDC1 = 0x1d6
                    0x01d8                  P1DC2 = 0x1d8
                    0x01d8                  _P1DC2 = 0x1d8
                    0x01d8                  PDC2 = 0x1d8
                    0x01d8                  _PDC2 = 0x1d8
                    0x01da                  P1DC3 = 0x1da
                    0x01da                  _P1DC3 = 0x1da
                    0x01da                  PDC3 = 0x1da
                    0x01da                  _PDC3 = 0x1da
                    0x01e0                  QEI1CON = 0x1e0
                    0x01e0                  _QEI1CON = 0x1e0
                    0x01e0                  _QEI1CONbits = 0x1e0
                    0x01e0                  QEICON = 0x1e0
                    0x01e0                  _QEICON = 0x1e0
                    0x01e0                  _QEICONbits = 0x1e0
                    0x01e2                  DFLT1CON = 0x1e2
                    0x01e2                  _DFLT1CON = 0x1e2
                    0x01e2                  _DFLT1CONbits = 0x1e2
                    0x01e2                  DFLTCON = 0x1e2
                    0x01e2                  _DFLTCON = 0x1e2
                    0x01e2                  _DFLTCONbits = 0x1e2
                    0x01e4                  POS1CNT = 0x1e4
                    0x01e4                  _POS1CNT = 0x1e4
                    0x01e4                  POSCNT = 0x1e4
                    0x01e4                  _POSCNT = 0x1e4
                    0x01e6                  MAX1CNT = 0x1e6