Microchip Technology Inc, v2.10 (B)

Tool Name:
  c:\program files\microchip\xc16\v2.10\bin\bin\..\bin/elf-ld.exe

Command:
  -p33FJ128MC804 \
  --mdfp=D:/Microchip/packs/Microchip/dsPIC33F-GP-MC_DFP/1.3.64/xc16 \
  -o \
  dist/XC16_dsPIC33FJ128MC804/production/CarteAutomCDF2025_FACE_B.X.production.elf \
  -Lc:/program files/microchip/xc16/v2.10/bin/bin/.. \
  -LD:/Microchip/packs/Microchip/dsPIC33F-GP-MC_DFP/1.3.64/xc16/bin/../support/PIC24H/gld \
  -LD:/Microchip/packs/Microchip/dsPIC33F-GP-MC_DFP/1.3.64/xc16/bin/../support/dsPIC33F/gld \
  -Lc:/program files/microchip/xc16/v2.10/bin/bin/../../lib \
  -Lc:/program files/microchip/xc16/v2.10/bin/bin/../../support/PIC24E/gld \
  -Lc:/program files/microchip/xc16/v2.10/bin/bin/../../support/PIC24F/gld \
  -Lc:/program files/microchip/xc16/v2.10/bin/bin/../../support/PIC24H/gld \
  -Lc:/program files/microchip/xc16/v2.10/bin/bin/../../support/dsPIC30F/gld \
  -Lc:/program files/microchip/xc16/v2.10/bin/bin/../../support/dsPIC33C/gld \
  -Lc:/program files/microchip/xc16/v2.10/bin/bin/../../support/dsPIC33E/gld \
  -Lc:/program files/microchip/xc16/v2.10/bin/bin/../../support/dsPIC33F/gld \
  build/XC16_dsPIC33FJ128MC804/production/main.o \
  build/XC16_dsPIC33FJ128MC804/production/system.o \
  build/XC16_dsPIC33FJ128MC804/production/traps.o \
  build/XC16_dsPIC33FJ128MC804/production/user.o \
  build/XC16_dsPIC33FJ128MC804/production/interrupts.o \
  build/XC16_dsPIC33FJ128MC804/production/gestion_AX12.o \
  build/XC16_dsPIC33FJ128MC804/production/Uart_1.o \
  build/XC16_dsPIC33FJ128MC804/production/pump.o \
  build/XC16_dsPIC33FJ128MC804/production/pmw.o \
  build/XC16_dsPIC33FJ128MC804/production/serialusM2M.o \
  build/XC16_dsPIC33FJ128MC804/production/autom.o \
  build/XC16_dsPIC33FJ128MC804/production/asserv.o \
  build/XC16_dsPIC33FJ128MC804/production/codeurs.o \
  build/XC16_dsPIC33FJ128MC804/production/ascenseur_params.o \
  build/XC16_dsPIC33FJ128MC804/production/ascenseur_asserv.o \
  --defsym=__MPLAB_BUILD=1 \
  -Tp33FJ128MC804.gld.00 \
  --stack=16 \
  --check-sections \
  --data-init \
  --pack-data \
  --handles \
  --isr \
  --no-gc-sections \
  --fill-upper=0 \
  --stackguard=16 \
  --no-force-link \
  --smart-io \
  -Map=dist/XC16_dsPIC33FJ128MC804/production/CarteAutomCDF2025_FACE_B.X.production.map \
  --memorysummary \
  dist/XC16_dsPIC33FJ128MC804/production/memoryfile.xml \
  -start-group \
  --library=c99-pic30-elf \
  --library=m-elf \
  --library=c99-elf \
  -end-group \


Optional library libp33FJ128MC804.a not found
Archive member included because of file (symbol)

c:/program files/microchip/xc16/v2.10/bin/bin/../../lib\libc99-pic30-elf.a(crt0_standard.o)
                              (__resetPRI)
c:/program files/microchip/xc16/v2.10/bin/bin/../../lib\libc99-pic30-elf.a(data_init_standard.o)
                              c:/program files/microchip/xc16/v2.10/bin/bin/../../lib\libc99-pic30-elf.a(crt0_standard.o) (__data_init_standard)
c:/program files/microchip/xc16/v2.10/bin/bin/../../lib\libc99-pic30-elf.a(crt_start_mode_normal.Meo)
                              (__crt_start_mode_normal)
c:/program files/microchip/xc16/v2.10/bin/bin/../../lib\libc99-pic30-elf.a(delay32.Meo)
                              build/XC16_dsPIC33FJ128MC804/production/main.o (___delay32)
c:/program files/microchip/xc16/v2.10/bin/bin/../../lib\libc99-pic30-elf.a(deqltle.XX_o)
                              build/XC16_dsPIC33FJ128MC804/production/asserv.o (___eqdf2)
c:/program files/microchip/xc16/v2.10/bin/bin/../../lib\libc99-pic30-elf.a(dgtge.XX_o)
                              build/XC16_dsPIC33FJ128MC804/production/pmw.o (___gtdf2)
c:/program files/microchip/xc16/v2.10/bin/bin/../../lib\libc99-pic30-elf.a(extendsfdf.XX_o)
                              build/XC16_dsPIC33FJ128MC804/production/gestion_AX12.o (___extendsfdf2)
c:/program files/microchip/xc16/v2.10/bin/bin/../../lib\libc99-pic30-elf.a(fixdfsi.XX_o)
                              build/XC16_dsPIC33FJ128MC804/production/gestion_AX12.o (_(float, int, long long, double, float, short, int))
c:/program files/microchip/xc16/v2.10/bin/bin/../../lib\libc99-pic30-elf.a(fixsfsi.XX_o)
                              build/XC16_dsPIC33FJ128MC804/production/gestion_AX12.o (_(float, int, long long, short, float, short, int))
c:/program files/microchip/xc16/v2.10/bin/bin/../../lib\libc99-pic30-elf.a(fixunsdfdi.XX_o)
                              build/XC16_dsPIC33FJ128MC804/production/asserv.o (___fixunsdfdi)
c:/program files/microchip/xc16/v2.10/bin/bin/../../lib\libc99-pic30-elf.a(fixunsdfsi.XX_o)
                              build/XC16_dsPIC33FJ128MC804/production/pmw.o (___fixunsdfsi)
c:/program files/microchip/xc16/v2.10/bin/bin/../../lib\libc99-pic30-elf.a(floatsidf.XX_o)
                              build/XC16_dsPIC33FJ128MC804/production/serialusM2M.o (___floatsidf)
c:/program files/microchip/xc16/v2.10/bin/bin/../../lib\libc99-pic30-elf.a(floatsisf.XX_o)
[...]
Memory Configuration

Name             Origin             Length             Attributes
data             0x000800           0x004000           a !xr
reset            0x000000           0x000004  
ivt              0x000004           0x0000fc  
_reserved        0x000100           0x000004  
aivt             0x000104           0x0000fc  
program          0x000200           0x015600           xr
FBS              0xf80000           0x000002  
FSS              0xf80002           0x000002  
FGS              0xf80004           0x000002  
FOSCSEL          0xf80006           0x000002  
FOSC             0xf80008           0x000002  
FWDT             0xf8000a           0x000002  
FPOR             0xf8000c           0x000002  
FICD             0xf8000e           0x000002  
FUID0            0xf80010           0x000002  
FUID1            0xf80012           0x000002  
FUID2            0xf80014           0x000002  
FUID3            0xf80016           0x000002  
*default*        0x000000           0xffffffff  

Linker script and memory map

LOAD build/XC16_dsPIC33FJ128MC804/production/main.o
LOAD build/XC16_dsPIC33FJ128MC804/production/system.o
LOAD build/XC16_dsPIC33FJ128MC804/production/traps.o
LOAD build/XC16_dsPIC33FJ128MC804/production/user.o
LOAD build/XC16_dsPIC33FJ128MC804/production/interrupts.o
LOAD build/XC16_dsPIC33FJ128MC804/production/gestion_AX12.o
LOAD build/XC16_dsPIC33FJ128MC804/production/Uart_1.o
LOAD build/XC16_dsPIC33FJ128MC804/production/pump.o
LOAD build/XC16_dsPIC33FJ128MC804/production/pmw.o
LOAD build/XC16_dsPIC33FJ128MC804/production/serialusM2M.o
LOAD build/XC16_dsPIC33FJ128MC804/production/autom.o
LOAD build/XC16_dsPIC33FJ128MC804/production/asserv.o
LOAD build/XC16_dsPIC33FJ128MC804/production/codeurs.o
LOAD build/XC16_dsPIC33FJ128MC804/production/ascenseur_params.o
LOAD build/XC16_dsPIC33FJ128MC804/production/ascenseur_asserv.o
                    0x0001                  __MPLAB_BUILD = 0x1
LOAD p33FJ128MC804
LOAD c:/program files/microchip/xc16/v2.10/bin/bin/../../lib\libfx-elf.a
                    0xf80000                  __FBS = 0xf80000
                    0xf80002                  __FSS = 0xf80002
                    0xf80004                  __FGS = 0xf80004
                    0xf80006                  __FOSCSEL = 0xf80006
                    0xf80008                  __FOSC = 0xf80008
                    0xf8000a                  __FWDT = 0xf8000a
                    0xf8000c                  __FPOR = 0xf8000c
                    0xf8000e                  __FICD = 0xf8000e
                    0xf80010                  __FUID0 = 0xf80010
                    0xf80012                  __FUID1 = 0xf80012
                    0xf80014                  __FUID2 = 0xf80014
                    0xf80016                  __FUID3 = 0xf80016
                    0x0200                  __CODE_BASE = 0x200
                    0x15600                  __CODE_LENGTH = 0x15600
                    0x0004                  __IVT_BASE = 0x4
                    0x0104                  __AIVT_BASE = 0x104
                    0x0800                  __DATA_BASE = 0x800
                    0x4000                  __DATA_LENGTH = 0x4000
                    0x2800                  __YDATA_BASE = 0x2800
                    0x4000                  __DMA_BASE = 0x4000
                    0x47ff                  __DMA_END = 0x47ff

.reset            0x000000          0x4
                  0x000000          0x2 SHORT 0x200 ABSOLUTE (__reset)
                  0x000001          0x2 SHORT 0x4
                  0x000002          0x2 SHORT 0x0 ((ABSOLUTE (__reset) >> 0x10) & 0x7f)
                  0x000003          0x2 SHORT 0x0

.text             0x000200       0x561e
 *(.init)
 .init            0x000200         0x4c c:/program files/microchip/xc16/v2.10/bin/bin/../../lib\libc99-pic30-elf.a(crt0_standard.o)
                  0x000200                  __resetPRI
                  0x000200                  __reset
                  0x00023c                  __psv_init
 .init            0x00024c         0x7c c:/program files/microchip/xc16/v2.10/bin/bin/../../lib\libc99-pic30-elf.a(data_init_standard.o)
                  0x000252                  __data_init_standard
                  0x000252                  __data_init
 *(.user_init)
 *(.handle)
 .handle          0x0002c8          0xc jump_table
 *(.isr*)
 .isr.text        0x0002d4         0x40 build/XC16_dsPIC33FJ128MC804/production/traps.o
                  0x0002d4                  __OscillatorFail
                  0x0002da                  __AddressError
                  0x0002e0                  __StackError
                  0x0002e6                  __MathError
                  0x0002ec                  __DMACError
                  0x0002f2                  __AltOscillatorFail
                  0x0002f8                  __AltAddressError
                  0x0002fe                  __AltStackError
                  0x000304                  __AltMathError
                  0x00030a                  __AltDMACError
                  0x000310                  __DefaultInterrupt
 .isr.text        0x000314        0x1a4 build/XC16_dsPIC33FJ128MC804/production/interrupts.o
                  0x000314                  __T1Interrupt
                  0x000378                  __T2Interrupt
                  0x000380                  __T3Interrupt
                  0x0003a2                  __T4Interrupt
                  0x000410                  __T5Interrupt
                  0x00041c                  __QEI1Interrupt
                  0x00044c                  __U1RXInterrupt
                  0x000474                  __U2RXInterrupt
                  0x000496                  __U2TXInterrupt
                  0x0004a8                  __INT1Interrupt
                  0x0004b0                  __INT2Interrupt
 *(.libc)
 .libc            0x0004b8         0x12 c:/program files/microchip/xc16/v2.10/bin/bin/../../lib\libc99-pic30-elf.a(close.dMeo)
                  0x0004b8                  _close
 .libc            0x0004ca         0x84 c:/program files/microchip/xc16/v2.10/bin/bin/../../lib\libc99-pic30-elf.a(write.dMeo)
                  0x0004ca                  _write
 *(.libm)
 *(.libdsp)
 *(.lib*)
 .libpic30_crt_start_mode
                  0x00054e          0x2 c:/program files/microchip/xc16/v2.10/bin/bin/../../lib\libc99-pic30-elf.a(crt_start_mode_normal.Meo)
                  0x00054e                  __crt_start_mode
                  0x00054e                  __crt_start_mode_normal
 .libm.eqdf2      0x000550          0xa c:/program files/microchip/xc16/v2.10/bin/bin/../../lib\libc99-pic30-elf.a(deqltle.XX_o)
                  0x000550                  ___eqdf2
                  0x000550                  ___ltdf2
                  0x000550                  ___ledf2
 .libm.gtdf2      0x00055a          0xa c:/program files/microchip/xc16/v2.10/bin/bin/../../lib\libc99-pic30-elf.a(dgtge.XX_o)
                  0x00055a                  ___gtdf2
                  0x00055a                  ___gedf2
 .libm.extendsfdf2
                  0x000564         0x3e c:/program files/microchip/xc16/v2.10/bin/bin/../../lib\libc99-pic30-elf.a(extendsfdf.XX_o)
                  0x000564                  ___extendsfdf2
 .libm.fixdfsi    0x0005a2         0x58 c:/program files/microchip/xc16/v2.10/bin/bin/../../lib\libc99-pic30-elf.a(fixdfsi.XX_o)
                  0x0005a2                  _(float, int, long long, double, float, short, int)
 .libm.fixsfsi    0x0005fa         0x42 c:/program files/microchip/xc16/v2.10/bin/bin/../../lib\libc99-pic30-elf.a(fixsfsi.XX_o)
                  0x0005fa                  _(float, int, long long, short, float, short, int)
 .libm.fixunsdfdi
                  0x00063c         0x62 c:/program files/microchip/xc16/v2.10/bin/bin/../../lib\libc99-pic30-elf.a(fixunsdfdi.XX_o)
                  0x00063c                  ___fixunsdfdi
 .libm.fixunsdfsi
                  0x00069e         0x4c c:/program files/microchip/xc16/v2.10/bin/bin/../../lib\libc99-pic30-elf.a(fixunsdfsi.XX_o)
                  0x00069e                  ___fixunsdfsi
 .libm.floatsidf
                  0x0006ea          0x6 c:/program files/microchip/xc16/v2.10/bin/bin/../../lib\libc99-pic30-elf.a(floatsidf.XX_o)
                  0x0006ea                  ___floatsidf
 .libm.floatsisf
                  0x0006f0          0x6 c:/program files/microchip/xc16/v2.10/bin/bin/../../lib\libc99-pic30-elf.a(floatsisf.XX_o)
                  0x0006f0                  ___floatsisf
 .libm.floatunsidf
                  0x0006f6          0x4 c:/program files/microchip/xc16/v2.10/bin/bin/../../lib\libc99-pic30-elf.a(floatunsidf.XX_o)
                  0x0006f6                  ___floatunsidf
 .libm.floatunsisf
                  0x0006fa          0x4 c:/program files/microchip/xc16/v2.10/bin/bin/../../lib\libc99-pic30-elf.a(floatunsisf.XX_o)
                  0x0006fa                  ___floatunsisf
 .libm.funpack    0x0006fe         0x2a c:/program files/microchip/xc16/v2.10/bin/bin/../../lib\libc99-pic30-elf.a(funpack.XX_o)
                  0x0006fe                  __funpack
 .libm.truncdfsf2
                  0x000728         0x56 c:/program files/microchip/xc16/v2.10/bin/bin/../../lib\libc99-pic30-elf.a(truncdfsf.XX_o)
                  0x000728                  ___truncdfsf2
 .lib_dpfops      0x00077e         0xa2 c:/program files/microchip/xc16/v2.10/bin/bin/../../lib\libc99-pic30-elf.a(dpadd.XX_o)
                  0x00077e                  ___subdf3
                  0x00078a                  ___adddf3
 .lib_dpfops      0x000820        0x15e c:/program files/microchip/xc16/v2.10/bin/bin/../../lib\libc99-pic30-elf.a(dpdiv.XX_o)
                  0x000820                  ___divdf3
 .lib_dpfops      0x00097e        0x11a c:/program files/microchip/xc16/v2.10/bin/bin/../../lib\libc99-pic30-elf.a(dpmul.XX_o)
                  0x00097e                  ___muldf3
 .lib_dpfops      0x000a98        0x128 c:/program files/microchip/xc16/v2.10/bin/bin/../../lib\libc99-pic30-elf.a(dpsubs.XX_o)
                  0x000ab2                  __dxchg
                  0x000ac0                  __drshft
                  0x000b1a                  __dupchk
                  0x000b7c                  __drndex
                  0x000b86                  __dnsrnd
                  0x000bb2                  __dpakex
 .libmx           0x000bc0        0x1dc c:/program files/microchip/xc16/v2.10/bin/bin/../../lib\libc99-pic30-elf.a(addsf3x.XX_o)
                  0x000bc0                  ___subsf3x
                  0x000bc0                  ___subsf3
                  0x000bd2                  ___addsf3x
                  0x000bd2                  ___addsf3
 .libmx           0x000d9c        0x1be c:/program files/microchip/xc16/v2.10/bin/bin/../../lib\libc99-pic30-elf.a(divsf3x.XX_o)
                  0x000d9c                  ___divsf3x
                  0x000d9c                  ___divsf3
                  0x000f2e                  __sdivf
 .libmx           0x000f5a        0x10c c:/program files/microchip/xc16/v2.10/bin/bin/../../lib\libc99-pic30-elf.a(mulsf3x.XX_o)
                  0x000f5a                  ___mulsf3x
                  0x000f5a                  ___mulsf3
 .libmx           0x001066         0x54 c:/program files/microchip/xc16/v2.10/bin/bin/../../lib\libc99-pic30-elf.a(dnrmpackfx.XX_o)
                  0x001066                  __dnrmpackf
 .libmx           0x0010ba         0x5e c:/program files/microchip/xc16/v2.10/bin/bin/../../lib\libc99-pic30-elf.a(unpackdnrmfx.XX_o)
                  0x0010ba                  __unpackdnrmf
 .libmx           0x001118         0x34 c:/program files/microchip/xc16/v2.10/bin/bin/../../lib\libc99-pic30-elf.a(typefx.XX_o)
                  0x001118                  __typef
 .libmx           0x00114c         0x12 c:/program files/microchip/xc16/v2.10/bin/bin/../../lib\libc99-pic30-elf.a(propnanfx.XX_o)
                  0x00114c                  __propnanf
 .libmx           0x00115e         0xa6 c:/program files/microchip/xc16/v2.10/bin/bin/../../lib\libc99-pic30-elf.a(spackfx.XX_o)
                  0x00115e                  __spackf
 .libmx           0x001204         0x66 c:/program files/microchip/xc16/v2.10/bin/bin/../../lib\libc99-pic30-elf.a(unpackfx.XX_o)
                  0x001204                  __unpackf
 .libm.__PplusBdi
                  0x00126a         0x26 c:/program files/microchip/xc16/v2.10/bin/bin/../../lib\libc99-pic30-elf.a(divmoddi3.dXX_o)
 .libm.__PminusBdi
                  0x001290         0x26 c:/program files/microchip/xc16/v2.10/bin/bin/../../lib\libc99-pic30-elf.a(divmoddi3.dXX_o)
 .libm.__udivmoddi3
                  0x0012b6         0xe6 c:/program files/microchip/xc16/v2.10/bin/bin/../../lib\libc99-pic30-elf.a(divmoddi3.dXX_o)
                  0x0012b6                  ___udivmoddi3
 .libm.__udivdi3
                  0x00139c          0xe c:/program files/microchip/xc16/v2.10/bin/bin/../../lib\libc99-pic30-elf.a(divmoddi3.dXX_o)
                  0x00139c                  ___udivdi3
 .libm.__umoddi3
                  0x0013aa          0x8 c:/program files/microchip/xc16/v2.10/bin/bin/../../lib\libc99-pic30-elf.a(divmoddi3.dXX_o)
                  0x0013aa                  ___umoddi3
 .libm.__divdi3
                  0x0013b2         0x60 c:/program files/microchip/xc16/v2.10/bin/bin/../../lib\libc99-pic30-elf.a(divmoddi3.dXX_o)
                  0x0013b2                  ___divdi3
 .libm.__moddi3
                  0x001412         0x5c c:/program files/microchip/xc16/v2.10/bin/bin/../../lib\libc99-pic30-elf.a(divmoddi3.dXX_o)
                  0x001412                  ___moddi3
 .libm.dcompare
                  0x00146e         0x52 c:/program files/microchip/xc16/v2.10/bin/bin/../../lib\libc99-pic30-elf.a(dcompare.XX_o)
                  0x00146e                  __dcompare
 .libm.dtype      0x0014c0         0x24 c:/program files/microchip/xc16/v2.10/bin/bin/../../lib\libc99-pic30-elf.a(dtype.XX_o)
                  0x0014c0                  __dtype
 .libm.dunpack    0x0014e4         0x4e c:/program files/microchip/xc16/v2.10/bin/bin/../../lib\libc99-pic30-elf.a(dunpack.XX_o)
                  0x0014e4                  __dunpack
 .libm.dunpack2
                  0x001532         0x32 c:/program files/microchip/xc16/v2.10/bin/bin/../../lib\libc99-pic30-elf.a(dunpack2.XX_o)
                  0x001532                  __dunpack2
                  0x001554                  __dreturnNaN
                  0x00155a                  __dunpack2exit
 .libm.floatdidf
                  0x001564         0x20 c:/program files/microchip/xc16/v2.10/bin/bin/../../lib\libc99-pic30-elf.a(floatdidf.XX_o)
                  0x001564                  ___floatdidf
 .libm.floatdisf
                  0x001584         0x20 c:/program files/microchip/xc16/v2.10/bin/bin/../../lib\libc99-pic30-elf.a(floatdisf.XX_o)
                  0x001584                  ___floatdisf
 .libm.floatundidf
                  0x0015a4         0x56 c:/program files/microchip/xc16/v2.10/bin/bin/../../lib\libc99-pic30-elf.a(floatundidf.XX_o)
                  0x0015a4                  ___floatundidf
 .libm.floatundisf
                  0x0015fa         0x5e c:/program files/microchip/xc16/v2.10/bin/bin/../../lib\libc99-pic30-elf.a(floatundisf.XX_o)
                  0x0015fa                  ___floatundisf
 .libm.fpack      0x001658         0x4c c:/program files/microchip/xc16/v2.10/bin/bin/../../lib\libc99-pic30-elf.a(fpack.XX_o)
                  0x001658                  __fpack
 .libm.dpack      0x0016a4         0x58 c:/program files/microchip/xc16/v2.10/bin/bin/../../lib\libc99-pic30-elf.a(dpack.XX_o)
                  0x0016a4                  __dpack
 .libm.dPropagateNaN
                  0x0016fc         0x1c c:/program files/microchip/xc16/v2.10/bin/bin/../../lib\libc99-pic30-elf.a(dpropagateNaN.XX_o)
                  0x0016fc                  __dPropagateNaN
 .libc.__LONG_DOUBLE_BITS
                  0x001718          0x2 c:/program files/microchip/xc16/v2.10/bin/bin/../../lib\libm-elf.a(atan2.dXX_o)
 .libc.atan2      0x00171a        0x25c c:/program files/microchip/xc16/v2.10/bin/bin/../../lib\libm-elf.a(atan2.dXX_o)
                  0x00171a                  _atan2
 .libc.cos        0x001976         0xbe c:/program files/microchip/xc16/v2.10/bin/bin/../../lib\libm-elf.a(cos.dXX_o)
                  0x001976                  _cos
 .libc.fabs       0x001a34         0x16 c:/program files/microchip/xc16/v2.10/bin/bin/../../lib\libm-elf.a(fabs.dXX_o)
                  0x001a34                  _fabs
 .libc.sin        0x001a4a        0x102 c:/program files/microchip/xc16/v2.10/bin/bin/../../lib\libm-elf.a(sin.dXX_o)
                  0x001a4a                  _sin
 .libc.sqrt       0x001b4c        0x2fc c:/program files/microchip/xc16/v2.10/bin/bin/../../lib\libm-elf.a(sqrt.dXX_o)
                  0x001b4c                  _sqrt
 .libc.__cos      0x001e48        0x17a c:/program files/microchip/xc16/v2.10/bin/bin/../../lib\libm-elf.a(__cos.dXX_o)
                  0x001e48                  ___cos
 .libc.__rem_pio2
                  0x001fc2        0x52e c:/program files/microchip/xc16/v2.10/bin/bin/../../lib\libm-elf.a(__rem_pio2.dXX_o)
                  0x001fc2                  ___rem_pio2
 .libc.__sin      0x0024f0        0x19c c:/program files/microchip/xc16/v2.10/bin/bin/../../lib\libm-elf.a(__sin.dXX_o)
                  0x0024f0                  ___sin
 .libc.__LONG_DOUBLE_BITS
                  0x00268c          0x2 c:/program files/microchip/xc16/v2.10/bin/bin/../../lib\libm-elf.a(atan.dXX_o)
 .libc.atan       0x00268e        0x32e c:/program files/microchip/xc16/v2.10/bin/bin/../../lib\libm-elf.a(atan.dXX_o)
                  0x00268e                  _atan
 .libc.__wrap_printf
                  0x0029bc         0x10 c:/program files/microchip/xc16/v2.10/bin/bin/../../lib\libc99-elf.a(__sio_printf_dfosux.dXX_o)
                  0x0029bc                  __dprintf_cdfFnopsuxX
                  0x0029bc                  __dprintf_cdeEfFgGnopsuxX
                  0x0029bc                  __dprintf_cdgGnopsuxX
                  0x0029bc                  __dprintf_cdeEfFnopsuxX
                  0x0029bc                  __dprintf_cdfFgGnopsuxX
                  0x0029bc                  __printf_cdeEgGnopsuxX
                  0x0029bc                  __printf_cdeEnopsuxX
                  0x0029bc                  __printf_cdeEfFnopsuxX
                  0x0029bc                  __printf_cdfFgGnopsuxX
                  0x0029bc                  __dprintf_cdeEnopsuxX
                  0x0029bc                  __printf_cdeEfFgGnopsuxX
                  0x0029bc                  __printf_cdgGnopsuxX
                  0x0029bc                  __dprintf_cdeEgGnopsuxX
                  0x0029bc                  __printf_cdfFnopsuxX
 .libc.__sio_printf_dfosux
                  0x0029cc         0x12 c:/program files/microchip/xc16/v2.10/bin/bin/../../lib\libc99-elf.a(__sio_printf_dfosux.dXX_o)
                  0x0029cc                  ___sio_printf_dfosux
 .libc.__wrap_printf
                  0x0029de         0x10 c:/program files/microchip/xc16/v2.10/bin/bin/../../lib\libc99-elf.a(__sio_printf_dfoux.dXX_o)
                  0x0029de                  __printf_cdgGnopuxX
                  0x0029de                  __printf_cdeEfFgGnopuxX
                  0x0029de                  __printf_cdfFnopuxX
                  0x0029de                  __dprintf_cdeEfFgGnopuxX
                  0x0029de                  __dprintf_cdgGnopuxX
                  0x0029de                  __dprintf_cdeEgGnopuxX
                  0x0029de                  __dprintf_cdeEfFnopuxX
                  0x0029de                  __printf_cdeEgGnopuxX
                  0x0029de                  __printf_cdeEnopuxX
                  0x0029de                  __printf_cdeEfFnopuxX
                  0x0029de                  __dprintf_cdfFnopuxX
                  0x0029de                  __dprintf_cdfFgGnopuxX
                  0x0029de                  __dprintf_cdeEnopuxX
                  0x0029de                  __printf_cdfFgGnopuxX
 .libc.__sio_printf_dfoux
                  0x0029ee         0x12 c:/program files/microchip/xc16/v2.10/bin/bin/../../lib\libc99-elf.a(__sio_printf_dfoux.dXX_o)
                  0x0029ee                  ___sio_printf_dfoux
 .libc.__wrap_printf
                  0x002a00         0x10 c:/program files/microchip/xc16/v2.10/bin/bin/../../lib\libc99-elf.a(__sio_printf_doux.dXX_o)
                  0x002a00                  __printf_cdnopuxX
                  0x002a00                  __dprintf_cdnopuxX
 .libc.__sio_printf_doux
                  0x002a10          0xe c:/program files/microchip/xc16/v2.10/bin/bin/../../lib\libc99-elf.a(__sio_printf_doux.dXX_o)
                  0x002a10                  ___sio_printf_doux
 .libc.atof       0x002a1e          0x4 c:/program files/microchip/xc16/v2.10/bin/bin/../../lib\libc99-elf.a(atof.dXX_o)
                  0x002a1e                  _atof
 .libc.__isspace
                  0x002a22         0x14 c:/program files/microchip/xc16/v2.10/bin/bin/../../lib\libc99-elf.a(atoi.dXX_o)
 .libc.atoi       0x002a36         0x4c c:/program files/microchip/xc16/v2.10/bin/bin/../../lib\libc99-elf.a(atoi.dXX_o)
                  0x002a36                  _atoi
 .libc.__isspace
                  0x002a82         0x14 c:/program files/microchip/xc16/v2.10/bin/bin/../../lib\libc99-elf.a(atol.dXX_o)
 .libc.atol       0x002a96         0x54 c:/program files/microchip/xc16/v2.10/bin/bin/../../lib\libc99-elf.a(atol.dXX_o)
                  0x002a96                  _atol
 .libc.putchar    0x002aea          0x6 c:/program files/microchip/xc16/v2.10/bin/bin/../../lib\libc99-elf.a(putchar.dXX_o)
                  0x002aea                  _putchar
 .libc.puts       0x002af0         0x1a c:/program files/microchip/xc16/v2.10/bin/bin/../../lib\libc99-elf.a(puts.dXX_o)
                  0x002af0                  _puts
 .libc.__dummy0
                  0x002b0a          0x2 c:/program files/microchip/xc16/v2.10/bin/bin/../../lib\libc99-elf.a(stdout.dXX_o)
                  0x002b0a                  ___stdio_seek
 .libc.__dummy    0x002b0c          0x4 c:/program files/microchip/xc16/v2.10/bin/bin/../../lib\libc99-elf.a(stdout.dXX_o)
                  0x002b0c                  ___get_stdout
 .libc.__init_stdout
                  0x002b10          0x8 c:/program files/microchip/xc16/v2.10/bin/bin/../../lib\libc99-elf.a(stdout.dXX_o)
                  0x002b10                  ___init_stdout
 .libc.strncpy    0x002b18          0xe c:/program files/microchip/xc16/v2.10/bin/bin/../../lib\libc99-elf.a(strncpy.dXX_o)
                  0x002b18                  _strncpy
 .libc.strtox     0x002b26         0x58 c:/program files/microchip/xc16/v2.10/bin/bin/../../lib\libc99-elf.a(strtod.dXX_o)
 .libc.strtof     0x002b7e          0x6 c:/program files/microchip/xc16/v2.10/bin/bin/../../lib\libc99-elf.a(strtod.dXX_o)
                  0x002b7e                  ___strtof_l
                  0x002b7e                  _strtof
                  0x002b7e                  _strtof_l
 .libc.strtod     0x002b84          0x4 c:/program files/microchip/xc16/v2.10/bin/bin/../../lib\libc99-elf.a(strtod.dXX_o)
                  0x002b84                  ___strtod_l
                  0x002b84                  _strtod
                  0x002b84                  _strtod_l
 .libc.strtold    0x002b88          0x4 c:/program files/microchip/xc16/v2.10/bin/bin/../../lib\libc99-elf.a(strtod.dXX_o)
                  0x002b88                  _strtold_l
                  0x002b88                  _strtold
                  0x002b88                  ___strtold_l
 .libc.__fmt_d    0x002b8c         0xb2 c:/program files/microchip/xc16/v2.10/bin/bin/../../lib\libc99-elf.a(__fmt_d.dXX_o)
                  0x002b8c                  ___fmt_d
                  0x002b8c                  ___fmt_d_needed
 .libc.__LONG_DOUBLE_BITS
                  0x002c3e          0x2 c:/program files/microchip/xc16/v2.10/bin/bin/../../lib\libc99-elf.a(__fmt_fp.dXX_o)
 .libc.__fmt_fp
                  0x002c40        0x5b6 c:/program files/microchip/xc16/v2.10/bin/bin/../../lib\libc99-elf.a(__fmt_fp.dXX_o)
                  0x002c40                  ___fmt_f_needed
                  0x002c40                  ___fmt_fp
 .libc.__fmt_o    0x0031f6         0x6a c:/program files/microchip/xc16/v2.10/bin/bin/../../lib\libc99-elf.a(__fmt_o.dXX_o)
                  0x0031f6                  ___fmt_o
                  0x0031f6                  ___fmt_o_needed
 .libc.__fmt_s    0x003260         0x54 c:/program files/microchip/xc16/v2.10/bin/bin/../../lib\libc99-elf.a(__fmt_s.dXX_o)
                  0x003260                  ___fmt_0_needed
                  0x003260                  ___fmt_s_needed
                  0x003260                  ___fmt_s
 .libc.__cvt_u    0x0032b4         0xa6 c:/program files/microchip/xc16/v2.10/bin/bin/../../lib\libc99-elf.a(__fmt_u.dXX_o)
                  0x0032b4                  ___cvt_u
 .libc.__fmt_u    0x00335a         0x52 c:/program files/microchip/xc16/v2.10/bin/bin/../../lib\libc99-elf.a(__fmt_u.dXX_o)
                  0x00335a                  ___fmt_u
                  0x00335a                  ___fmt_u_needed
 .libc.__fmt_x    0x0033ac        0x14a c:/program files/microchip/xc16/v2.10/bin/bin/../../lib\libc99-elf.a(__fmt_x.dXX_o)
                  0x0033ac                  ___fmt_x_needed
                  0x0033ac                  ___fmt_x
 .libc.__vfprintf
                  0x0034f6         0x1c c:/program files/microchip/xc16/v2.10/bin/bin/../../lib\libc99-elf.a(__int_vfprintf.dXX_o)
                  0x0034f6                  ___vfprintf
 .libc.__string_out
                  0x003512         0x26 c:/program files/microchip/xc16/v2.10/bin/bin/../../lib\libc99-elf.a(__out.dXX_o)
 .libc.__fwrite_min
                  0x003538          0x4 c:/program files/microchip/xc16/v2.10/bin/bin/../../lib\libc99-elf.a(__out.dXX_o)
                  0x003538                  ___fwrite
                  0x003538                  ___stdio_write
                  0x003538                  ___stdio_write_unbuffered
 .libc.__out      0x00353c         0x10 c:/program files/microchip/xc16/v2.10/bin/bin/../../lib\libc99-elf.a(__out.dXX_o)
                  0x00353c                  ___out_needed
                  0x00353c                  ___out
 .libc.__pop_float
                  0x00354c         0x2a c:/program files/microchip/xc16/v2.10/bin/bin/../../lib\libc99-elf.a(__pop_float.dXX_o)
                  0x00354c                  ___pop_float
                  0x00354c                  ___pop_float_needed
 .libc.__pop_int
                  0x003576         0xa8 c:/program files/microchip/xc16/v2.10/bin/bin/../../lib\libc99-elf.a(__pop_int.dXX_o)
                  0x003576                  ___pop_int
                  0x003576                  ___pop_int_needed
 .libc.__pop_ptr
                  0x00361e         0x70 c:/program files/microchip/xc16/v2.10/bin/bin/../../lib\libc99-elf.a(__pop_ptr.dXX_o)
                  0x00361e                  ___pop_ptr_needed
                  0x00361e                  ___pop_ptr
 .libc.__string_out
                  0x00368e         0x26 c:/program files/microchip/xc16/v2.10/bin/bin/../../lib\libc99-elf.a(__printf_core.dXX_o)
 .libc.__pad      0x0036b4         0x74 c:/program files/microchip/xc16/v2.10/bin/bin/../../lib\libc99-elf.a(__printf_core.dXX_o)
                  0x0036b4                  ___pad
 .libc.__dummy_fmt3
                  0x003728          0x2 c:/program files/microchip/xc16/v2.10/bin/bin/../../lib\libc99-elf.a(__printf_core.dXX_o)
 .libc.__dummy_fmt4
                  0x00372a          0x2 c:/program files/microchip/xc16/v2.10/bin/bin/../../lib\libc99-elf.a(__printf_core.dXX_o)
                  0x00372a                  ___fmt_a
 .libc.__dummy_fmts
                  0x00372c          0x2 c:/program files/microchip/xc16/v2.10/bin/bin/../../lib\libc99-elf.a(__printf_core.dXX_o)
 .libc.__fmt_state
                  0x00372e         0x2c c:/program files/microchip/xc16/v2.10/bin/bin/../../lib\libc99-elf.a(__printf_core.dXX_o)
                  0x00372e                  ___fmt_state
 .libc.vfpfcnvrt.clone.0
                  0x00375a        0x2d8 c:/program files/microchip/xc16/v2.10/bin/bin/../../lib\libc99-elf.a(__printf_core.dXX_o)
 .libc.__printf_core
                  0x003a32         0x40 c:/program files/microchip/xc16/v2.10/bin/bin/../../lib\libc99-elf.a(__printf_core.dXX_o)
                  0x003a32                  ___printf_core
 .libc.__stdio_close
                  0x003a72         0x3e c:/program files/microchip/xc16/v2.10/bin/bin/../../lib\libc99-elf.a(__stdio_close.dXX_o)
                  0x003a72                  ___stdio_close
 .libc.__stdio_close_rw
                  0x003ab0         0x58 c:/program files/microchip/xc16/v2.10/bin/bin/../../lib\libc99-elf.a(__stdio_close.dXX_o)
                  0x003ab0                  ___stdio_close_rw
 .libc.__isspace
                  0x003b08         0x14 c:/program files/microchip/xc16/v2.10/bin/bin/../../lib\libc99-elf.a(floatscan.dXX_o)
 .libc.scanexp    0x003b1c        0x174 c:/program files/microchip/xc16/v2.10/bin/bin/../../lib\libc99-elf.a(floatscan.dXX_o)
 .libc.hexfloat
                  0x003c90        0x54c c:/program files/microchip/xc16/v2.10/bin/bin/../../lib\libc99-elf.a(floatscan.dXX_o)
 .libc.decfloat
                  0x0041dc        0x8ec c:/program files/microchip/xc16/v2.10/bin/bin/../../lib\libc99-elf.a(floatscan.dXX_o)
 .libc.__floatscan
                  0x004ac8        0x22a c:/program files/microchip/xc16/v2.10/bin/bin/../../lib\libc99-elf.a(floatscan.dXX_o)
                  0x004ac8                  ___floatscan
 .libc.fputs      0x004cf2         0x28 c:/program files/microchip/xc16/v2.10/bin/bin/../../lib\libc99-elf.a(fputs.dXX_o)
                  0x004cf2                  _fputs_unlocked
                  0x004cf2                  _fputs
 .libc.__fwrite_min
                  0x004d1a          0x4 c:/program files/microchip/xc16/v2.10/bin/bin/../../lib\libc99-elf.a(fwrite.dXX_o)
 .libc.fwrite     0x004d1e         0x2c c:/program files/microchip/xc16/v2.10/bin/bin/../../lib\libc99-elf.a(fwrite.dXX_o)
                  0x004d1e                  _fwrite
                  0x004d1e                  _fwrite_unlocked
 .libc.__lseek    0x004d4a          0xc c:/program files/microchip/xc16/v2.10/bin/bin/../../lib\libc99-elf.a(lseek.dXX_o)
                  0x004d4a                  _lseek
                  0x004d4a                  ___lseek
 .libc.memcpy     0x004d56          0xe c:/program files/microchip/xc16/v2.10/bin/bin/../../lib\libc99-elf.a(memcpy.dXX_o)
                  0x004d56                  _memcpy
 .libc.memset     0x004d64         0xc8 c:/program files/microchip/xc16/v2.10/bin/bin/../../lib\libc99-elf.a(memset.dXX_o)
                  0x004d64                  _memset
 .libc.__putc_unbuffered
                  0x004e2c         0x2e c:/program files/microchip/xc16/v2.10/bin/bin/../../lib\libc99-elf.a(putc.dXX_o)
                  0x004e2c                  ___putc
                  0x004e2c                  ___putc_unbuffered
 .libc.putc       0x004e5a          0x2 c:/program files/microchip/xc16/v2.10/bin/bin/../../lib\libc99-elf.a(putc.dXX_o)
                  0x004e5a                  _putc
                  0x004e5a                  _fputc
                  0x004e5a                  _putc_unlocked
                  0x004e5a                  __IO_putc
 .libc.__shlim    0x004e5c         0x4a c:/program files/microchip/xc16/v2.10/bin/bin/../../lib\libc99-elf.a(shgetc.dXX_o)
                  0x004e5c                  ___shlim
 .libc.__shgetc
                  0x004ea6        0x130 c:/program files/microchip/xc16/v2.10/bin/bin/../../lib\libc99-elf.a(shgetc.dXX_o)
                  0x004ea6                  ___shgetc
 .libc.__stpncpy
                  0x004fd6         0x6a c:/program files/microchip/xc16/v2.10/bin/bin/../../lib\libc99-elf.a(stpncpy.dXX_o)
                  0x004fd6                  _stpncpy
                  0x004fd6                  ___stpncpy
 .libc.strcpy     0x005040          0xe c:/program files/microchip/xc16/v2.10/bin/bin/../../lib\libc99-elf.a(strcpy.dXX_o)
                  0x005040                  _strcpy
 .libc.strlen     0x00504e         0x30 c:/program files/microchip/xc16/v2.10/bin/bin/../../lib\libc99-elf.a(strlen.dXX_o)
                  0x00504e                  _strlen
 .libc.__syscall_ret
                  0x00507e         0x14 c:/program files/microchip/xc16/v2.10/bin/bin/../../lib\libc99-elf.a(syscall_ret.dXX_o)
                  0x00507e                  ___syscall_ret
 .libc.tolower    0x005092          0xc c:/program files/microchip/xc16/v2.10/bin/bin/../../lib\libc99-elf.a(tolower.dXX_o)
                  0x005092                  _tolower
 .libc.__tolower_l
                  0x00509e          0x2 c:/program files/microchip/xc16/v2.10/bin/bin/../../lib\libc99-elf.a(tolower.dXX_o)
                  0x00509e                  ___tolower_l
                  0x00509e                  _tolower_l
 .libc.toupper    0x0050a0          0xc c:/program files/microchip/xc16/v2.10/bin/bin/../../lib\libc99-elf.a(toupper.dXX_o)
                  0x0050a0                  _toupper
 .libc.__toupper_l
                  0x0050ac          0x2 c:/program files/microchip/xc16/v2.10/bin/bin/../../lib\libc99-elf.a(toupper.dXX_o)
                  0x0050ac                  ___toupper_l
                  0x0050ac                  _toupper_l
 .libc.__dummy    0x0050ae          0x2 c:/program files/microchip/xc16/v2.10/bin/bin/../../lib\libc99-elf.a(__init_stdio.dXX_o)
                  0x0050ae                  ___init_stderr
                  0x0050ae                  ___init_stdin
 .libc.__init_stdio
                  0x0050b0          0x6 c:/program files/microchip/xc16/v2.10/bin/bin/../../lib\libc99-elf.a(__init_stdio.dXX_o)
                  0x0050b0                  ___init_stdio
                  0x0050b0                  ___init_stdio_needed
 .libc.__uflow    0x0050b6         0x2a c:/program files/microchip/xc16/v2.10/bin/bin/../../lib\libc99-elf.a(__uflow.dXX_o)
                  0x0050b6                  ___uflow
 .libc.__stpcpy
                  0x0050e0         0x40 c:/program files/microchip/xc16/v2.10/bin/bin/../../lib\libc99-elf.a(stpcpy.dXX_o)
                  0x0050e0                  ___stpcpy
                  0x0050e0                  _stpcpy
 .libc.__toread
                  0x005120         0x48 c:/program files/microchip/xc16/v2.10/bin/bin/../../lib\libc99-elf.a(__toread.dXX_o)
                  0x005120                  ___toread
 .libc.__toread_needs_stdio_exit
                  0x005168          0x2 c:/program files/microchip/xc16/v2.10/bin/bin/../../lib\libc99-elf.a(__toread.dXX_o)
                  0x005168                  ___toread_needs_stdio_exit
 .libc.__dummy    0x00516a          0x2 c:/program files/microchip/xc16/v2.10/bin/bin/../../lib\libc99-elf.a(__stdio_exit.dXX_o)
                  0x00516a                  ___stdio_exit_ofl
 .libc.__dummy1
                  0x00516c          0x2 c:/program files/microchip/xc16/v2.10/bin/bin/../../lib\libc99-elf.a(__stdio_exit.dXX_o)
                  0x00516c                  ___fclose
 .libc.__stdio_exit
                  0x00516e         0x14 c:/program files/microchip/xc16/v2.10/bin/bin/../../lib\libc99-elf.a(__stdio_exit.dXX_o)
                  0x00516e                  ___stdio_exit_needed
                  0x00516e                  ___stdio_exit
 .libc.doclose    0x005182          0x4 c:/program files/microchip/xc16/v2.10/bin/bin/../../lib\libc99-pic30-elf.a(close.dMeo)
 .libc.dowrite    0x005186          0x4 c:/program files/microchip/xc16/v2.10/bin/bin/../../lib\libc99-pic30-elf.a(write.dMeo)
 .libm.divsi3     0x00518a         0x1e c:/program files/microchip/xc16/v2.10/bin/bin/../../lib\libc99-pic30-elf.a(divsi3.XX_o)
                  0x00518a                  ___divsi3
 .libm.nedf2      0x0051a8          0xa c:/program files/microchip/xc16/v2.10/bin/bin/../../lib\libc99-pic30-elf.a(dne.XX_o)
                  0x0051a8                  ___nedf2
 .libm.fixdfdi    0x0051b2         0x74 c:/program files/microchip/xc16/v2.10/bin/bin/../../lib\libc99-pic30-elf.a(fixdfdi.XX_o)
                  0x0051b2                  _(float, int, long long, double, float, double, int)
 .libm.udivsi3    0x005226         0x20 c:/program files/microchip/xc16/v2.10/bin/bin/../../lib\libc99-pic30-elf.a(udivsi3.XX_o)
                  0x005226                  ___udivsi3
 .libm.umodsi3    0x005246          0x6 c:/program files/microchip/xc16/v2.10/bin/bin/../../lib\libc99-pic30-elf.a(umodsi3.XX_o)
                  0x005246                  ___umodsi3
 .libm.mulsi3     0x00524c          0xc c:/program files/microchip/xc16/v2.10/bin/bin/../../lib\libc99-pic30-elf.a(mulsi3.XX_o)
                  0x00524c                  ___mulp32peds3
                  0x00524c                  ___mulsi3
                  0x00524c                  ___mulp32eds3
 .libm.__muldi3
                  0x005258         0x52 c:/program files/microchip/xc16/v2.10/bin/bin/../../lib\libc99-pic30-elf.a(muldi3.dXX_o)
                  0x005258                  ___muldi3
 .libm.umuldi3    0x0052aa         0x44 c:/program files/microchip/xc16/v2.10/bin/bin/../../lib\libc99-pic30-elf.a(umuldi3.XX_o)
                  0x0052aa                  ___umuldi3
 .libc.copysignl
                  0x0052ee         0x34 c:/program files/microchip/xc16/v2.10/bin/bin/../../lib\libm-elf.a(copysignl.dXX_o)
                  0x0052ee                  _copysignl
 .libc.fabsl      0x005322         0x16 c:/program files/microchip/xc16/v2.10/bin/bin/../../lib\libm-elf.a(fabsl.dXX_o)
                  0x005322                  _fabsl
 .libc.floorl     0x005338         0xf8 c:/program files/microchip/xc16/v2.10/bin/bin/../../lib\libm-elf.a(floorl.dXX_o)
                  0x005338                  _floorl
 .libc.__LONG_DOUBLE_BITS
                  0x005430          0x2 c:/program files/microchip/xc16/v2.10/bin/bin/../../lib\libm-elf.a(fmodl.dXX_o)
 .libc.fmodl      0x005432        0x32c c:/program files/microchip/xc16/v2.10/bin/bin/../../lib\libm-elf.a(fmodl.dXX_o)
                  0x005432                  _fmodl
 .libc.scalbn     0x00575e         0x60 c:/program files/microchip/xc16/v2.10/bin/bin/../../lib\libm-elf.a(scalbn.dXX_o)
                  0x00575e                  _scalbn
 .libc.scalbnl    0x0057be         0x60 c:/program files/microchip/xc16/v2.10/bin/bin/../../lib\libm-elf.a(scalbnl.dXX_o)
                  0x0057be                  _scalbnl

usercode
 *(usercode)

__FBS             0xf80000          0x2
 *(__FBS.sec*)
 __FBS.sec        0xf80000          0x2 /CW/_FBSPh
                  0xf80000                  __FBS.sec

__FSS             0xf80002          0x2
 *(__FSS.sec*)
 __FSS.sec        0xf80002          0x2 /CW/_FSSÀ‰g
                  0xf80002                  __FSS.sec

__FGS             0xf80004          0x2
 *(__FGS.sec*)
 __FGS.sec        0xf80004          0x2 /CW/_FGS êg
                  0xf80004                  __FGS.sec

__FOSCSEL
 *(__FOSCSEL.sec*)

__FOSC
 *(__FOSC.sec*)

__FWDT
 *(__FWDT.sec*)

__FPOR
 *(__FPOR.sec*)

__FICD
 *(__FICD.sec*)

__FUID0
 *(__FUID0.sec*)

__FUID1
 *(__FUID1.sec*)

__FUID2
 *(__FUID2.sec*)

__FUID3
 *(__FUID3.sec*)

.comment
 *(.comment)

.debug_info       0x000000      0x10b29
 *(.debug_info)
 .debug_info      0x000000        0x3f4 build/XC16_dsPIC33FJ128MC804/production/main.o
 .debug_info      0x0003f4       0x5007 build/XC16_dsPIC33FJ128MC804/production/system.o
 .debug_info      0x0053fb        0x429 build/XC16_dsPIC33FJ128MC804/production/traps.o
 .debug_info      0x005824        0x15a build/XC16_dsPIC33FJ128MC804/production/user.o
 .debug_info      0x00597e       0x1a02 build/XC16_dsPIC33FJ128MC804/production/interrupts.o
 .debug_info      0x007380       0x1342 build/XC16_dsPIC33FJ128MC804/production/gestion_AX12.o
 .debug_info      0x0086c2        0xdb8 build/XC16_dsPIC33FJ128MC804/production/Uart_1.o
 .debug_info      0x00947a        0x59f build/XC16_dsPIC33FJ128MC804/production/pump.o
 .debug_info      0x009a19        0xb29 build/XC16_dsPIC33FJ128MC804/production/pmw.o
 .debug_info      0x00a542       0x107b build/XC16_dsPIC33FJ128MC804/production/serialusM2M.o
 .debug_info      0x00b5bd        0x1dd build/XC16_dsPIC33FJ128MC804/production/autom.o
 .debug_info      0x00b79a       0x1a96 build/XC16_dsPIC33FJ128MC804/production/asserv.o
 .debug_info      0x00d230        0x680 build/XC16_dsPIC33FJ128MC804/production/codeurs.o
 .debug_info      0x00d8b0        0x68e build/XC16_dsPIC33FJ128MC804/production/ascenseur_params.o
 .debug_info      0x00df3e       0x1287 build/XC16_dsPIC33FJ128MC804/production/ascenseur_asserv.o
 .debug_info      0x00f1c5         0x8d c:/program files/microchip/xc16/v2.10/bin/bin/../../lib\libc99-pic30-elf.a(deqltle.XX_o)
 .debug_info      0x00f252         0x8b c:/program files/microchip/xc16/v2.10/bin/bin/../../lib\libc99-pic30-elf.a(dgtge.XX_o)
 .debug_info      0x00f2dd         0x90 c:/program files/microchip/xc16/v2.10/bin/bin/../../lib\libc99-pic30-elf.a(extendsfdf.XX_o)
 .debug_info      0x00f36d         0x8d c:/program files/microchip/xc16/v2.10/bin/bin/../../lib\libc99-pic30-elf.a(fixdfsi.XX_o)
 .debug_info      0x00f3fa         0x8d c:/program files/microchip/xc16/v2.10/bin/bin/../../lib\libc99-pic30-elf.a(fixsfsi.XX_o)
 .debug_info      0x00f487         0x90 c:/program files/microchip/xc16/v2.10/bin/bin/../../lib\libc99-pic30-elf.a(fixunsdfdi.XX_o)
 .debug_info      0x00f517         0x90 c:/program files/microchip/xc16/v2.10/bin/bin/../../lib\libc99-pic30-elf.a(fixunsdfsi.XX_o)
 .debug_info      0x00f5a7         0x8f c:/program files/microchip/xc16/v2.10/bin/bin/../../lib\libc99-pic30-elf.a(floatsidf.XX_o)
 .debug_info      0x00f636         0x8f c:/program files/microchip/xc16/v2.10/bin/bin/../../lib\libc99-pic30-elf.a(floatsisf.XX_o)
 .debug_info      0x00f6c5         0x91 c:/program files/microchip/xc16/v2.10/bin/bin/../../lib\libc99-pic30-elf.a(floatunsidf.XX_o)
 .debug_info      0x00f756         0x91 c:/program files/microchip/xc16/v2.10/bin/bin/../../lib\libc99-pic30-elf.a(floatunsisf.XX_o)
 .debug_info      0x00f7e7         0x8d c:/program files/microchip/xc16/v2.10/bin/bin/../../lib\libc99-pic30-elf.a(funpack.XX_o)
 .debug_info      0x00f874         0x8f c:/program files/microchip/xc16/v2.10/bin/bin/../../lib\libc99-pic30-elf.a(truncdfsf.XX_o)
 .debug_info      0x00f903         0xa9 c:/program files/microchip/xc16/v2.10/bin/bin/../../lib\libc99-pic30-elf.a(dpadd.XX_o)
 .debug_info      0x00f9ac         0xa9 c:/program files/microchip/xc16/v2.10/bin/bin/../../lib\libc99-pic30-elf.a(dpdiv.XX_o)
 .debug_info      0x00fa55         0xa9 c:/program files/microchip/xc16/v2.10/bin/bin/../../lib\libc99-pic30-elf.a(dpmul.XX_o)
 .debug_info      0x00fafe         0xaa c:/program files/microchip/xc16/v2.10/bin/bin/../../lib\libc99-pic30-elf.a(dpsubs.XX_o)
 .debug_info      0x00fba8         0x9d c:/program files/microchip/xc16/v2.10/bin/bin/../../lib\libc99-pic30-elf.a(addsf3x.XX_o)
 .debug_info      0x00fc45         0x9d c:/program files/microchip/xc16/v2.10/bin/bin/../../lib\libc99-pic30-elf.a(divsf3x.XX_o)
 .debug_info      0x00fce2         0x9d c:/program files/microchip/xc16/v2.10/bin/bin/../../lib\libc99-pic30-elf.a(mulsf3x.XX_o)
 .debug_info      0x00fd7f         0xa0 c:/program files/microchip/xc16/v2.10/bin/bin/../../lib\libc99-pic30-elf.a(dnrmpackfx.XX_o)
 .debug_info      0x00fe1f         0xa2 c:/program files/microchip/xc16/v2.10/bin/bin/../../lib\libc99-pic30-elf.a(unpackdnrmfx.XX_o)
 .debug_info      0x00fec1         0x9c c:/program files/microchip/xc16/v2.10/bin/bin/../../lib\libc99-pic30-elf.a(typefx.XX_o)
 .debug_info      0x00ff5d         0x9f c:/program files/microchip/xc16/v2.10/bin/bin/../../lib\libc99-pic30-elf.a(propnanfx.XX_o)
 .debug_info      0x00fffc         0x9d c:/program files/microchip/xc16/v2.10/bin/bin/../../lib\libc99-pic30-elf.a(spackfx.XX_o)
 .debug_info      0x010099         0x9e c:/program files/microchip/xc16/v2.10/bin/bin/../../lib\libc99-pic30-elf.a(unpackfx.XX_o)
 .debug_info      0x010137         0x8e c:/program files/microchip/xc16/v2.10/bin/bin/../../lib\libc99-pic30-elf.a(dcompare.XX_o)
 .debug_info      0x0101c5         0x8b c:/program files/microchip/xc16/v2.10/bin/bin/../../lib\libc99-pic30-elf.a(dtype.XX_o)
 .debug_info      0x010250         0x8d c:/program files/microchip/xc16/v2.10/bin/bin/../../lib\libc99-pic30-elf.a(dunpack.XX_o)
 .debug_info      0x0102dd         0x8e c:/program files/microchip/xc16/v2.10/bin/bin/../../lib\libc99-pic30-elf.a(dunpack2.XX_o)
 .debug_info      0x01036b         0x8f c:/program files/microchip/xc16/v2.10/bin/bin/../../lib\libc99-pic30-elf.a(floatdidf.XX_o)
 .debug_info      0x0103fa         0x8f c:/program files/microchip/xc16/v2.10/bin/bin/../../lib\libc99-pic30-elf.a(floatdisf.XX_o)
 .debug_info      0x010489         0x91 c:/program files/microchip/xc16/v2.10/bin/bin/../../lib\libc99-pic30-elf.a(floatundidf.XX_o)
 .debug_info      0x01051a         0x91 c:/program files/microchip/xc16/v2.10/bin/bin/../../lib\libc99-pic30-elf.a(floatundisf.XX_o)
 .debug_info      0x0105ab         0x8b c:/program files/microchip/xc16/v2.10/bin/bin/../../lib\libc99-pic30-elf.a(fpack.XX_o)
 .debug_info      0x010636         0x8b c:/program files/microchip/xc16/v2.10/bin/bin/../../lib\libc99-pic30-elf.a(dpack.XX_o)
 .debug_info      0x0106c1         0x93 c:/program files/microchip/xc16/v2.10/bin/bin/../../lib\libc99-pic30-elf.a(dpropagateNaN.XX_o)
 .debug_info      0x010754         0x8c c:/program files/microchip/xc16/v2.10/bin/bin/../../lib\libc99-pic30-elf.a(divsi3.XX_o)
 .debug_info      0x0107e0         0x89 c:/program files/microchip/xc16/v2.10/bin/bin/../../lib\libc99-pic30-elf.a(dne.XX_o)
 .debug_info      0x010869         0x8d c:/program files/microchip/xc16/v2.10/bin/bin/../../lib\libc99-pic30-elf.a(fixdfdi.XX_o)
 .debug_info      0x0108f6         0x8d c:/program files/microchip/xc16/v2.10/bin/bin/../../lib\libc99-pic30-elf.a(udivsi3.XX_o)
 .debug_info      0x010983         0x8d c:/program files/microchip/xc16/v2.10/bin/bin/../../lib\libc99-pic30-elf.a(umodsi3.XX_o)
 .debug_info      0x010a10         0x8c c:/program files/microchip/xc16/v2.10/bin/bin/../../lib\libc99-pic30-elf.a(mulsi3.XX_o)
 .debug_info      0x010a9c         0x8d c:/program files/microchip/xc16/v2.10/bin/bin/../../lib\libc99-pic30-elf.a(umuldi3.XX_o)
 *(.gnu.linkonce.wi.*)

.debug_abbrev     0x000000       0x17fa
 *(.debug_abbrev)
 .debug_abbrev    0x000000        0x12a build/XC16_dsPIC33FJ128MC804/production/main.o
 .debug_abbrev    0x00012a        0x165 build/XC16_dsPIC33FJ128MC804/production/system.o
 .debug_abbrev    0x00028f         0x8a build/XC16_dsPIC33FJ128MC804/production/traps.o
 .debug_abbrev    0x000319         0x34 build/XC16_dsPIC33FJ128MC804/production/user.o
 .debug_abbrev    0x00034d        0x155 build/XC16_dsPIC33FJ128MC804/production/interrupts.o
 .debug_abbrev    0x0004a2        0x2ca build/XC16_dsPIC33FJ128MC804/production/gestion_AX12.o
 .debug_abbrev    0x00076c        0x195 build/XC16_dsPIC33FJ128MC804/production/Uart_1.o
 .debug_abbrev    0x000901         0x9d build/XC16_dsPIC33FJ128MC804/production/pump.o
 .debug_abbrev    0x00099e        0x110 build/XC16_dsPIC33FJ128MC804/production/pmw.o
 .debug_abbrev    0x000aae        0x256 build/XC16_dsPIC33FJ128MC804/production/serialusM2M.o
 .debug_abbrev    0x000d04         0x32 build/XC16_dsPIC33FJ128MC804/production/autom.o
 .debug_abbrev    0x000d36        0x2c3 build/XC16_dsPIC33FJ128MC804/production/asserv.o
 .debug_abbrev    0x000ff9        0x14c build/XC16_dsPIC33FJ128MC804/production/codeurs.o
 .debug_abbrev    0x001145        0x127 build/XC16_dsPIC33FJ128MC804/production/ascenseur_params.o
 .debug_abbrev    0x00126c        0x21e build/XC16_dsPIC33FJ128MC804/production/ascenseur_asserv.o
 .debug_abbrev    0x00148a         0x14 c:/program files/microchip/xc16/v2.10/bin/bin/../../lib\libc99-pic30-elf.a(deqltle.XX_o)
 .debug_abbrev    0x00149e         0x14 c:/program files/microchip/xc16/v2.10/bin/bin/../../lib\libc99-pic30-elf.a(dgtge.XX_o)
 .debug_abbrev    0x0014b2         0x14 c:/program files/microchip/xc16/v2.10/bin/bin/../../lib\libc99-pic30-elf.a(extendsfdf.XX_o)
 .debug_abbrev    0x0014c6         0x14 c:/program files/microchip/xc16/v2.10/bin/bin/../../lib\libc99-pic30-elf.a(fixdfsi.XX_o)
 .debug_abbrev    0x0014da         0x14 c:/program files/microchip/xc16/v2.10/bin/bin/../../lib\libc99-pic30-elf.a(fixsfsi.XX_o)
 .debug_abbrev    0x0014ee         0x14 c:/program files/microchip/xc16/v2.10/bin/bin/../../lib\libc99-pic30-elf.a(fixunsdfdi.XX_o)
 .debug_abbrev    0x001502         0x14 c:/program files/microchip/xc16/v2.10/bin/bin/../../lib\libc99-pic30-elf.a(fixunsdfsi.XX_o)
 .debug_abbrev    0x001516         0x14 c:/program files/microchip/xc16/v2.10/bin/bin/../../lib\libc99-pic30-elf.a(floatsidf.XX_o)
 .debug_abbrev    0x00152a         0x14 c:/program files/microchip/xc16/v2.10/bin/bin/../../lib\libc99-pic30-elf.a(floatsisf.XX_o)
 .debug_abbrev    0x00153e         0x14 c:/program files/microchip/xc16/v2.10/bin/bin/../../lib\libc99-pic30-elf.a(floatunsidf.XX_o)
 .debug_abbrev    0x001552         0x14 c:/program files/microchip/xc16/v2.10/bin/bin/../../lib\libc99-pic30-elf.a(floatunsisf.XX_o)
 .debug_abbrev    0x001566         0x14 c:/program files/microchip/xc16/v2.10/bin/bin/../../lib\libc99-pic30-elf.a(funpack.XX_o)
 .debug_abbrev    0x00157a         0x14 c:/program files/microchip/xc16/v2.10/bin/bin/../../lib\libc99-pic30-elf.a(truncdfsf.XX_o)
 .debug_abbrev    0x00158e         0x14 c:/program files/microchip/xc16/v2.10/bin/bin/../../lib\libc99-pic30-elf.a(dpadd.XX_o)
 .debug_abbrev    0x0015a2         0x14 c:/program files/microchip/xc16/v2.10/bin/bin/../../lib\libc99-pic30-elf.a(dpdiv.XX_o)
 .debug_abbrev    0x0015b6         0x14 c:/program files/microchip/xc16/v2.10/bin/bin/../../lib\libc99-pic30-elf.a(dpmul.XX_o)
 .debug_abbrev    0x0015ca         0x14 c:/program files/microchip/xc16/v2.10/bin/bin/../../lib\libc99-pic30-elf.a(dpsubs.XX_o)
 .debug_abbrev    0x0015de         0x14 c:/program files/microchip/xc16/v2.10/bin/bin/../../lib\libc99-pic30-elf.a(addsf3x.XX_o)
 .debug_abbrev    0x0015f2         0x14 c:/program files/microchip/xc16/v2.10/bin/bin/../../lib\libc99-pic30-elf.a(divsf3x.XX_o)
 .debug_abbrev    0x001606         0x14 c:/program files/microchip/xc16/v2.10/bin/bin/../../lib\libc99-pic30-elf.a(mulsf3x.XX_o)
 .debug_abbrev    0x00161a         0x14 c:/program files/microchip/xc16/v2.10/bin/bin/../../lib\libc99-pic30-elf.a(dnrmpackfx.XX_o)
 .debug_abbrev    0x00162e         0x14 c:/program files/microchip/xc16/v2.10/bin/bin/../../lib\libc99-pic30-elf.a(unpackdnrmfx.XX_o)
 .debug_abbrev    0x001642         0x14 c:/program files/microchip/xc16/v2.10/bin/bin/../../lib\libc99-pic30-elf.a(typefx.XX_o)
 .debug_abbrev    0x001656         0x14 c:/program files/microchip/xc16/v2.10/bin/bin/../../lib\libc99-pic30-elf.a(propnanfx.XX_o)
 .debug_abbrev    0x00166a         0x14 c:/program files/microchip/xc16/v2.10/bin/bin/../../lib\libc99-pic30-elf.a(spackfx.XX_o)
 .debug_abbrev    0x00167e         0x14 c:/program files/microchip/xc16/v2.10/bin/bin/../../lib\libc99-pic30-elf.a(unpackfx.XX_o)
 .debug_abbrev    0x001692         0x14 c:/program files/microchip/xc16/v2.10/bin/bin/../../lib\libc99-pic30-elf.a(dcompare.XX_o)
 .debug_abbrev    0x0016a6         0x14 c:/program files/microchip/xc16/v2.10/bin/bin/../../lib\libc99-pic30-elf.a(dtype.XX_o)
 .debug_abbrev    0x0016ba         0x14 c:/program files/microchip/xc16/v2.10/bin/bin/../../lib\libc99-pic30-elf.a(dunpack.XX_o)
 .debug_abbrev    0x0016ce         0x14 c:/program files/microchip/xc16/v2.10/bin/bin/../../lib\libc99-pic30-elf.a(dunpack2.XX_o)
 .debug_abbrev    0x0016e2         0x14 c:/program files/microchip/xc16/v2.10/bin/bin/../../lib\libc99-pic30-elf.a(floatdidf.XX_o)
 .debug_abbrev    0x0016f6         0x14 c:/program files/microchip/xc16/v2.10/bin/bin/../../lib\libc99-pic30-elf.a(floatdisf.XX_o)
 .debug_abbrev    0x00170a         0x14 c:/program files/microchip/xc16/v2.10/bin/bin/../../lib\libc99-pic30-elf.a(floatundidf.XX_o)
 .debug_abbrev    0x00171e         0x14 c:/program files/microchip/xc16/v2.10/bin/bin/../../lib\libc99-pic30-elf.a(floatundisf.XX_o)
 .debug_abbrev    0x001732         0x14 c:/program files/microchip/xc16/v2.10/bin/bin/../../lib\libc99-pic30-elf.a(fpack.XX_o)
 .debug_abbrev    0x001746         0x14 c:/program files/microchip/xc16/v2.10/bin/bin/../../lib\libc99-pic30-elf.a(dpack.XX_o)
 .debug_abbrev    0x00175a         0x14 c:/program files/microchip/xc16/v2.10/bin/bin/../../lib\libc99-pic30-elf.a(dpropagateNaN.XX_o)
 .debug_abbrev    0x00176e         0x14 c:/program files/microchip/xc16/v2.10/bin/bin/../../lib\libc99-pic30-elf.a(divsi3.XX_o)
 .debug_abbrev    0x001782         0x14 c:/program files/microchip/xc16/v2.10/bin/bin/../../lib\libc99-pic30-elf.a(dne.XX_o)
 .debug_abbrev    0x001796         0x14 c:/program files/microchip/xc16/v2.10/bin/bin/../../lib\libc99-pic30-elf.a(fixdfdi.XX_o)
 .debug_abbrev    0x0017aa         0x14 c:/program files/microchip/xc16/v2.10/bin/bin/../../lib\libc99-pic30-elf.a(udivsi3.XX_o)
 .debug_abbrev    0x0017be         0x14 c:/program files/microchip/xc16/v2.10/bin/bin/../../lib\libc99-pic30-elf.a(umodsi3.XX_o)
 .debug_abbrev    0x0017d2         0x14 c:/program files/microchip/xc16/v2.10/bin/bin/../../lib\libc99-pic30-elf.a(mulsi3.XX_o)
 .debug_abbrev    0x0017e6         0x14 c:/program files/microchip/xc16/v2.10/bin/bin/../../lib\libc99-pic30-elf.a(umuldi3.XX_o)

.debug_line       0x000000       0x2cab
 *(.debug_line)
 .debug_line      0x000000        0x11a build/XC16_dsPIC33FJ128MC804/production/main.o
 .debug_line      0x00011a        0x28c build/XC16_dsPIC33FJ128MC804/production/system.o
 .debug_line      0x0003a6        0x110 build/XC16_dsPIC33FJ128MC804/production/traps.o
 .debug_line      0x0004b6         0x34 build/XC16_dsPIC33FJ128MC804/production/user.o
 .debug_line      0x0004ea        0x167 build/XC16_dsPIC33FJ128MC804/production/interrupts.o
 .debug_line      0x000651        0x273 build/XC16_dsPIC33FJ128MC804/production/gestion_AX12.o
 .debug_line      0x0008c4        0x16f build/XC16_dsPIC33FJ128MC804/production/Uart_1.o
 .debug_line      0x000a33        0x10e build/XC16_dsPIC33FJ128MC804/production/pump.o
 .debug_line      0x000b41        0x141 build/XC16_dsPIC33FJ128MC804/production/pmw.o
 .debug_line      0x000c82        0x30b build/XC16_dsPIC33FJ128MC804/production/serialusM2M.o
 .debug_line      0x000f8d         0x7b build/XC16_dsPIC33FJ128MC804/production/autom.o
 .debug_line      0x001008        0x482 build/XC16_dsPIC33FJ128MC804/production/asserv.o
 .debug_line      0x00148a        0x129 build/XC16_dsPIC33FJ128MC804/production/codeurs.o
 .debug_line      0x0015b3        0x113 build/XC16_dsPIC33FJ128MC804/production/ascenseur_params.o
 .debug_line      0x0016c6        0x301 build/XC16_dsPIC33FJ128MC804/production/ascenseur_asserv.o
 .debug_line      0x0019c7         0x3a c:/program files/microchip/xc16/v2.10/bin/bin/../../lib\libc99-pic30-elf.a(deqltle.XX_o)
 .debug_line      0x001a01         0x38 c:/program files/microchip/xc16/v2.10/bin/bin/../../lib\libc99-pic30-elf.a(dgtge.XX_o)
 .debug_line      0x001a39         0x59 c:/program files/microchip/xc16/v2.10/bin/bin/../../lib\libc99-pic30-elf.a(extendsfdf.XX_o)
 .debug_line      0x001a92         0x61 c:/program files/microchip/xc16/v2.10/bin/bin/../../lib\libc99-pic30-elf.a(fixdfsi.XX_o)
 .debug_line      0x001af3         0x56 c:/program files/microchip/xc16/v2.10/bin/bin/../../lib\libc99-pic30-elf.a(fixsfsi.XX_o)
 .debug_line      0x001b49         0x69 c:/program files/microchip/xc16/v2.10/bin/bin/../../lib\libc99-pic30-elf.a(fixunsdfdi.XX_o)
 .debug_line      0x001bb2         0x5e c:/program files/microchip/xc16/v2.10/bin/bin/../../lib\libc99-pic30-elf.a(fixunsdfsi.XX_o)
 .debug_line      0x001c10         0x3a c:/program files/microchip/xc16/v2.10/bin/bin/../../lib\libc99-pic30-elf.a(floatsidf.XX_o)
 .debug_line      0x001c4a         0x3a c:/program files/microchip/xc16/v2.10/bin/bin/../../lib\libc99-pic30-elf.a(floatsisf.XX_o)
 .debug_line      0x001c84         0x3b c:/program files/microchip/xc16/v2.10/bin/bin/../../lib\libc99-pic30-elf.a(floatunsidf.XX_o)
 .debug_line      0x001cbf         0x3b c:/program files/microchip/xc16/v2.10/bin/bin/../../lib\libc99-pic30-elf.a(floatunsisf.XX_o)
 .debug_line      0x001cfa         0x4a c:/program files/microchip/xc16/v2.10/bin/bin/../../lib\libc99-pic30-elf.a(funpack.XX_o)
 .debug_line      0x001d44         0x66 c:/program files/microchip/xc16/v2.10/bin/bin/../../lib\libc99-pic30-elf.a(truncdfsf.XX_o)
 .debug_line      0x001daa         0xa2 c:/program files/microchip/xc16/v2.10/bin/bin/../../lib\libc99-pic30-elf.a(dpadd.XX_o)
 .debug_line      0x001e4c        0x100 c:/program files/microchip/xc16/v2.10/bin/bin/../../lib\libc99-pic30-elf.a(dpdiv.XX_o)
 .debug_line      0x001f4c         0xde c:/program files/microchip/xc16/v2.10/bin/bin/../../lib\libc99-pic30-elf.a(dpmul.XX_o)
 .debug_line      0x00202a         0xe8 c:/program files/microchip/xc16/v2.10/bin/bin/../../lib\libc99-pic30-elf.a(dpsubs.XX_o)
 .debug_line      0x002112        0x136 c:/program files/microchip/xc16/v2.10/bin/bin/../../lib\libc99-pic30-elf.a(addsf3x.XX_o)
 .debug_line      0x002248        0x124 c:/program files/microchip/xc16/v2.10/bin/bin/../../lib\libc99-pic30-elf.a(divsf3x.XX_o)
 .debug_line      0x00236c         0xcc c:/program files/microchip/xc16/v2.10/bin/bin/../../lib\libc99-pic30-elf.a(mulsf3x.XX_o)
 .debug_line      0x002438         0x72 c:/program files/microchip/xc16/v2.10/bin/bin/../../lib\libc99-pic30-elf.a(dnrmpackfx.XX_o)
 .debug_line      0x0024aa         0x7a c:/program files/microchip/xc16/v2.10/bin/bin/../../lib\libc99-pic30-elf.a(unpackdnrmfx.XX_o)
 .debug_line      0x002524         0x5e c:/program files/microchip/xc16/v2.10/bin/bin/../../lib\libc99-pic30-elf.a(typefx.XX_o)
 .debug_line      0x002582         0x51 c:/program files/microchip/xc16/v2.10/bin/bin/../../lib\libc99-pic30-elf.a(propnanfx.XX_o)
 .debug_line      0x0025d3         0x98 c:/program files/microchip/xc16/v2.10/bin/bin/../../lib\libc99-pic30-elf.a(spackfx.XX_o)
 .debug_line      0x00266b         0x79 c:/program files/microchip/xc16/v2.10/bin/bin/../../lib\libc99-pic30-elf.a(unpackfx.XX_o)
 .debug_line      0x0026e4         0x5f c:/program files/microchip/xc16/v2.10/bin/bin/../../lib\libc99-pic30-elf.a(dcompare.XX_o)
 .debug_line      0x002743         0x45 c:/program files/microchip/xc16/v2.10/bin/bin/../../lib\libc99-pic30-elf.a(dtype.XX_o)
 .debug_line      0x002788         0x5c c:/program files/microchip/xc16/v2.10/bin/bin/../../lib\libc99-pic30-elf.a(dunpack.XX_o)
 .debug_line      0x0027e4         0x53 c:/program files/microchip/xc16/v2.10/bin/bin/../../lib\libc99-pic30-elf.a(dunpack2.XX_o)
 .debug_line      0x002837         0x1a c:/program files/microchip/xc16/v2.10/bin/bin/../../lib\libc99-pic30-elf.a(errno.XX_o)
 .debug_line      0x002851         0x47 c:/program files/microchip/xc16/v2.10/bin/bin/../../lib\libc99-pic30-elf.a(floatdidf.XX_o)
 .debug_line      0x002898         0x47 c:/program files/microchip/xc16/v2.10/bin/bin/../../lib\libc99-pic30-elf.a(floatdisf.XX_o)
 .debug_line      0x0028df         0x68 c:/program files/microchip/xc16/v2.10/bin/bin/../../lib\libc99-pic30-elf.a(floatundidf.XX_o)
 .debug_line      0x002947         0x6c c:/program files/microchip/xc16/v2.10/bin/bin/../../lib\libc99-pic30-elf.a(floatundisf.XX_o)
 .debug_line      0x0029b3         0x5a c:/program files/microchip/xc16/v2.10/bin/bin/../../lib\libc99-pic30-elf.a(fpack.XX_o)
 .debug_line      0x002a0d         0x5f c:/program files/microchip/xc16/v2.10/bin/bin/../../lib\libc99-pic30-elf.a(dpack.XX_o)
 .debug_line      0x002a6c         0x49 c:/program files/microchip/xc16/v2.10/bin/bin/../../lib\libc99-pic30-elf.a(dpropagateNaN.XX_o)
 .debug_line      0x002ab5         0x43 c:/program files/microchip/xc16/v2.10/bin/bin/../../lib\libc99-pic30-elf.a(divsi3.XX_o)
 .debug_line      0x002af8         0x36 c:/program files/microchip/xc16/v2.10/bin/bin/../../lib\libc99-pic30-elf.a(dne.XX_o)
 .debug_line      0x002b2e         0x6f c:/program files/microchip/xc16/v2.10/bin/bin/../../lib\libc99-pic30-elf.a(fixdfdi.XX_o)
 .debug_line      0x002b9d         0x45 c:/program files/microchip/xc16/v2.10/bin/bin/../../lib\libc99-pic30-elf.a(udivsi3.XX_o)
 .debug_line      0x002be2         0x38 c:/program files/microchip/xc16/v2.10/bin/bin/../../lib\libc99-pic30-elf.a(umodsi3.XX_o)
 .debug_line      0x002c1a         0x3a c:/program files/microchip/xc16/v2.10/bin/bin/../../lib\libc99-pic30-elf.a(mulsi3.XX_o)
 .debug_line      0x002c54         0x57 c:/program files/microchip/xc16/v2.10/bin/bin/../../lib\libc99-pic30-elf.a(umuldi3.XX_o)

.debug_frame      0x000000       0x172e
 *(.debug_frame)
 .debug_frame     0x000000         0x2e build/XC16_dsPIC33FJ128MC804/production/main.o
 .debug_frame     0x00002e        0x14c build/XC16_dsPIC33FJ128MC804/production/system.o
 .debug_frame     0x00017a        0x132 build/XC16_dsPIC33FJ128MC804/production/traps.o
 .debug_frame     0x0002ac         0x2e build/XC16_dsPIC33FJ128MC804/production/user.o
 .debug_frame     0x0002da        0x204 build/XC16_dsPIC33FJ128MC804/production/interrupts.o
 .debug_frame     0x0004de        0x3f2 build/XC16_dsPIC33FJ128MC804/production/gestion_AX12.o
 .debug_frame     0x0008d0         0xb0 build/XC16_dsPIC33FJ128MC804/production/Uart_1.o
 .debug_frame     0x000980        0x14c build/XC16_dsPIC33FJ128MC804/production/pump.o
 .debug_frame     0x000acc         0x6a build/XC16_dsPIC33FJ128MC804/production/pmw.o
 .debug_frame     0x000b36        0x382 build/XC16_dsPIC33FJ128MC804/production/serialusM2M.o
 .debug_frame     0x000eb8         0x96 build/XC16_dsPIC33FJ128MC804/production/autom.o
 .debug_frame     0x000f4e        0x492 build/XC16_dsPIC33FJ128MC804/production/asserv.o
 .debug_frame     0x0013e0         0x48 build/XC16_dsPIC33FJ128MC804/production/codeurs.o
 .debug_frame     0x001428         0x96 build/XC16_dsPIC33FJ128MC804/production/ascenseur_params.o
 .debug_frame     0x0014be        0x270 build/XC16_dsPIC33FJ128MC804/production/ascenseur_asserv.o

.debug_str        0x000000        0xa4b
 *(.debug_str)
 .debug_str       0x000000         0x17 build/XC16_dsPIC33FJ128MC804/production/main.o
 .debug_str       0x000017        0x280 build/XC16_dsPIC33FJ128MC804/production/system.o
 .debug_str       0x000297          0xc build/XC16_dsPIC33FJ128MC804/production/traps.o
 .debug_str       0x0002a3         0xda build/XC16_dsPIC33FJ128MC804/production/interrupts.o
 .debug_str       0x00037d         0x71 build/XC16_dsPIC33FJ128MC804/production/gestion_AX12.o
 .debug_str       0x0003ee         0x60 build/XC16_dsPIC33FJ128MC804/production/Uart_1.o
 .debug_str       0x00044e         0x12 build/XC16_dsPIC33FJ128MC804/production/pump.o
 .debug_str       0x000460         0x54 build/XC16_dsPIC33FJ128MC804/production/pmw.o
 .debug_str       0x0004b4         0x53 build/XC16_dsPIC33FJ128MC804/production/serialusM2M.o
 .debug_str       0x000507        0x2c3 build/XC16_dsPIC33FJ128MC804/production/asserv.o
 .debug_str       0x0007ca         0x32 build/XC16_dsPIC33FJ128MC804/production/codeurs.o
 .debug_str       0x0007fc         0x9f build/XC16_dsPIC33FJ128MC804/production/ascenseur_params.o
 .debug_str       0x00089b        0x1b0 build/XC16_dsPIC33FJ128MC804/production/ascenseur_asserv.o

.debug_loc
 *(.debug_loc)

.debug_macinfo
 *(.debug_macinfo)

.debug_pubnames
                  0x000000       0x148e
 *(.debug_pubnames)
 .debug_pubnames
                  0x000000         0x2f build/XC16_dsPIC33FJ128MC804/production/main.o
 .debug_pubnames
                  0x00002f        0x111 build/XC16_dsPIC33FJ128MC804/production/system.o
 .debug_pubnames
                  0x000140         0xdf build/XC16_dsPIC33FJ128MC804/production/traps.o
 .debug_pubnames
                  0x00021f         0x1e build/XC16_dsPIC33FJ128MC804/production/user.o
 .debug_pubnames
                  0x00023d         0xd9 build/XC16_dsPIC33FJ128MC804/production/interrupts.o
 .debug_pubnames
                  0x000316        0x316 build/XC16_dsPIC33FJ128MC804/production/gestion_AX12.o
 .debug_pubnames
                  0x00062c         0x87 build/XC16_dsPIC33FJ128MC804/production/Uart_1.o
 .debug_pubnames
                  0x0006b3        0x114 build/XC16_dsPIC33FJ128MC804/production/pump.o
 .debug_pubnames
                  0x0007c7         0x40 build/XC16_dsPIC33FJ128MC804/production/pmw.o
 .debug_pubnames
                  0x000807        0x1a9 build/XC16_dsPIC33FJ128MC804/production/serialusM2M.o
 .debug_pubnames
                  0x0009b0         0x49 build/XC16_dsPIC33FJ128MC804/production/autom.o
 .debug_pubnames
                  0x0009f9        0x6be build/XC16_dsPIC33FJ128MC804/production/asserv.o
 .debug_pubnames
                  0x0010b7         0x57 build/XC16_dsPIC33FJ128MC804/production/codeurs.o
 .debug_pubnames
                  0x00110e        0x188 build/XC16_dsPIC33FJ128MC804/production/ascenseur_params.o
 .debug_pubnames
                  0x001296        0x1f8 build/XC16_dsPIC33FJ128MC804/production/ascenseur_asserv.o

.debug_ranges
 *(.debug_ranges)

.debug_aranges    0x000000        0x6e8
 *(.debug_aranges)
 .debug_aranges
                  0x000000         0x18 build/XC16_dsPIC33FJ128MC804/production/main.o
 .debug_aranges
                  0x000018         0x18 build/XC16_dsPIC33FJ128MC804/production/system.o
 .debug_aranges
                  0x000030         0x18 build/XC16_dsPIC33FJ128MC804/production/traps.o
 .debug_aranges
                  0x000048         0x18 build/XC16_dsPIC33FJ128MC804/production/user.o
 .debug_aranges
                  0x000060         0x18 build/XC16_dsPIC33FJ128MC804/production/interrupts.o
 .debug_aranges
                  0x000078         0x18 build/XC16_dsPIC33FJ128MC804/production/gestion_AX12.o
 .debug_aranges
                  0x000090         0x18 build/XC16_dsPIC33FJ128MC804/production/Uart_1.o
 .debug_aranges
                  0x0000a8         0x18 build/XC16_dsPIC33FJ128MC804/production/pump.o
 .debug_aranges
                  0x0000c0         0x18 build/XC16_dsPIC33FJ128MC804/production/pmw.o
 .debug_aranges
                  0x0000d8         0x18 build/XC16_dsPIC33FJ128MC804/production/serialusM2M.o
 .debug_aranges
                  0x0000f0         0x18 build/XC16_dsPIC33FJ128MC804/production/autom.o
 .debug_aranges
                  0x000108         0x18 build/XC16_dsPIC33FJ128MC804/production/asserv.o
 .debug_aranges
                  0x000120         0x18 build/XC16_dsPIC33FJ128MC804/production/codeurs.o
 .debug_aranges
                  0x000138         0x18 build/XC16_dsPIC33FJ128MC804/production/ascenseur_params.o
 .debug_aranges
                  0x000150         0x18 build/XC16_dsPIC33FJ128MC804/production/ascenseur_asserv.o
 .debug_aranges
                  0x000168         0x20 c:/program files/microchip/xc16/v2.10/bin/bin/../../lib\libc99-pic30-elf.a(deqltle.XX_o)
 .debug_aranges
                  0x000188         0x20 c:/program files/microchip/xc16/v2.10/bin/bin/../../lib\libc99-pic30-elf.a(dgtge.XX_o)
 .debug_aranges
                  0x0001a8         0x20 c:/program files/microchip/xc16/v2.10/bin/bin/../../lib\libc99-pic30-elf.a(extendsfdf.XX_o)
 .debug_aranges
                  0x0001c8         0x20 c:/program files/microchip/xc16/v2.10/bin/bin/../../lib\libc99-pic30-elf.a(fixdfsi.XX_o)
 .debug_aranges
                  0x0001e8         0x20 c:/program files/microchip/xc16/v2.10/bin/bin/../../lib\libc99-pic30-elf.a(fixsfsi.XX_o)
 .debug_aranges
                  0x000208         0x20 c:/program files/microchip/xc16/v2.10/bin/bin/../../lib\libc99-pic30-elf.a(fixunsdfdi.XX_o)
 .debug_aranges
                  0x000228         0x20 c:/program files/microchip/xc16/v2.10/bin/bin/../../lib\libc99-pic30-elf.a(fixunsdfsi.XX_o)
 .debug_aranges
                  0x000248         0x20 c:/program files/microchip/xc16/v2.10/bin/bin/../../lib\libc99-pic30-elf.a(floatsidf.XX_o)
 .debug_aranges
                  0x000268         0x20 c:/program files/microchip/xc16/v2.10/bin/bin/../../lib\libc99-pic30-elf.a(floatsisf.XX_o)
 .debug_aranges
                  0x000288         0x20 c:/program files/microchip/xc16/v2.10/bin/bin/../../lib\libc99-pic30-elf.a(floatunsidf.XX_o)
 .debug_aranges
                  0x0002a8         0x20 c:/program files/microchip/xc16/v2.10/bin/bin/../../lib\libc99-pic30-elf.a(floatunsisf.XX_o)
 .debug_aranges
                  0x0002c8         0x20 c:/program files/microchip/xc16/v2.10/bin/bin/../../lib\libc99-pic30-elf.a(funpack.XX_o)
 .debug_aranges
                  0x0002e8         0x20 c:/program files/microchip/xc16/v2.10/bin/bin/../../lib\libc99-pic30-elf.a(truncdfsf.XX_o)
 .debug_aranges
                  0x000308         0x20 c:/program files/microchip/xc16/v2.10/bin/bin/../../lib\libc99-pic30-elf.a(dpadd.XX_o)
 .debug_aranges
                  0x000328         0x20 c:/program files/microchip/xc16/v2.10/bin/bin/../../lib\libc99-pic30-elf.a(dpdiv.XX_o)
 .debug_aranges
                  0x000348         0x20 c:/program files/microchip/xc16/v2.10/bin/bin/../../lib\libc99-pic30-elf.a(dpmul.XX_o)
 .debug_aranges
                  0x000368         0x20 c:/program files/microchip/xc16/v2.10/bin/bin/../../lib\libc99-pic30-elf.a(dpsubs.XX_o)
 .debug_aranges
                  0x000388         0x20 c:/program files/microchip/xc16/v2.10/bin/bin/../../lib\libc99-pic30-elf.a(addsf3x.XX_o)
 .debug_aranges
                  0x0003a8         0x20 c:/program files/microchip/xc16/v2.10/bin/bin/../../lib\libc99-pic30-elf.a(divsf3x.XX_o)
 .debug_aranges
                  0x0003c8         0x20 c:/program files/microchip/xc16/v2.10/bin/bin/../../lib\libc99-pic30-elf.a(mulsf3x.XX_o)
 .debug_aranges
                  0x0003e8         0x20 c:/program files/microchip/xc16/v2.10/bin/bin/../../lib\libc99-pic30-elf.a(dnrmpackfx.XX_o)
 .debug_aranges
                  0x000408         0x20 c:/program files/microchip/xc16/v2.10/bin/bin/../../lib\libc99-pic30-elf.a(unpackdnrmfx.XX_o)
 .debug_aranges
                  0x000428         0x20 c:/program files/microchip/xc16/v2.10/bin/bin/../../lib\libc99-pic30-elf.a(typefx.XX_o)
 .debug_aranges
                  0x000448         0x20 c:/program files/microchip/xc16/v2.10/bin/bin/../../lib\libc99-pic30-elf.a(propnanfx.XX_o)
 .debug_aranges
                  0x000468         0x20 c:/program files/microchip/xc16/v2.10/bin/bin/../../lib\libc99-pic30-elf.a(spackfx.XX_o)
 .debug_aranges
                  0x000488         0x20 c:/program files/microchip/xc16/v2.10/bin/bin/../../lib\libc99-pic30-elf.a(unpackfx.XX_o)
 .debug_aranges
                  0x0004a8         0x20 c:/program files/microchip/xc16/v2.10/bin/bin/../../lib\libc99-pic30-elf.a(dcompare.XX_o)
 .debug_aranges
                  0x0004c8         0x20 c:/program files/microchip/xc16/v2.10/bin/bin/../../lib\libc99-pic30-elf.a(dtype.XX_o)
 .debug_aranges
                  0x0004e8         0x20 c:/program files/microchip/xc16/v2.10/bin/bin/../../lib\libc99-pic30-elf.a(dunpack.XX_o)
 .debug_aranges
                  0x000508         0x20 c:/program files/microchip/xc16/v2.10/bin/bin/../../lib\libc99-pic30-elf.a(dunpack2.XX_o)
 .debug_aranges
                  0x000528         0x20 c:/program files/microchip/xc16/v2.10/bin/bin/../../lib\libc99-pic30-elf.a(floatdidf.XX_o)
 .debug_aranges
                  0x000548         0x20 c:/program files/microchip/xc16/v2.10/bin/bin/../../lib\libc99-pic30-elf.a(floatdisf.XX_o)
 .debug_aranges
                  0x000568         0x20 c:/program files/microchip/xc16/v2.10/bin/bin/../../lib\libc99-pic30-elf.a(floatundidf.XX_o)
 .debug_aranges
                  0x000588         0x20 c:/program files/microchip/xc16/v2.10/bin/bin/../../lib\libc99-pic30-elf.a(floatundisf.XX_o)
 .debug_aranges
                  0x0005a8         0x20 c:/program files/microchip/xc16/v2.10/bin/bin/../../lib\libc99-pic30-elf.a(fpack.XX_o)
 .debug_aranges
                  0x0005c8         0x20 c:/program files/microchip/xc16/v2.10/bin/bin/../../lib\libc99-pic30-elf.a(dpack.XX_o)
 .debug_aranges
                  0x0005e8         0x20 c:/program files/microchip/xc16/v2.10/bin/bin/../../lib\libc99-pic30-elf.a(dpropagateNaN.XX_o)
 .debug_aranges
                  0x000608         0x20 c:/program files/microchip/xc16/v2.10/bin/bin/../../lib\libc99-pic30-elf.a(divsi3.XX_o)
 .debug_aranges
                  0x000628         0x20 c:/program files/microchip/xc16/v2.10/bin/bin/../../lib\libc99-pic30-elf.a(dne.XX_o)
 .debug_aranges
                  0x000648         0x20 c:/program files/microchip/xc16/v2.10/bin/bin/../../lib\libc99-pic30-elf.a(fixdfdi.XX_o)
 .debug_aranges
                  0x000668         0x20 c:/program files/microchip/xc16/v2.10/bin/bin/../../lib\libc99-pic30-elf.a(udivsi3.XX_o)
 .debug_aranges
                  0x000688         0x20 c:/program files/microchip/xc16/v2.10/bin/bin/../../lib\libc99-pic30-elf.a(umodsi3.XX_o)
 .debug_aranges
                  0x0006a8         0x20 c:/program files/microchip/xc16/v2.10/bin/bin/../../lib\libc99-pic30-elf.a(mulsi3.XX_o)
 .debug_aranges
                  0x0006c8         0x20 c:/program files/microchip/xc16/v2.10/bin/bin/../../lib\libc99-pic30-elf.a(umuldi3.XX_o)
                    0x0000                  WREG0 = 0x0
                    0x0000                  _WREG0 = 0x0
                    0x0002                  WREG1 = 0x2
                    0x0002                  _WREG1 = 0x2
                    0x0004                  WREG2 = 0x4
                    0x0004                  _WREG2 = 0x4
                    0x0006                  WREG3 = 0x6
                    0x0006                  _WREG3 = 0x6
                    0x0008                  WREG4 = 0x8
                    0x0008                  _WREG4 = 0x8
                    0x000a                  WREG5 = 0xa
                    0x000a                  _WREG5 = 0xa
                    0x000c                  WREG6 = 0xc
                    0x000c                  _WREG6 = 0xc
                    0x000e                  WREG7 = 0xe
                    0x000e                  _WREG7 = 0xe
                    0x0010                  WREG8 = 0x10
                    0x0010                  _WREG8 = 0x10
                    0x0012                  WREG9 = 0x12
                    0x0012                  _WREG9 = 0x12
                    0x0014                  WREG10 = 0x14
                    0x0014                  _WREG10 = 0x14
                    0x0016                  WREG11 = 0x16
                    0x0016                  _WREG11 = 0x16
                    0x0018                  WREG12 = 0x18
                    0x0018                  _WREG12 = 0x18
                    0x001a                  WREG13 = 0x1a
                    0x001a                  _WREG13 = 0x1a
                    0x001c                  WREG14 = 0x1c
                    0x001c                  _WREG14 = 0x1c
                    0x001e                  WREG15 = 0x1e
                    0x001e                  _WREG15 = 0x1e
                    0x0020                  SPLIM = 0x20
                    0x0020                  _SPLIM = 0x20
                    0x0022                  ACCAL = 0x22
                    0x0022                  _ACCAL = 0x22
                    0x0024                  ACCAH = 0x24
                    0x0024                  _ACCAH = 0x24
                    0x0026                  ACCAU = 0x26
                    0x0026                  _ACCAU = 0x26
                    0x0028                  ACCBL = 0x28
                    0x0028                  _ACCBL = 0x28
                    0x002a                  ACCBH = 0x2a
                    0x002a                  _ACCBH = 0x2a
                    0x002c                  ACCBU = 0x2c
                    0x002c                  _ACCBU = 0x2c
                    0x002e                  PCL = 0x2e
                    0x002e                  _PCL = 0x2e
                    0x0030                  PCH = 0x30
                    0x0030                  _PCH = 0x30
                    0x0032                  TBLPAG = 0x32
                    0x0032                  _TBLPAG = 0x32
                    0x0034                  PSVPAG = 0x34
                    0x0034                  _PSVPAG = 0x34
                    0x0036                  RCOUNT = 0x36
                    0x0036                  _RCOUNT = 0x36
                    0x0038                  DCOUNT = 0x38
                    0x0038                  _DCOUNT = 0x38
                    0x003a                  DOSTARTL = 0x3a
                    0x003a                  _DOSTARTL = 0x3a
                    0x003c                  DOSTARTH = 0x3c
                    0x003c                  _DOSTARTH = 0x3c
                    0x003e                  DOENDL = 0x3e
                    0x003e                  _DOENDL = 0x3e
                    0x0040                  DOENDH = 0x40
                    0x0040                  _DOENDH = 0x40
                    0x0042                  SR = 0x42
                    0x0042                  _SR = 0x42
                    0x0042                  _SRbits = 0x42
                    0x0044                  CORCON = 0x44
                    0x0044                  _CORCON = 0x44
                    0x0044                  _CORCONbits = 0x44
                    0x0046                  MODCON = 0x46
                    0x0046                  _MODCON = 0x46
                    0x0046                  _MODCONbits = 0x46
                    0x0048                  XMODSRT = 0x48
                    0x0048                  _XMODSRT = 0x48
                    0x004a                  XMODEND = 0x4a
                    0x004a                  _XMODEND = 0x4a
                    0x004c                  YMODSRT = 0x4c
                    0x004c                  _YMODSRT = 0x4c
                    0x004e                  YMODEND = 0x4e
                    0x004e                  _YMODEND = 0x4e
                    0x0050                  XBREV = 0x50
                    0x0050                  _XBREV = 0x50
                    0x0050                  _XBREVbits = 0x50
                    0x0052                  DISICNT = 0x52
                    0x0052                  _DISICNT = 0x52
                    0x0060                  CNEN1 = 0x60
                    0x0060                  _CNEN1 = 0x60
                    0x0060                  _CNEN1bits = 0x60
                    0x0062                  CNEN2 = 0x62
                    0x0062                  _CNEN2 = 0x62
                    0x0062                  _CNEN2bits = 0x62
                    0x0068                  CNPU1 = 0x68
                    0x0068                  _CNPU1 = 0x68
                    0x0068                  _CNPU1bits = 0x68
                    0x006a                  CNPU2 = 0x6a
                    0x006a                  _CNPU2 = 0x6a
                    0x006a                  _CNPU2bits = 0x6a
                    0x0080                  INTCON1 = 0x80
                    0x0080                  _INTCON1 = 0x80
                    0x0080                  _INTCON1bits = 0x80
                    0x0082                  INTCON2 = 0x82
                    0x0082                  _INTCON2 = 0x82
                    0x0082                  _INTCON2bits = 0x82
                    0x0084                  IFS0 = 0x84
                    0x0084                  _IFS0 = 0x84
                    0x0084                  _IFS0bits = 0x84
                    0x0086                  IFS1 = 0x86
                    0x0086                  _IFS1 = 0x86
                    0x0086                  _IFS1bits = 0x86
                    0x0088                  IFS2 = 0x88
                    0x0088                  _IFS2 = 0x88
                    0x0088                  _IFS2bits = 0x88
                    0x008a                  IFS3 = 0x8a
                    0x008a                  _IFS3 = 0x8a
                    0x008a                  _IFS3bits = 0x8a
                    0x008c                  IFS4 = 0x8c
                    0x008c                  _IFS4 = 0x8c
                    0x008c                  _IFS4bits = 0x8c
                    0x0094                  IEC0 = 0x94
                    0x0094                  _IEC0 = 0x94
                    0x0094                  _IEC0bits = 0x94
                    0x0096                  IEC1 = 0x96
                    0x0096                  _IEC1 = 0x96
                    0x0096                  _IEC1bits = 0x96
                    0x0098                  IEC2 = 0x98
                    0x0098                  _IEC2 = 0x98
                    0x0098                  _IEC2bits = 0x98
                    0x009a                  IEC3 = 0x9a
                    0x009a                  _IEC3 = 0x9a
                    0x009a                  _IEC3bits = 0x9a
                    0x009c                  IEC4 = 0x9c
                    0x009c                  _IEC4 = 0x9c
                    0x009c                  _IEC4bits = 0x9c
                    0x00a4                  IPC0 = 0xa4
                    0x00a4                  _IPC0 = 0xa4
                    0x00a4                  _IPC0bits = 0xa4
                    0x00a6                  IPC1 = 0xa6
                    0x00a6                  _IPC1 = 0xa6
                    0x00a6                  _IPC1bits = 0xa6
                    0x00a8                  IPC2 = 0xa8
                    0x00a8                  _IPC2 = 0xa8
                    0x00a8                  _IPC2bits = 0xa8
                    0x00aa                  IPC3 = 0xaa
                    0x00aa                  _IPC3 = 0xaa
                    0x00aa                  _IPC3bits = 0xaa
                    0x00ac                  IPC4 = 0xac
                    0x00ac                  _IPC4 = 0xac
                    0x00ac                  _IPC4bits = 0xac
                    0x00ae                  IPC5 = 0xae
                    0x00ae                  _IPC5 = 0xae
                    0x00ae                  _IPC5bits = 0xae
                    0x00b0                  IPC6 = 0xb0
                    0x00b0                  _IPC6 = 0xb0
                    0x00b0                  _IPC6bits = 0xb0
                    0x00b2                  IPC7 = 0xb2
                    0x00b2                  _IPC7 = 0xb2
                    0x00b2                  _IPC7bits = 0xb2
                    0x00b4                  IPC8 = 0xb4
                    0x00b4                  _IPC8 = 0xb4
                    0x00b4                  _IPC8bits = 0xb4
                    0x00b6                  IPC9 = 0xb6
                    0x00b6                  _IPC9 = 0xb6
                    0x00b6                  _IPC9bits = 0xb6
                    0x00ba                  IPC11 = 0xba
                    0x00ba                  _IPC11 = 0xba
                    0x00ba                  _IPC11bits = 0xba
                    0x00c0                  IPC14 = 0xc0
                    0x00c0                  _IPC14 = 0xc0
                    0x00c0                  _IPC14bits = 0xc0
                    0x00c2                  IPC15 = 0xc2
                    0x00c2                  _IPC15 = 0xc2
                    0x00c2                  _IPC15bits = 0xc2
                    0x00c4                  IPC16 = 0xc4
                    0x00c4                  _IPC16 = 0xc4
                    0x00c4                  _IPC16bits = 0xc4
                    0x00c6                  IPC17 = 0xc6
                    0x00c6                  _IPC17 = 0xc6
                    0x00c6                  _IPC17bits = 0xc6
                    0x00c8                  IPC18 = 0xc8
                    0x00c8                  _IPC18 = 0xc8
                    0x00c8                  _IPC18bits = 0xc8
                    0x00ca                  IPC19 = 0xca
                    0x00ca                  _IPC19 = 0xca
                    0x00ca                  _IPC19bits = 0xca
                    0x00e0                  INTTREG = 0xe0
                    0x00e0                  _INTTREG = 0xe0
                    0x00e0                  _INTTREGbits = 0xe0
                    0x0100                  TMR1 = 0x100
                    0x0100                  _TMR1 = 0x100
                    0x0102                  PR1 = 0x102
                    0x0102                  _PR1 = 0x102
                    0x0104                  T1CON = 0x104
                    0x0104                  _T1CON = 0x104
                    0x0104                  _T1CONbits = 0x104
                    0x0106                  TMR2 = 0x106
                    0x0106                  _TMR2 = 0x106
                    0x0108                  TMR3HLD = 0x108
                    0x0108                  _TMR3HLD = 0x108
                    0x010a                  TMR3 = 0x10a
                    0x010a                  _TMR3 = 0x10a
                    0x010c                  PR2 = 0x10c
                    0x010c                  _PR2 = 0x10c
                    0x010e                  PR3 = 0x10e
                    0x010e                  _PR3 = 0x10e
                    0x0110                  T2CON = 0x110
                    0x0110                  _T2CON = 0x110
                    0x0110                  _T2CONbits = 0x110
                    0x0112                  T3CON = 0x112
                    0x0112                  _T3CON = 0x112
                    0x0112                  _T3CONbits = 0x112
                    0x0114                  TMR4 = 0x114
                    0x0114                  _TMR4 = 0x114
                    0x0116                  TMR5HLD = 0x116
                    0x0116                  _TMR5HLD = 0x116
                    0x0118                  TMR5 = 0x118
                    0x0118                  _TMR5 = 0x118
                    0x011a                  PR4 = 0x11a
                    0x011a                  _PR4 = 0x11a
                    0x011c                  PR5 = 0x11c
                    0x011c                  _PR5 = 0x11c
                    0x011e                  T4CON = 0x11e
                    0x011e                  _T4CON = 0x11e
                    0x011e                  _T4CONbits = 0x11e
                    0x0120                  T5CON = 0x120
                    0x0120                  _T5CON = 0x120
                    0x0120                  _T5CONbits = 0x120
                    0x0140                  IC1BUF = 0x140
                    0x0140                  _IC1BUF = 0x140
                    0x0142                  IC1CON = 0x142
                    0x0142                  _IC1CON = 0x142
                    0x0142                  _IC1CONbits = 0x142
                    0x0144                  IC2BUF = 0x144
                    0x0144                  _IC2BUF = 0x144
                    0x0146                  IC2CON = 0x146
                    0x0146                  _IC2CON = 0x146
                    0x0146                  _IC2CONbits = 0x146
                    0x0158                  IC7BUF = 0x158
                    0x0158                  _IC7BUF = 0x158
                    0x015a                  IC7CON = 0x15a
                    0x015a                  _IC7CON = 0x15a
                    0x015a                  _IC7CONbits = 0x15a
                    0x015c                  IC8BUF = 0x15c
                    0x015c                  _IC8BUF = 0x15c
                    0x015e                  IC8CON = 0x15e
                    0x015e                  _IC8CON = 0x15e
                    0x015e                  _IC8CONbits = 0x15e
                    0x0180                  OC1RS = 0x180
                    0x0180                  _OC1RS = 0x180
                    0x0182                  OC1R = 0x182
                    0x0182                  _OC1R = 0x182
                    0x0184                  OC1CON = 0x184
                    0x0184                  _OC1CON = 0x184
                    0x0184                  _OC1CONbits = 0x184
                    0x0186                  OC2RS = 0x186
                    0x0186                  _OC2RS = 0x186
                    0x0188                  OC2R = 0x188
                    0x0188                  _OC2R = 0x188
                    0x018a                  OC2CON = 0x18a
                    0x018a                  _OC2CON = 0x18a
                    0x018a                  _OC2CONbits = 0x18a
                    0x018c                  OC3RS = 0x18c
                    0x018c                  _OC3RS = 0x18c
                    0x018e                  OC3R = 0x18e
                    0x018e                  _OC3R = 0x18e
                    0x0190                  OC3CON = 0x190
                    0x0190                  _OC3CON = 0x190
                    0x0190                  _OC3CONbits = 0x190
                    0x0192                  OC4RS = 0x192
                    0x0192                  _OC4RS = 0x192
                    0x0194                  OC4R = 0x194
                    0x0194                  _OC4R = 0x194
                    0x0196                  OC4CON = 0x196
                    0x0196                  _OC4CON = 0x196
                    0x0196                  _OC4CONbits = 0x196
                    0x01c0                  P1TCON = 0x1c0
                    0x01c0                  _P1TCON = 0x1c0
                    0x01c0                  _P1TCONbits = 0x1c0
                    0x01c0                  PTCON = 0x1c0
                    0x01c0                  _PTCON = 0x1c0
                    0x01c0                  _PTCONbits = 0x1c0
                    0x01c2                  P1TMR = 0x1c2
                    0x01c2                  _P1TMR = 0x1c2
                    0x01c2                  _P1TMRbits = 0x1c2
                    0x01c2                  PTMR = 0x1c2
                    0x01c2                  _PTMR = 0x1c2
                    0x01c2                  _PTMRbits = 0x1c2
                    0x01c4                  P1TPER = 0x1c4
                    0x01c4                  _P1TPER = 0x1c4
                    0x01c4                  _P1TPERbits = 0x1c4
                    0x01c4                  PTPER = 0x1c4
                    0x01c4                  _PTPER = 0x1c4
                    0x01c4                  _PTPERbits = 0x1c4
                    0x01c6                  P1SECMP = 0x1c6
                    0x01c6                  _P1SECMP = 0x1c6
                    0x01c6                  _P1SECMPbits = 0x1c6
                    0x01c6                  SEVTCMP = 0x1c6
                    0x01c6                  _SEVTCMP = 0x1c6
                    0x01c6                  _SEVTCMPbits = 0x1c6
                    0x01c8                  PWM1CON1 = 0x1c8
                    0x01c8                  _PWM1CON1 = 0x1c8
                    0x01c8                  _PWM1CON1bits = 0x1c8
                    0x01c8                  PWMCON1 = 0x1c8
                    0x01c8                  _PWMCON1 = 0x1c8
                    0x01c8                  _PWMCON1bits = 0x1c8
                    0x01ca                  PWM1CON2 = 0x1ca
                    0x01ca                  _PWM1CON2 = 0x1ca
                    0x01ca                  _PWM1CON2bits = 0x1ca
                    0x01ca                  PWMCON2 = 0x1ca
                    0x01ca                  _PWMCON2 = 0x1ca
                    0x01ca                  _PWMCON2bits = 0x1ca
                    0x01cc                  DTCON1 = 0x1cc
                    0x01cc                  _DTCON1 = 0x1cc
                    0x01cc                  _DTCON1bits = 0x1cc
                    0x01cc                  P1DTCON1 = 0x1cc
                    0x01cc                  _P1DTCON1 = 0x1cc
                    0x01cc                  _P1DTCON1bits = 0x1cc
                    0x01ce                  DTCON2 = 0x1ce
                    0x01ce                  _DTCON2 = 0x1ce
                    0x01ce                  _DTCON2bits = 0x1ce
                    0x01ce                  P1DTCON2 = 0x1ce
                    0x01ce                  _P1DTCON2 = 0x1ce
                    0x01ce                  _P1DTCON2bits = 0x1ce
                    0x01d0                  FLTACON = 0x1d0
                    0x01d0                  _FLTACON = 0x1d0
                    0x01d0                  _FLTACONbits = 0x1d0
                    0x01d0                  P1FLTACON = 0x1d0
                    0x01d0                  _P1FLTACON = 0x1d0
                    0x01d0                  _P1FLTACONbits = 0x1d0
                    0x01d4                  OVDCON = 0x1d4
                    0x01d4                  _OVDCON = 0x1d4
                    0x01d4                  _OVDCONbits = 0x1d4
                    0x01d4                  P1OVDCON = 0x1d4
                    0x01d4                  _P1OVDCON = 0x1d4
                    0x01d4                  _P1OVDCONbits = 0x1d4
                    0x01d6                  P1DC1 = 0x1d6
                    0x01d6                  _P1DC1 = 0x1d6
                    0x01d6                  PDC1 = 0x1d6
                    0x01d6                  _PDC1 = 0x1d6
                    0x01d8                  P1DC2 = 0x1d8
                    0x01d8                  _P1DC2 = 0x1d8
                    0x01d8                  PDC2 = 0x1d8
                    0x01d8                  _PDC2 = 0x1d8
                    0x01da                  P1DC3 = 0x1da
                    0x01da                  _P1DC3 = 0x1da
                    0x01da                  PDC3 = 0x1da
                    0x01da                  _PDC3 = 0x1da
                    0x01e0                  QEI1CON = 0x1e0
                    0x01e0                  _QEI1CON = 0x1e0
                    0x01e0                  _QEI1CONbits = 0x1e0
                    0x01e0                  QEICON = 0x1e0
                    0x01e0                  _QEICON = 0x1e0
                    0x01e0                  _QEICONbits = 0x1e0
                    0x01e2                  DFLT1CON = 0x1e2
                    0x01e2                  _DFLT1CON = 0x1e2
                    0x01e2                  _DFLT1CONbits = 0x1e2
                    0x01e2                  DFLTCON = 0x1e2